Component: Arm Compiler for Embedded 6.24 Tool: armlink [5f371500]

==============================================================================

Section Cross References

    stm32f4xx_nucleo_144.o(.ARM.exidx.text.BSP_GetVersion) refers to stm32f4xx_nucleo_144.o(.text.BSP_GetVersion) for [Anonymous Symbol]
    stm32f4xx_nucleo_144.o(.text.BSP_LED_Init) refers to stm32f4xx_nucleo_144.o(.rodata.GPIO_PIN) for GPIO_PIN
    stm32f4xx_nucleo_144.o(.text.BSP_LED_Init) refers to stm32f4xx_nucleo_144.o(.data.GPIO_PORT) for GPIO_PORT
    stm32f4xx_nucleo_144.o(.text.BSP_LED_Init) refers to stm32f4xx_hal_gpio.o(.text.HAL_GPIO_Init) for HAL_GPIO_Init
    stm32f4xx_nucleo_144.o(.text.BSP_LED_Init) refers to stm32f4xx_hal_gpio.o(.text.HAL_GPIO_WritePin) for HAL_GPIO_WritePin
    stm32f4xx_nucleo_144.o(.ARM.exidx.text.BSP_LED_Init) refers to stm32f4xx_nucleo_144.o(.text.BSP_LED_Init) for [Anonymous Symbol]
    stm32f4xx_nucleo_144.o(.text.BSP_LED_DeInit) refers to stm32f4xx_nucleo_144.o(.data.GPIO_PORT) for GPIO_PORT
    stm32f4xx_nucleo_144.o(.text.BSP_LED_DeInit) refers to stm32f4xx_nucleo_144.o(.rodata.GPIO_PIN) for GPIO_PIN
    stm32f4xx_nucleo_144.o(.text.BSP_LED_DeInit) refers to stm32f4xx_hal_gpio.o(.text.HAL_GPIO_WritePin) for HAL_GPIO_WritePin
    stm32f4xx_nucleo_144.o(.text.BSP_LED_DeInit) refers to stm32f4xx_hal_gpio.o(.text.HAL_GPIO_DeInit) for HAL_GPIO_DeInit
    stm32f4xx_nucleo_144.o(.ARM.exidx.text.BSP_LED_DeInit) refers to stm32f4xx_nucleo_144.o(.text.BSP_LED_DeInit) for [Anonymous Symbol]
    stm32f4xx_nucleo_144.o(.text.BSP_LED_On) refers to stm32f4xx_nucleo_144.o(.data.GPIO_PORT) for GPIO_PORT
    stm32f4xx_nucleo_144.o(.text.BSP_LED_On) refers to stm32f4xx_nucleo_144.o(.rodata.GPIO_PIN) for GPIO_PIN
    stm32f4xx_nucleo_144.o(.text.BSP_LED_On) refers to stm32f4xx_hal_gpio.o(.text.HAL_GPIO_WritePin) for HAL_GPIO_WritePin
    stm32f4xx_nucleo_144.o(.ARM.exidx.text.BSP_LED_On) refers to stm32f4xx_nucleo_144.o(.text.BSP_LED_On) for [Anonymous Symbol]
    stm32f4xx_nucleo_144.o(.text.BSP_LED_Off) refers to stm32f4xx_nucleo_144.o(.data.GPIO_PORT) for GPIO_PORT
    stm32f4xx_nucleo_144.o(.text.BSP_LED_Off) refers to stm32f4xx_nucleo_144.o(.rodata.GPIO_PIN) for GPIO_PIN
    stm32f4xx_nucleo_144.o(.text.BSP_LED_Off) refers to stm32f4xx_hal_gpio.o(.text.HAL_GPIO_WritePin) for HAL_GPIO_WritePin
    stm32f4xx_nucleo_144.o(.ARM.exidx.text.BSP_LED_Off) refers to stm32f4xx_nucleo_144.o(.text.BSP_LED_Off) for [Anonymous Symbol]
    stm32f4xx_nucleo_144.o(.text.BSP_LED_Toggle) refers to stm32f4xx_nucleo_144.o(.data.GPIO_PORT) for GPIO_PORT
    stm32f4xx_nucleo_144.o(.text.BSP_LED_Toggle) refers to stm32f4xx_nucleo_144.o(.rodata.GPIO_PIN) for GPIO_PIN
    stm32f4xx_nucleo_144.o(.text.BSP_LED_Toggle) refers to stm32f4xx_hal_gpio.o(.text.HAL_GPIO_TogglePin) for HAL_GPIO_TogglePin
    stm32f4xx_nucleo_144.o(.ARM.exidx.text.BSP_LED_Toggle) refers to stm32f4xx_nucleo_144.o(.text.BSP_LED_Toggle) for [Anonymous Symbol]
    stm32f4xx_nucleo_144.o(.text.BSP_PB_Init) refers to stm32f4xx_nucleo_144.o(.rodata.BUTTON_PIN) for BUTTON_PIN
    stm32f4xx_nucleo_144.o(.text.BSP_PB_Init) refers to stm32f4xx_nucleo_144.o(.data.BUTTON_PORT) for BUTTON_PORT
    stm32f4xx_nucleo_144.o(.text.BSP_PB_Init) refers to stm32f4xx_hal_gpio.o(.text.HAL_GPIO_Init) for HAL_GPIO_Init
    stm32f4xx_nucleo_144.o(.text.BSP_PB_Init) refers to stm32f4xx_nucleo_144.o(.rodata.BUTTON_IRQn) for BUTTON_IRQn
    stm32f4xx_nucleo_144.o(.text.BSP_PB_Init) refers to stm32f4xx_hal_cortex.o(.text.HAL_NVIC_SetPriority) for HAL_NVIC_SetPriority
    stm32f4xx_nucleo_144.o(.text.BSP_PB_Init) refers to stm32f4xx_hal_cortex.o(.text.HAL_NVIC_EnableIRQ) for HAL_NVIC_EnableIRQ
    stm32f4xx_nucleo_144.o(.ARM.exidx.text.BSP_PB_Init) refers to stm32f4xx_nucleo_144.o(.text.BSP_PB_Init) for [Anonymous Symbol]
    stm32f4xx_nucleo_144.o(.text.BSP_PB_DeInit) refers to stm32f4xx_nucleo_144.o(.rodata.BUTTON_PIN) for BUTTON_PIN
    stm32f4xx_nucleo_144.o(.text.BSP_PB_DeInit) refers to stm32f4xx_nucleo_144.o(.rodata.BUTTON_IRQn) for BUTTON_IRQn
    stm32f4xx_nucleo_144.o(.text.BSP_PB_DeInit) refers to stm32f4xx_hal_cortex.o(.text.HAL_NVIC_DisableIRQ) for HAL_NVIC_DisableIRQ
    stm32f4xx_nucleo_144.o(.text.BSP_PB_DeInit) refers to stm32f4xx_nucleo_144.o(.data.BUTTON_PORT) for BUTTON_PORT
    stm32f4xx_nucleo_144.o(.text.BSP_PB_DeInit) refers to stm32f4xx_hal_gpio.o(.text.HAL_GPIO_DeInit) for HAL_GPIO_DeInit
    stm32f4xx_nucleo_144.o(.ARM.exidx.text.BSP_PB_DeInit) refers to stm32f4xx_nucleo_144.o(.text.BSP_PB_DeInit) for [Anonymous Symbol]
    stm32f4xx_nucleo_144.o(.text.BSP_PB_GetState) refers to stm32f4xx_nucleo_144.o(.data.BUTTON_PORT) for BUTTON_PORT
    stm32f4xx_nucleo_144.o(.text.BSP_PB_GetState) refers to stm32f4xx_nucleo_144.o(.rodata.BUTTON_PIN) for BUTTON_PIN
    stm32f4xx_nucleo_144.o(.text.BSP_PB_GetState) refers to stm32f4xx_hal_gpio.o(.text.HAL_GPIO_ReadPin) for HAL_GPIO_ReadPin
[...]
    stats_init                               0x0800ed59   Thumb Code     2  stats.o(.text.stats_init)
    stdinout_init                            0x0800ed5d   Thumb Code   174  stdinout_USART.o(.text.stdinout_init)
    sys_check_timeouts                       0x0800ee55   Thumb Code   138  timeouts.o(.text.sys_check_timeouts)
    sys_now                                  0x0800eee1   Thumb Code     8  sys_arch.o(.text.sys_now)
    sys_timeout                              0x0800eee9   Thumb Code    92  timeouts.o(.text.sys_timeout)
    sys_timeouts_init                        0x0800f05d   Thumb Code    62  timeouts.o(.text.sys_timeouts_init)
    tcp_abandon                              0x0800f09d   Thumb Code   430  tcp.o(.text.tcp_abandon)
    tcp_abort                                0x0800f24d   Thumb Code    18  tcp.o(.text.tcp_abort)
    tcp_alloc                                0x0800f261   Thumb Code   370  tcp.o(.text.tcp_alloc)
    tcp_close                                0x0800f421   Thumb Code    72  tcp.o(.text.tcp_close)
    tcp_eff_send_mss_netif                   0x0800f96d   Thumb Code   202  tcp.o(.text.tcp_eff_send_mss_netif)
    tcp_enqueue_flags                        0x0800fa39   Thumb Code   746  tcp_out.o(.text.tcp_enqueue_flags)
    tcp_fasttmr                              0x0800fd25   Thumb Code   224  tcp.o(.text.tcp_fasttmr)
    tcp_free                                 0x0800fe05   Thumb Code    74  tcp.o(.text.tcp_free)
    tcp_init                                 0x080100a5   Thumb Code     2  tcp.o(.text.tcp_init)
    tcp_input                                0x080100a9   Thumb Code  2882  tcp_in.o(.text.tcp_input)
    tcp_keepalive                            0x08010c8d   Thumb Code   158  tcp_out.o(.text.tcp_keepalive)
    tcp_netif_ip_addr_changed                0x08011211   Thumb Code   130  tcp.o(.text.tcp_netif_ip_addr_changed)
    tcp_next_iss                             0x0801130d   Thumb Code    90  tcp.o(.text.tcp_next_iss)
    tcp_output                               0x08011369   Thumb Code  1182  tcp_out.o(.text.tcp_output)
    tcp_pcb_purge                            0x08012155   Thumb Code   142  tcp.o(.text.tcp_pcb_purge)
    tcp_pcb_remove                           0x080121e5   Thumb Code   398  tcp.o(.text.tcp_pcb_remove)
    tcp_process_refused_data                 0x08012dd1   Thumb Code   262  tcp.o(.text.tcp_process_refused_data)
    tcp_recv_null                            0x08013915   Thumb Code    94  tcp.o(.text.tcp_recv_null)
    tcp_recved                               0x08013975   Thumb Code   180  tcp.o(.text.tcp_recved)
    tcp_rexmit                               0x08013a99   Thumb Code   246  tcp_out.o(.text.tcp_rexmit)
    tcp_rexmit_fast                          0x08013b91   Thumb Code   194  tcp_out.o(.text.tcp_rexmit_fast)
    tcp_rexmit_rto                           0x08013c55   Thumb Code    82  tcp_out.o(.text.tcp_rexmit_rto)
    tcp_rexmit_rto_commit                    0x08013ca9   Thumb Code    96  tcp_out.o(.text.tcp_rexmit_rto_commit)
    tcp_rexmit_rto_prepare                   0x08013d09   Thumb Code   248  tcp_out.o(.text.tcp_rexmit_rto_prepare)
    tcp_rst                                  0x08013e35   Thumb Code    98  tcp_out.o(.text.tcp_rst)
    tcp_rst_netif                            0x08013f99   Thumb Code   114  tcp_out.o(.text.tcp_rst_netif)
    tcp_seg_free                             0x0801400d   Thumb Code    44  tcp.o(.text.tcp_seg_free)
    tcp_segs_free                            0x08014039   Thumb Code    36  tcp.o(.text.tcp_segs_free)
    tcp_send_empty_ack                       0x0801405d   Thumb Code   246  tcp_out.o(.text.tcp_send_empty_ack)
    tcp_send_fin                             0x08014155   Thumb Code   182  tcp_out.o(.text.tcp_send_fin)
    tcp_slowtmr                              0x0801420d   Thumb Code  2124  tcp.o(.text.tcp_slowtmr)
    tcp_split_unsent_seg                     0x08014a59   Thumb Code   840  tcp_out.o(.text.tcp_split_unsent_seg)
    tcp_timer_needed                         0x08014da1   Thumb Code    76  timeouts.o(.text.tcp_timer_needed)
    tcp_tmr                                  0x08014f29   Thumb Code    34  tcp.o(.text.tcp_tmr)
    tcp_trigger_input_pcb_close              0x08014f4d   Thumb Code    18  tcp_in.o(.text.tcp_trigger_input_pcb_close)
    tcp_update_rcv_ann_wnd                   0x08014f61   Thumb Code   194  tcp.o(.text.tcp_update_rcv_ann_wnd)
    tcp_zero_window_probe                    0x08015025   Thumb Code   362  tcp_out.o(.text.tcp_zero_window_probe)
    udp_bind                                 0x080151dd   Thumb Code   322  udp.o(.text.udp_bind)
    udp_client_init                          0x08015321   Thumb Code   160  udp_client.o(.text.udp_client_init)
    udp_connect                              0x080153c1   Thumb Code   216  udp.o(.text.udp_connect)
    udp_init                                 0x08015499   Thumb Code     2  udp.o(.text.udp_init)
    udp_input                                0x0801549d   Thumb Code   788  udp.o(.text.udp_input)
    udp_netif_ip_addr_changed                0x080158d9   Thumb Code    94  udp.o(.text.udp_netif_ip_addr_changed)
    udp_new                                  0x08015939   Thumb Code    56  udp.o(.text.udp_new)
    udp_recv                                 0x08015a0d   Thumb Code    38  udp.o(.text.udp_recv)
    udp_remove                               0x08015a35   Thumb Code   128  udp.o(.text.udp_remove)
    udp_sendto_if                            0x08015ab5   Thumb Code   198  udp.o(.text.udp_sendto_if)
    udp_sendto_if_src                        0x08015b7d   Thumb Code   468  udp.o(.text.udp_sendto_if_src)
    __0printf                                0x08015d51   Thumb Code    22  printfa.o(i.__0printf)
    __1printf                                0x08015d51   Thumb Code     0  printfa.o(i.__0printf)
    __2printf                                0x08015d51   Thumb Code     0  printfa.o(i.__0printf)
    __c89printf                              0x08015d51   Thumb Code     0  printfa.o(i.__0printf)
    printf                                   0x08015d51   Thumb Code     0  printfa.o(i.__0printf)
    __0snprintf                              0x08015d71   Thumb Code    48  printfa.o(i.__0snprintf)
    __1snprintf                              0x08015d71   Thumb Code     0  printfa.o(i.__0snprintf)
    __2snprintf                              0x08015d71   Thumb Code     0  printfa.o(i.__0snprintf)
    __c89snprintf                            0x08015d71   Thumb Code     0  printfa.o(i.__0snprintf)
    snprintf                                 0x08015d71   Thumb Code     0  printfa.o(i.__0snprintf)
    __scatterload_copy                       0x08015da5   Thumb Code    14  handlers.o(i.__scatterload_copy)
    __scatterload_null                       0x08015db3   Thumb Code     2  handlers.o(i.__scatterload_null)
    __scatterload_zeroinit                   0x08015db5   Thumb Code    14  handlers.o(i.__scatterload_zeroinit)
    fputc                                    0x0801668d   Thumb Code    18  fputc.o(i.fputc)
    free                                     0x080166a1   Thumb Code    76  malloc.o(i.free)
    malloc                                   0x080166f1   Thumb Code    92  malloc.o(i.malloc)
    __ctype_table                            0x0801675c   Data         129  ctype_o.o(.constdata)
    AHBPrescTable                            0x080167e4   Data          16  system_stm32f4xx.o(.rodata.AHBPrescTable)
    APBPrescTable                            0x080167f4   Data           8  system_stm32f4xx.o(.rodata.APBPrescTable)
    Driver_USART3                            0x080167fc   Data          56  USART_STM32F4xx.o(.rodata.Driver_USART3)
    ethbroadcast                             0x08016880   Data           6  ethernet.o(.rodata.ethbroadcast)
    ethzero                                  0x08016886   Data           6  ethernet.o(.rodata.ethzero)
    initCmds                                 0x0801688c   Data         103  LCD_Driver.o(.rodata.initCmds)
    ip_addr_any                              0x080168f4   Data           4  ip4_addr.o(.rodata.ip_addr_any)
    ip_addr_broadcast                        0x080168f8   Data           4  ip4_addr.o(.rodata.ip_addr_broadcast)
    lwip_cyclic_timers                       0x080168fc   Data          48  timeouts.o(.rodata.lwip_cyclic_timers)
    memp_FRAG_PBUF                           0x0801692c   Data          20  memp.o(.rodata.memp_FRAG_PBUF)
    memp_PBUF                                0x08016940   Data          20  memp.o(.rodata.memp_PBUF)
    memp_PBUF_POOL                           0x08016954   Data          20  memp.o(.rodata.memp_PBUF_POOL)
    memp_REASSDATA                           0x08016968   Data          20  memp.o(.rodata.memp_REASSDATA)
    memp_SYS_TIMEOUT                         0x0801697c   Data          20  memp.o(.rodata.memp_SYS_TIMEOUT)
    memp_TCP_PCB                             0x08016990   Data          20  memp.o(.rodata.memp_TCP_PCB)
    memp_TCP_PCB_LISTEN                      0x080169a4   Data          20  memp.o(.rodata.memp_TCP_PCB_LISTEN)
    memp_TCP_SEG                             0x080169b8   Data          20  memp.o(.rodata.memp_TCP_SEG)
    memp_UDP_PCB                             0x080169cc   Data          20  memp.o(.rodata.memp_UDP_PCB)
    memp_pools                               0x080169e0   Data          36  memp.o(.rodata.memp_pools)
    tcp_pcb_lists                            0x08018ba4   Data          16  tcp.o(.rodata.tcp_pcb_lists)
    Region$$Table$$Base                      0x08018bbc   Number         0  anon$$obj.o(Region$$Table)
    Region$$Table$$Limit                     0x08018bdc   Number         0  anon$$obj.o(Region$$Table)
    __stdout                                 0x20000000   Data           4  stdout.o(.data)
    __microlib_freelist                      0x20000004   Data           4  mvars.o(.data)
    __microlib_freelist_initialised          0x20000008   Data           4  mvars.o(.data)
    Font16FLASH                              0x2000000c   Data           8  fontsFLASH.o(.data.Font16FLASH)
    SystemCoreClock                          0x20000014   Data           4  system_stm32f4xx.o(.data.SystemCoreClock)
    packageAvailableBinSem                   0x20000038   Data           4  ethernetif.o(.data.packageAvailableBinSem)
    uwTickFreq                               0x20000046   Data           1  stm32f4xx_hal.o(.data.uwTickFreq)
    uwTickPrio                               0x20000048   Data           4  stm32f4xx_hal.o(.data.uwTickPrio)
    DMARxDscrTab                             0x20000050   Data         160  ethernetif.o(.bss.DMARxDscrTab)
    DMATxDscrTab                             0x200000f0   Data         160  ethernetif.o(.bss.DMATxDscrTab)
    EthHandle                                0x20000190   Data          72  ethernetif.o(.bss.EthHandle)
    Rx_Buff                                  0x200001d8   Data        7620  ethernetif.o(.bss.Rx_Buff)
    Tx_Buff                                  0x20001f9c   Data        7620  ethernetif.o(.bss.Tx_Buff)
    ip_data                                  0x20003f14   Data          24  ip.o(.bss.ip_data)
    its_brd_netif                            0x20003f30   Data          68  lwip_interface.o(.bss.its_brd_netif)
    lwip_stats                               0x20003f78   Data         204  stats.o(.bss.lwip_stats)
    memp_memory_FRAG_PBUF_base               0x20004044   Data         363  memp.o(.bss.memp_memory_FRAG_PBUF_base)
    memp_memory_PBUF_POOL_base               0x200041af   Data        8451  memp.o(.bss.memp_memory_PBUF_POOL_base)
    memp_memory_PBUF_base                    0x200062b2   Data         163  memp.o(.bss.memp_memory_PBUF_base)
    memp_memory_REASSDATA_base               0x20006355   Data         163  memp.o(.bss.memp_memory_REASSDATA_base)
    memp_memory_SYS_TIMEOUT_base             0x200063f8   Data         163  memp.o(.bss.memp_memory_SYS_TIMEOUT_base)
    memp_memory_TCP_PCB_LISTEN_base          0x2000649b   Data         143  memp.o(.bss.memp_memory_TCP_PCB_LISTEN_base)
    memp_memory_TCP_PCB_base                 0x2000652a   Data         863  memp.o(.bss.memp_memory_TCP_PCB_base)
    memp_memory_TCP_SEG_base                 0x20006889   Data         195  memp.o(.bss.memp_memory_TCP_SEG_base)
    memp_memory_UDP_PCB_base                 0x2000694c   Data         131  memp.o(.bss.memp_memory_UDP_PCB_base)
    netif_default                            0x20006acc   Data           4  netif.o(.bss.netif_default)
    netif_list                               0x20006ad0   Data           4  netif.o(.bss.netif_list)
    tcp_active_pcbs                          0x20006b0c   Data           4  tcp.o(.bss.tcp_active_pcbs)
    tcp_active_pcbs_changed                  0x20006b10   Data           1  tcp.o(.bss.tcp_active_pcbs_changed)
    tcp_bound_pcbs                           0x20006b14   Data           4  tcp.o(.bss.tcp_bound_pcbs)
    tcp_input_pcb                            0x20006b18   Data           4  tcp_in.o(.bss.tcp_input_pcb)
    tcp_listen_pcbs                          0x20006b1c   Data           4  tcp.o(.bss.tcp_listen_pcbs)
    tcp_ticks                                0x20006b24   Data           4  tcp.o(.bss.tcp_ticks)
    tcp_tw_pcbs                              0x20006b2c   Data           4  tcp.o(.bss.tcp_tw_pcbs)
    udp_pcbs                                 0x20006b4c   Data           4  udp.o(.bss.udp_pcbs)
    uwTick                                   0x20006b50   Data           4  stm32f4xx_hal.o(.bss.uwTick)
    __heap_base                              0x20006b58   Data           0  startup_stm32f429xx.o(HEAP)
    __heap_limit                             0x20007358   Data           0  startup_stm32f429xx.o(HEAP)
    __initial_sp                             0x20007758   Data           0  startup_stm32f429xx.o(STACK)



==============================================================================

Memory Map of the image

  Image Entry point : 0x080001c1

  Load Region LR_IROM1 (Base: 0x08000000, Size: 0x00018c30, Max: 0x00200000, ABSOLUTE)

    Execution Region ER_IROM1 (Exec base: 0x08000000, Load base: 0x08000000, Size: 0x00018bdc, Max: 0x00200000, ABSOLUTE)

    Exec Addr    Load Addr    Size         Type   Attr      Idx    E Section Name        Object

    0x08000000   0x08000000   0x000001ac   Data   RO           63    RESET               startup_stm32f429xx.o
    0x080001ac   0x080001ac   0x00000000   Code   RO         2590  * .ARM.Collect$$$$00000000  mc_w.l(entry.o)
    0x080001ac   0x080001ac   0x00000004   Code   RO         2709    .ARM.Collect$$$$00000001  mc_w.l(entry2.o)
    0x080001b0   0x080001b0   0x00000004   Code   RO         2712    .ARM.Collect$$$$00000004  mc_w.l(entry5.o)
    0x080001b4   0x080001b4   0x00000000   Code   RO         2714    .ARM.Collect$$$$00000008  mc_w.l(entry7b.o)
    0x080001b4   0x080001b4   0x00000000   Code   RO         2716    .ARM.Collect$$$$0000000A  mc_w.l(entry8b.o)
    0x080001b4   0x080001b4   0x00000008   Code   RO         2717    .ARM.Collect$$$$0000000B  mc_w.l(entry9a.o)
    0x080001bc   0x080001bc   0x00000000   Code   RO         2719    .ARM.Collect$$$$0000000D  mc_w.l(entry10a.o)
    0x080001bc   0x080001bc   0x00000000   Code   RO         2721    .ARM.Collect$$$$0000000F  mc_w.l(entry11a.o)
    0x080001bc   0x080001bc   0x00000004   Code   RO         2710    .ARM.Collect$$$$00002712  mc_w.l(entry2.o)
    0x080001c0   0x080001c0   0x00000024   Code   RO           64  * .text               startup_stm32f429xx.o
    0x080001e4   0x080001e4   0x00000062   Code   RO         2595    .text               mc_w.l(uldiv.o)
    0x08000246   0x08000246   0x00000062   Code   RO         2597    .text               mc_w.l(ldiv.o)
    0x080002a8   0x080002a8   0x00000008   Code   RO         2599    .text               mc_w.l(ctype_o.o)
    0x080002b0   0x080002b0   0x00000040   Code   RO         2631    .text               mc_w.l(memmovea.o)
    0x080002f0   0x080002f0   0x00000024   Code   RO         2633    .text               mc_w.l(memseta.o)
    0x08000314   0x08000314   0x0000000e   Code   RO         2635    .text               mc_w.l(strlen.o)
    0x08000322   0x08000322   0x0000001a   Code   RO         2637    .text               mc_w.l(memcmp.o)
    0x0800033c   0x0800033c   0x0000002c   Code   RO         2737    .text               mc_w.l(uidiv.o)
    0x08000368   0x08000368   0x0000001e   Code   RO         2739    .text               mc_w.l(llshl.o)
    0x08000386   0x08000386   0x00000020   Code   RO         2741    .text               mc_w.l(llushr.o)
    0x080003a6   0x080003a6   0x00000000   Code   RO         2754    .text               mc_w.l(iusefp.o)
    0x080003a6   0x080003a6   0x000000ba   Code   RO         2755    .text               mf_w.l(depilogue.o)
    0x08000460   0x08000460   0x0000014e   Code   RO         2757    .text               mf_w.l(dadd.o)
    0x080005ae   0x080005ae   0x000000e4   Code   RO         2759    .text               mf_w.l(dmul.o)
    0x08000692   0x08000692   0x000000de   Code   RO         2761    .text               mf_w.l(ddiv.o)
    0x08000770   0x08000770   0x00000030   Code   RO         2765    .text               mf_w.l(dfixul.o)
    0x080007a0   0x080007a0   0x00000030   Code   RO         2767    .text               mf_w.l(cdrcmple.o)
    0x080007d0   0x080007d0   0x00000030   Code   RO         2769    .text               mc_w.l(init.o)
    0x08000800   0x08000800   0x00000000   Code   RO         2771    .text               mc_w.l(semi.o)
    0x08000800   0x08000800   0x00000024   Code   RO         2772    .text               mc_w.l(llsshr.o)
    0x08000824   0x08000824   0x00000000   Code   RO         2776    .text               mc_w.l(iusesemip.o)
    0x08000824   0x08000824   0x00000004   Code   RO           91    .text.BusFault_Handler  stm32f4xx_it.o
    0x08000828   0x08000828   0x00000002   Code   RO           97    .text.DebugMon_Handler  stm32f4xx_it.o
    0x0800082a   0x0800082a   0x00000002   PAD
    0x0800082c   0x0800082c   0x00000010   Code   RO         1295    .text.Driver_Delay_ms  LCD_Tools.o
    0x0800083c   0x0800083c   0x00000020   Code   RO         1297    .text.Driver_Delay_us  LCD_Tools.o
    0x0800085c   0x0800085c   0x00000018   Code   RO          901    .text.ETH_DMAReceptionEnable  stm32f4xx_hal_eth.o
    0x08000874   0x08000874   0x00000018   Code   RO          899    .text.ETH_DMATransmissionEnable  stm32f4xx_hal_eth.o
    0x0800088c   0x0800088c   0x0000003a   Code   RO          921    .text.ETH_Delay     stm32f4xx_hal_eth.o
    0x080008c6   0x080008c6   0x00000002   PAD
    0x080008c8   0x080008c8   0x00000038   Code   RO          897    .text.ETH_FlushTransmitFIFO  stm32f4xx_hal_eth.o
    0x08000900   0x08000900   0x00000010   Code   RO          103    .text.ETH_IRQHandler  stm32f4xx_it.o
    0x08000910   0x08000910   0x00000034   Code   RO          919    .text.ETH_MACAddressConfig  stm32f4xx_hal_eth.o
    0x08000944   0x08000944   0x000002da   Code   RO          865    .text.ETH_MACDMAConfig  stm32f4xx_hal_eth.o
    0x08000c1e   0x08000c1e   0x00000002   PAD
    0x08000c20   0x08000c20   0x00000030   Code   RO          895    .text.ETH_MACReceptionEnable  stm32f4xx_hal_eth.o
    0x08000c50   0x08000c50   0x00000030   Code   RO          893    .text.ETH_MACTransmissionEnable  stm32f4xx_hal_eth.o
    0x08000c80   0x08000c80   0x000001da   Code   RO         1518    .text.Enable_GPIO_Clock  USART_STM32F4xx.o
    0x08000e5a   0x08000e5a   0x00000002   PAD
    0x08000e5c   0x08000e5c   0x000000e8   Code   RO         1359    .text.Error_Handler  error.o
    0x08000f44   0x08000f44   0x00000008   Code   RO         1263    .text.GPIO_Init     LCD_GPIO.o
    0x08000f4c   0x08000f4c   0x00000014   Code   RO         1168    .text.GUI_clear     LCD_GUI.o
    0x08000f60   0x08000f60   0x000000bc   Code   RO         1174    .text.GUI_disChar   LCD_GUI.o
    0x0800101c   0x0800101c   0x00000068   Code   RO         1178    .text.GUI_disNum    LCD_GUI.o
    0x08001084   0x08001084   0x00000114   Code   RO         1176    .text.GUI_disStr    LCD_GUI.o
    0x08001198   0x08001198   0x000001aa   Code   RO         1172    .text.GUI_drawRectangle  LCD_GUI.o
    0x08001342   0x08001342   0x00000002   PAD
    0x08001344   0x08001344   0x0000001c   Code   RO         1166    .text.GUI_init      LCD_GUI.o
    0x08001360   0x08001360   0x000000ea   Code   RO          750    .text.HAL_DMA_Abort  stm32f4xx_hal_dma.o
    0x0800144a   0x0800144a   0x00000002   PAD
    0x0800144c   0x0800144c   0x00000042   Code   RO          293    .text.HAL_Delay     stm32f4xx_hal.o
    0x0800148e   0x0800148e   0x00000002   PAD
    0x08001490   0x08001490   0x000000ec   Code   RO          875    .text.HAL_ETH_DMARxDescListInit  stm32f4xx_hal_eth.o
    0x0800157c   0x0800157c   0x000000e2   Code   RO          873    .text.HAL_ETH_DMATxDescListInit  stm32f4xx_hal_eth.o
    0x0800165e   0x0800165e   0x00000002   PAD
    0x08001660   0x08001660   0x00000008   Code   RO          889    .text.HAL_ETH_ErrorCallback  stm32f4xx_hal_eth.o
    0x08001668   0x08001668   0x00000138   Code   RO          881    .text.HAL_ETH_GetReceivedFrame_IT  stm32f4xx_hal_eth.o
    0x080017a0   0x080017a0   0x000000c2   Code   RO          883    .text.HAL_ETH_IRQHandler  stm32f4xx_hal_eth.o
    0x08001862   0x08001862   0x00000002   PAD
    0x08001864   0x08001864   0x0000038c   Code   RO          859    .text.HAL_ETH_Init  stm32f4xx_hal_eth.o
    0x08001bf0   0x08001bf0   0x0000016c   Code   RO         2550    .text.HAL_ETH_MspInit  ethernetif.o
    0x08001d5c   0x08001d5c   0x000000e2   Code   RO          867    .text.HAL_ETH_ReadPHYRegister  stm32f4xx_hal_eth.o
    0x08001e3e   0x08001e3e   0x00000002   PAD
    0x08001e40   0x08001e40   0x00000014   Code   RO         2568    .text.HAL_ETH_RxCpltCallback  ethernetif.o
    0x08001e54   0x08001e54   0x00000072   Code   RO          891    .text.HAL_ETH_Start  stm32f4xx_hal_eth.o
    0x08001ec6   0x08001ec6   0x00000002   PAD
    0x08001ec8   0x08001ec8   0x000001e2   Code   RO          877    .text.HAL_ETH_TransmitFrame  stm32f4xx_hal_eth.o
    0x080020aa   0x080020aa   0x00000002   PAD
    0x080020ac   0x080020ac   0x00000008   Code   RO          887    .text.HAL_ETH_TxCpltCallback  stm32f4xx_hal_eth.o
    0x080020b4   0x080020b4   0x000000e0   Code   RO          863    .text.HAL_ETH_WritePHYRegister  stm32f4xx_hal_eth.o
    0x08002194   0x08002194   0x0000025c   Code   RO          227    .text.HAL_GPIO_DeInit  stm32f4xx_hal_gpio.o
    0x080023f0   0x080023f0   0x000003f0   Code   RO          225    .text.HAL_GPIO_Init  stm32f4xx_hal_gpio.o
    0x080027e0   0x080027e0   0x0000002e   Code   RO          229    .text.HAL_GPIO_ReadPin  stm32f4xx_hal_gpio.o
    0x0800280e   0x0800280e   0x00000002   PAD
    0x08002810   0x08002810   0x00000032   Code   RO          233    .text.HAL_GPIO_TogglePin  stm32f4xx_hal_gpio.o
    0x08002842   0x08002842   0x00000002   PAD
    0x08002844   0x08002844   0x0000002e   Code   RO          231    .text.HAL_GPIO_WritePin  stm32f4xx_hal_gpio.o
    0x08002872   0x08002872   0x00000002   PAD
    0x08002874   0x08002874   0x0000000c   Code   RO          285    .text.HAL_GetTick   stm32f4xx_hal.o
    0x08002880   0x08002880   0x0000001a   Code   RO          283    .text.HAL_IncTick   stm32f4xx_hal.o
    0x0800289a   0x0800289a   0x00000002   PAD
    0x0800289c   0x0800289c   0x0000002e   Code   RO          273    .text.HAL_Init      stm32f4xx_hal.o
    0x080028ca   0x080028ca   0x00000002   PAD
    0x080028cc   0x080028cc   0x00000070   Code   RO          275    .text.HAL_InitTick  stm32f4xx_hal.o
    0x0800293c   0x0800293c   0x00000002   Code   RO          277    .text.HAL_MspInit   stm32f4xx_hal.o
    0x0800293e   0x0800293e   0x00000002   PAD
    0x08002940   0x08002940   0x00000014   Code   RO          129    .text.HAL_NVIC_DisableIRQ  stm32f4xx_hal_cortex.o
    0x08002954   0x08002954   0x00000014   Code   RO          125    .text.HAL_NVIC_EnableIRQ  stm32f4xx_hal_cortex.o
    0x08002968   0x08002968   0x00000032   Code   RO          117    .text.HAL_NVIC_SetPriority  stm32f4xx_hal_cortex.o
    0x0800299a   0x0800299a   0x00000002   PAD
    0x0800299c   0x0800299c   0x00000010   Code   RO          113    .text.HAL_NVIC_SetPriorityGrouping  stm32f4xx_hal_cortex.o
    0x080029ac   0x080029ac   0x000000be   Code   RO          260    .text.HAL_PWREx_EnableOverDrive  stm32f4xx_hal_pwr_ex.o
    0x08002a6a   0x08002a6a   0x00000002   PAD
    0x08002a6c   0x08002a6c   0x00000262   Code   RO          345    .text.HAL_RCC_ClockConfig  stm32f4xx_hal_rcc.o
    0x08002cce   0x08002cce   0x00000002   PAD
    0x08002cd0   0x08002cd0   0x0000000c   Code   RO          355    .text.HAL_RCC_GetHCLKFreq  stm32f4xx_hal_rcc.o
    0x08002cdc   0x08002cdc   0x00000022   Code   RO          357    .text.HAL_RCC_GetPCLK1Freq  stm32f4xx_hal_rcc.o
    0x08002cfe   0x08002cfe   0x00000002   PAD
    0x08002d00   0x08002d00   0x000000e6   Code   RO          347    .text.HAL_RCC_GetSysClockFreq  stm32f4xx_hal_rcc.o
    0x08002de6   0x08002de6   0x00000002   PAD
    0x08002de8   0x08002de8   0x000006a4   Code   RO          343    .text.HAL_RCC_OscConfig  stm32f4xx_hal_rcc.o
    0x0800348c   0x0800348c   0x00000010   Code   RO          137    .text.HAL_SYSTICK_Config  stm32f4xx_hal_cortex.o
    0x0800349c   0x0800349c   0x00000122   Code   RO          838    .text.HAL_TIMEx_MasterConfigSynchronization  stm32f4xx_hal_tim_ex.o
    0x080035be   0x080035be   0x00000002   PAD
    0x080035c0   0x080035c0   0x00000048   Code   RO         1284    .text.HAL_TIM_MspPostInit  LCD_TIM.o
    0x08003608   0x08003608   0x00000144   Code   RO          542    .text.HAL_TIM_PWM_ConfigChannel  stm32f4xx_hal_tim.o
    0x0800374c   0x0800374c   0x00000058   Code   RO          430    .text.HAL_TIM_PWM_Init  stm32f4xx_hal_tim.o
    0x080037a4   0x080037a4   0x0000003e   Code   RO         1278    .text.HAL_TIM_PWM_MspInit  LCD_TIM.o
    0x080037e2   0x080037e2   0x00000002   PAD
    0x080037e4   0x080037e4   0x00000080   Code   RO          438    .text.HAL_TIM_PWM_Start  stm32f4xx_hal_tim.o
    0x08003864   0x08003864   0x00000004   Code   RO           87    .text.HardFault_Handler  stm32f4xx_it.o
    0x08003868   0x08003868   0x000000b6   Code   RO         1299    .text.LCDErrHandler  LCD_Tools.o
    0x0800391e   0x0800391e   0x00000002   PAD
    0x08003920   0x08003920   0x0000004a   Code   RO         1132    .text.LCD_Reset     LCD_Driver.o
    0x0800396a   0x0800396a   0x00000002   PAD
    0x0800396c   0x0800396c   0x00000014   Code   RO         1134    .text.LCD_SetBackLight  LCD_Driver.o
    0x08003980   0x08003980   0x00000022   Code   RO         1138    .text.LCD_SetGramScanWay  LCD_Driver.o
    0x080039a2   0x080039a2   0x00000002   PAD
    0x080039a4   0x080039a4   0x00000048   Code   RO         1140    .text.LCD_WriteCMD  LCD_Driver.o
    0x080039ec   0x080039ec   0x00000056   Code   RO         1136    .text.LCD_WriteCMDList  LCD_Driver.o
    0x08003a42   0x08003a42   0x00000002   PAD
    0x08003a44   0x08003a44   0x00000016   Code   RO         1150    .text.LCD_WriteParam  LCD_Driver.o
    0x08003a5a   0x08003a5a   0x00000002   PAD
    0x08003a5c   0x08003a5c   0x00000070   Code   RO         1146    .text.LCD_WriteParameters  LCD_Driver.o
    0x08003acc   0x08003acc   0x00000022   Code   RO         1152    .text.LCD_clear     LCD_Driver.o
    0x08003aee   0x08003aee   0x00000002   PAD
    0x08003af0   0x08003af0   0x0000018e   Code   RO         1148    .text.LCD_fillRectangleBW  LCD_Driver.o
    0x08003c7e   0x08003c7e   0x00000002   PAD
    0x08003c80   0x08003c80   0x000000ca   Code   RO         1142    .text.LCD_fillRectangleMC  LCD_Driver.o
    0x08003d4a   0x08003d4a   0x00000002   PAD
    0x08003d4c   0x08003d4c   0x00000070   Code   RO         1130    .text.LCD_init      LCD_Driver.o
    0x08003dbc   0x08003dbc   0x00000058   Code   RO         1144    .text.LCD_setWindow  LCD_Driver.o
    0x08003e14   0x08003e14   0x0000019e   Code   RO         1265    .text.MX_GPIO_Init  LCD_GPIO.o
    0x08003fb2   0x08003fb2   0x00000002   PAD
    0x08003fb4   0x08003fb4   0x000000aa   Code   RO         1276    .text.MX_TIM4_Init  LCD_TIM.o
    0x0800405e   0x0800405e   0x00000002   PAD
    0x08004060   0x08004060   0x00000004   Code   RO           89    .text.MemManage_Handler  stm32f4xx_it.o
    0x08004064   0x08004064   0x00000002   Code   RO           85    .text.NMI_Handler   stm32f4xx_it.o
    0x08004066   0x08004066   0x00000002   PAD
    0x08004068   0x08004068   0x0000006c   Code   RO          123    .text.NVIC_EncodePriority  stm32f4xx_hal_cortex.o
    0x080040d4   0x080040d4   0x00000038   Code   RO         1282    .text.PWM_SetValue  LCD_TIM.o
    0x0800410c   0x0800410c   0x00000002   Code   RO           99    .text.PendSV_Handler  stm32f4xx_it.o
    0x0800410e   0x0800410e   0x00000002   PAD
    0x08004110   0x08004110   0x000000b8   Code   RO         1246    .text.SPI4W_Write_Byte  LCD_SPI.o
    0x080041c8   0x080041c8   0x0000004c   Code   RO         1240    .text.SPIInitDevWithoutHAL  LCD_SPI.o
    0x08004214   0x08004214   0x000000da   Code   RO         1238    .text.SPIInitGPIOsWithoutHAL  LCD_SPI.o
    0x080042ee   0x080042ee   0x00000002   PAD
    0x080042f0   0x080042f0   0x0000000e   Code   RO         1236    .text.SPIinit       LCD_SPI.o
    0x080042fe   0x080042fe   0x00000002   PAD
    0x08004300   0x08004300   0x00000002   Code   RO           95    .text.SVC_Handler   stm32f4xx_it.o
    0x08004302   0x08004302   0x00000002   PAD
    0x08004304   0x08004304   0x00000052   Code   RO          139    .text.SysTick_Config  stm32f4xx_hal_cortex.o
    0x08004356   0x08004356   0x00000002   PAD
    0x08004358   0x08004358   0x00000008   Code   RO          101    .text.SysTick_Handler  stm32f4xx_it.o
    0x08004360   0x08004360   0x000000b8   Code   RO         1401    .text.SystemClock_Config  init.o
    0x08004418   0x08004418   0x0000006e   Code   RO           71    .text.SystemInit    system_stm32f4xx.o
    0x08004486   0x08004486   0x00000002   PAD
    0x08004488   0x08004488   0x00000008   Code   RO         1274    .text.TIM4_Init     LCD_TIM.o
    0x08004490   0x08004490   0x0000019a   Code   RO          380    .text.TIM_Base_SetConfig  stm32f4xx_hal_tim.o
    0x0800462a   0x0800462a   0x00000002   PAD
    0x0800462c   0x0800462c   0x00000036   Code   RO          414    .text.TIM_CCxChannelCmd  stm32f4xx_hal_tim.o
    0x08004662   0x08004662   0x00000002   PAD
    0x08004664   0x08004664   0x000000ea   Code   RO          524    .text.TIM_OC1_SetConfig  stm32f4xx_hal_tim.o
    0x0800474e   0x0800474e   0x00000002   PAD
    0x08004750   0x08004750   0x000000f4   Code   RO          526    .text.TIM_OC2_SetConfig  stm32f4xx_hal_tim.o
    0x08004844   0x08004844   0x000000f2   Code   RO          528    .text.TIM_OC3_SetConfig  stm32f4xx_hal_tim.o
    0x08004936   0x08004936   0x00000002   PAD
    0x08004938   0x08004938   0x000000a4   Code   RO          530    .text.TIM_OC4_SetConfig  stm32f4xx_hal_tim.o
    0x080049dc   0x080049dc   0x00000032   Code   RO         1208    .text.TP_InitBasic  LCD_Touch.o
    0x08004a0e   0x08004a0e   0x00000002   PAD
    0x08004a10   0x08004a10   0x0000002a   Code   RO         1210    .text.TP_SetDefaultCalibration  LCD_Touch.o
    0x08004a3a   0x08004a3a   0x00000002   PAD
    0x08004a3c   0x08004a3c   0x0000001c   Code   RO         1506    .text.USART3_Control  USART_STM32F4xx.o
    0x08004a58   0x08004a58   0x00000018   Code   RO         1488    .text.USART3_GetCapabilities  USART_STM32F4xx.o
    0x08004a70   0x08004a70   0x00000018   Code   RO         1512    .text.USART3_GetModemStatus  USART_STM32F4xx.o
    0x08004a88   0x08004a88   0x00000010   Code   RO         1504    .text.USART3_GetRxCount  USART_STM32F4xx.o
    0x08004a98   0x08004a98   0x00000018   Code   RO         1508    .text.USART3_GetStatus  USART_STM32F4xx.o
    0x08004ab0   0x08004ab0   0x00000010   Code   RO         1502    .text.USART3_GetTxCount  USART_STM32F4xx.o
    0x08004ac0   0x08004ac0   0x00000010   Code   RO         1484    .text.USART3_IRQHandler  USART_STM32F4xx.o
    0x08004ad0   0x08004ad0   0x00000018   Code   RO         1490    .text.USART3_Initialize  USART_STM32F4xx.o
    0x08004ae8   0x08004ae8   0x0000001c   Code   RO         1494    .text.USART3_PowerControl  USART_STM32F4xx.o
    0x08004b04   0x08004b04   0x0000001c   Code   RO         1498    .text.USART3_Receive  USART_STM32F4xx.o
    0x08004b20   0x08004b20   0x0000001c   Code   RO         1496    .text.USART3_Send   USART_STM32F4xx.o
    0x08004b3c   0x08004b3c   0x0000001c   Code   RO         1510    .text.USART3_SetModemControl  USART_STM32F4xx.o
    0x08004b58   0x08004b58   0x00000020   Code   RO         1500    .text.USART3_Transfer  USART_STM32F4xx.o
    0x08004b78   0x08004b78   0x00000010   Code   RO         1492    .text.USART3_Uninitialize  USART_STM32F4xx.o
    0x08004b88   0x08004b88   0x00000d86   Code   RO         1540    .text.USART_Control  USART_STM32F4xx.o
    0x0800590e   0x0800590e   0x00000002   PAD
    0x08005910   0x08005910   0x00000010   Code   RO         1514    .text.USART_GetCapabilities  USART_STM32F4xx.o
    0x08005920   0x08005920   0x0000006a   Code   RO         1546    .text.USART_GetModemStatus  USART_STM32F4xx.o
    0x0800598a   0x0800598a   0x00000002   PAD
    0x0800598c   0x0800598c   0x0000000e   Code   RO         1538    .text.USART_GetRxCount  USART_STM32F4xx.o
    0x0800599a   0x0800599a   0x00000002   PAD
    0x0800599c   0x0800599c   0x000000d4   Code   RO         1542    .text.USART_GetStatus  USART_STM32F4xx.o
    0x08005a70   0x08005a70   0x0000000e   Code   RO         1536    .text.USART_GetTxCount  USART_STM32F4xx.o
    0x08005a7e   0x08005a7e   0x00000002   PAD
    0x08005a80   0x08005a80   0x00000402   Code   RO         1482    .text.USART_IRQHandler  USART_STM32F4xx.o
    0x08005e82   0x08005e82   0x00000002   PAD
    0x08005e84   0x08005e84   0x000000e0   Code   RO         1516    .text.USART_Initialize  USART_STM32F4xx.o
    0x08005f64   0x08005f64   0x0000024c   Code   RO         1528    .text.USART_PeripheralReset  USART_STM32F4xx.o
    0x080061b0   0x080061b0   0x0000045e   Code   RO         1522    .text.USART_PowerControl  USART_STM32F4xx.o
    0x0800660e   0x0800660e   0x00000002   PAD
    0x08006610   0x08006610   0x000000e4   Code   RO         1532    .text.USART_Receive  USART_STM32F4xx.o
    0x080066f4   0x080066f4   0x000000b6   Code   RO         1530    .text.USART_Send    USART_STM32F4xx.o
    0x080067aa   0x080067aa   0x00000002   PAD
    0x080067ac   0x080067ac   0x000000e2   Code   RO         1544    .text.USART_SetModemControl  USART_STM32F4xx.o
    0x0800688e   0x0800688e   0x00000002   PAD
    0x08006890   0x08006890   0x00000096   Code   RO         1534    .text.USART_Transfer  USART_STM32F4xx.o
    0x08006926   0x08006926   0x00000002   PAD
    0x08006928   0x08006928   0x000000c0   Code   RO         1520    .text.USART_Uninitialize  USART_STM32F4xx.o
    0x080069e8   0x080069e8   0x00000012   Code   RO         1486    .text.USARTx_GetVersion  USART_STM32F4xx.o
    0x080069fa   0x080069fa   0x00000002   PAD
    0x080069fc   0x080069fc   0x00000004   Code   RO           93    .text.UsageFault_Handler  stm32f4xx_it.o
    0x08006a00   0x08006a00   0x00000030   Code   RO         1524    .text.__NVIC_ClearPendingIRQ  USART_STM32F4xx.o
    0x08006a30   0x08006a30   0x00000038   Code   RO          131    .text.__NVIC_DisableIRQ  stm32f4xx_hal_cortex.o
    0x08006a68   0x08006a68   0x00000030   Code   RO          127    .text.__NVIC_EnableIRQ  stm32f4xx_hal_cortex.o
    0x08006a98   0x08006a98   0x00000030   Code   RO         1526    .text.__NVIC_EnableIRQ  USART_STM32F4xx.o
    0x08006ac8   0x08006ac8   0x00000010   Code   RO          119    .text.__NVIC_GetPriorityGrouping  stm32f4xx_hal_cortex.o
    0x08006ad8   0x08006ad8   0x00000042   Code   RO          121    .text.__NVIC_SetPriority  stm32f4xx_hal_cortex.o
    0x08006b1a   0x08006b1a   0x00000002   PAD
    0x08006b1c   0x08006b1c   0x0000003c   Code   RO          115    .text.__NVIC_SetPriorityGrouping  stm32f4xx_hal_cortex.o
    0x08006b58   0x08006b58   0x0000000e   Code   RO         1624    .text.__isxdigit_helper  ip4_addr.o
    0x08006b66   0x08006b66   0x00000002   PAD
    0x08006b68   0x08006b68   0x0000008c   Code   RO         1673    .text.acd_add       acd.o
    0x08006bf4   0x08006bf4   0x000000d4   Code   RO         1685    .text.acd_arp_reply  acd.o
    0x08006cc8   0x08006cc8   0x00000050   Code   RO         1689    .text.acd_handle_arp_conflict  acd.o
    0x08006d18   0x08006d18   0x0000007a   Code   RO         1691    .text.acd_netif_ip_addr_changed  acd.o
    0x08006d92   0x08006d92   0x00000002   PAD
    0x08006d94   0x08006d94   0x0000005a   Code   RO         1693    .text.acd_put_in_passive_mode  acd.o
    0x08006dee   0x08006dee   0x00000002   PAD
    0x08006df0   0x08006df0   0x0000007e   Code   RO         1675    .text.acd_remove    acd.o
    0x08006e6e   0x08006e6e   0x00000002   PAD
    0x08006e70   0x08006e70   0x0000004a   Code   RO         1687    .text.acd_restart   acd.o
    0x08006eba   0x08006eba   0x00000002   PAD
    0x08006ebc   0x08006ebc   0x00000066   Code   RO         1677    .text.acd_start     acd.o
    0x08006f22   0x08006f22   0x00000002   PAD
    0x08006f24   0x08006f24   0x00000018   Code   RO         1679    .text.acd_stop      acd.o
    0x08006f3c   0x08006f3c   0x0000018c   Code   RO         1683    .text.acd_tmr       acd.o
    0x080070c8   0x080070c8   0x00000020   Code   RO         1098    .text.checkVersionFlashFonts  fontsFLASH.o
    0x080070e8   0x080070e8   0x00000048   Code   RO         1250    .text.check_SPI_SR  LCD_SPI.o
    0x08007130   0x08007130   0x00000028   Code   RO         2471    .text.check_input   lwip_interface.o
    0x08007158   0x08007158   0x0000001c   Code   RO         1466    .text.delay         delay.o
    0x08007174   0x08007174   0x0000019c   Code   RO         1761    .text.dhcp_bind     dhcp.o
    0x08007310   0x08007310   0x00000026   Code   RO         1771    .text.dhcp_check    dhcp.o
    0x08007336   0x08007336   0x00000002   PAD
    0x08007338   0x08007338   0x000000a8   Code   RO         1703    .text.dhcp_coarse_tmr  dhcp.o
    0x080073e0   0x080073e0   0x000000be   Code   RO         1723    .text.dhcp_conflict_callback  dhcp.o
    0x0800749e   0x0800749e   0x00000002   PAD
    0x080074a0   0x080074a0   0x000001bc   Code   RO         1733    .text.dhcp_create_msg  dhcp.o
    0x0800765c   0x0800765c   0x00000074   Code   RO         1721    .text.dhcp_dec_pcb_refcount  dhcp.o
    0x080076d0   0x080076d0   0x000000be   Code   RO         1763    .text.dhcp_decline  dhcp.o
    0x0800778e   0x0800778e   0x00000002   PAD
    0x08007790   0x08007790   0x00000158   Code   RO         1729    .text.dhcp_discover  dhcp.o
    0x080078e8   0x080078e8   0x00000064   Code   RO         1713    .text.dhcp_fine_tmr  dhcp.o
    0x0800794c   0x0800794c   0x000000f0   Code   RO         1769    .text.dhcp_handle_ack  dhcp.o
    0x08007a3c   0x08007a3c   0x00000030   Code   RO         1773    .text.dhcp_handle_nak  dhcp.o
    0x08007a6c   0x08007a6c   0x0000004a   Code   RO         1775    .text.dhcp_handle_offer  dhcp.o
    0x08007ab6   0x08007ab6   0x00000002   PAD
    0x08007ab8   0x08007ab8   0x000000d4   Code   RO         1725    .text.dhcp_inc_pcb_refcount  dhcp.o
    0x08007b8c   0x08007b8c   0x00000080   Code   RO         1735    .text.dhcp_option   dhcp.o
    0x08007c0c   0x08007c0c   0x00000062   Code   RO         1747    .text.dhcp_option_byte  dhcp.o
    0x08007c6e   0x08007c6e   0x00000002   PAD
    0x08007c70   0x08007c70   0x00000096   Code   RO         1751    .text.dhcp_option_long  dhcp.o
    0x08007d06   0x08007d06   0x00000002   PAD
    0x08007d08   0x08007d08   0x00000076   Code   RO         1737    .text.dhcp_option_short  dhcp.o
    0x08007d7e   0x08007d7e   0x00000002   PAD
    0x08007d80   0x08007d80   0x00000072   Code   RO         1739    .text.dhcp_option_trailer  dhcp.o
    0x08007df2   0x08007df2   0x00000002   PAD
    0x08007df4   0x08007df4   0x0000059e   Code   RO         1767    .text.dhcp_parse_reply  dhcp.o
    0x08008392   0x08008392   0x00000002   PAD
    0x08008394   0x08008394   0x0000014a   Code   RO         1759    .text.dhcp_rebind   dhcp.o
    0x080084de   0x080084de   0x00000002   PAD
    0x080084e0   0x080084e0   0x00000182   Code   RO         1743    .text.dhcp_reboot   dhcp.o
    0x08008662   0x08008662   0x00000002   PAD
    0x08008664   0x08008664   0x000001d2   Code   RO         1765    .text.dhcp_recv     dhcp.o
    0x08008836   0x08008836   0x00000002   PAD
    0x08008838   0x08008838   0x0000012a   Code   RO         1705    .text.dhcp_release_and_stop  dhcp.o
    0x08008962   0x08008962   0x00000002   PAD
    0x08008964   0x08008964   0x00000148   Code   RO         1745    .text.dhcp_renew    dhcp.o
    0x08008aac   0x08008aac   0x000001f6   Code   RO         1757    .text.dhcp_select   dhcp.o
    0x08008ca2   0x08008ca2   0x00000002   PAD
    0x08008ca4   0x08008ca4   0x0000002e   Code   RO         1727    .text.dhcp_set_state  dhcp.o
    0x08008cd2   0x08008cd2   0x00000002   PAD
    0x08008cd4   0x08008cd4   0x0000012a   Code   RO         1707    .text.dhcp_start    dhcp.o
    0x08008dfe   0x08008dfe   0x00000002   PAD
    0x08008e00   0x08008e00   0x00000060   Code   RO         1749    .text.dhcp_supplied_address  dhcp.o
    0x08008e60   0x08008e60   0x0000005c   Code   RO         1711    .text.dhcp_t1_timeout  dhcp.o
    0x08008ebc   0x08008ebc   0x00000066   Code   RO         1709    .text.dhcp_t2_timeout  dhcp.o
    0x08008f22   0x08008f22   0x00000002   PAD
    0x08008f24   0x08008f24   0x00000082   Code   RO         1715    .text.dhcp_timeout  dhcp.o
    0x08008fa6   0x08008fa6   0x00000002   PAD
    0x08008fa8   0x08008fa8   0x00000066   Code   RO         1902    .text.do_memp_free_pool  memp.o
    0x0800900e   0x0800900e   0x00000002   PAD
    0x08009010   0x08009010   0x00000098   Code   RO         1896    .text.do_memp_malloc_pool  memp.o
    0x080090a8   0x080090a8   0x0000003c   Code   RO         1821    .text.etharp_acd_announce  etharp.o
    0x080090e4   0x080090e4   0x00000042   Code   RO         1819    .text.etharp_acd_probe  etharp.o
    0x08009126   0x08009126   0x00000002   PAD
    0x08009128   0x08009128   0x00000066   Code   RO         1797    .text.etharp_cleanup_netif  etharp.o
    0x0800918e   0x0800918e   0x00000002   PAD
    0x08009190   0x08009190   0x00000424   Code   RO         1801    .text.etharp_find_entry  etharp.o
    0x080095b4   0x080095b4   0x0000005e   Code   RO         1793    .text.etharp_free_entry  etharp.o
    0x08009612   0x08009612   0x00000002   PAD
    0x08009614   0x08009614   0x00000160   Code   RO         1805    .text.etharp_input  etharp.o
    0x08009774   0x08009774   0x000002ae   Code   RO         1811    .text.etharp_output  etharp.o
    0x08009a22   0x08009a22   0x00000002   PAD
    0x08009a24   0x08009a24   0x0000015e   Code   RO         1813    .text.etharp_output_to_arp_index  etharp.o
    0x08009b82   0x08009b82   0x00000002   PAD
    0x08009b84   0x08009b84   0x000003a8   Code   RO         1815    .text.etharp_query  etharp.o
    0x08009f2c   0x08009f2c   0x00000196   Code   RO         1809    .text.etharp_raw    etharp.o
    0x0800a0c2   0x0800a0c2   0x00000002   PAD
    0x0800a0c4   0x0800a0c4   0x0000001c   Code   RO         1795    .text.etharp_request  etharp.o
    0x0800a0e0   0x0800a0e0   0x0000003e   Code   RO         1817    .text.etharp_request_dst  etharp.o
    0x0800a11e   0x0800a11e   0x00000002   PAD
    0x0800a120   0x0800a120   0x00000150   Code   RO         1791    .text.etharp_tmr    etharp.o
    0x0800a270   0x0800a270   0x00000154   Code   RO         1807    .text.etharp_update_arp_entry  etharp.o
    0x0800a3c4   0x0800a3c4   0x00000162   Code   RO         1575    .text.ethernet_input  ethernet.o
    0x0800a526   0x0800a526   0x00000002   PAD
    0x0800a528   0x0800a528   0x000000c0   Code   RO         1577    .text.ethernet_output  ethernet.o
    0x0800a5e8   0x0800a5e8   0x00000070   Code   RO         2556    .text.ethernetif_init  ethernetif.o
    0x0800a658   0x0800a658   0x00000056   Code   RO         2552    .text.ethernetif_input  ethernetif.o
    0x0800a6ae   0x0800a6ae   0x00000002   PAD
    0x0800a6b0   0x0800a6b0   0x0000001a   Code   RO         1835    .text.icmp_dest_unreach  icmp.o
    0x0800a6ca   0x0800a6ca   0x00000002   PAD
    0x0800a6cc   0x0800a6cc   0x0000033a   Code   RO         1833    .text.icmp_input    icmp.o
    0x0800aa06   0x0800aa06   0x00000002   PAD
    0x0800aa08   0x0800aa08   0x00000108   Code   RO         1837    .text.icmp_send_response  icmp.o
    0x0800ab10   0x0800ab10   0x0000001a   Code   RO         1839    .text.icmp_time_exceeded  icmp.o
    0x0800ab2a   0x0800ab2a   0x00000002   PAD
    0x0800ab2c   0x0800ab2c   0x0000007a   Code   RO         2411    .text.inet_chksum_pbuf  inet_chksum.o
    0x0800aba6   0x0800aba6   0x00000002   PAD
    0x0800aba8   0x0800aba8   0x00000140   Code   RO         1403    .text.initGPIOs     init.o
    0x0800ace8   0x0800ace8   0x00000014   Code   RO         1399    .text.initITSboard  init.o
    0x0800acfc   0x0800acfc   0x00000052   Code   RO         2467    .text.init_lwip_stack  lwip_interface.o
    0x0800ad4e   0x0800ad4e   0x00000002   PAD
    0x0800ad50   0x0800ad50   0x00000084   Code   RO         1616    .text.ip4_addr_isbroadcast_u32  ip4_addr.o
    0x0800add4   0x0800add4   0x00000310   Code   RO         1655    .text.ip4_frag      ip4_frag.o
    0x0800b0e4   0x0800b0e4   0x00000388   Code   RO         1591    .text.ip4_input     ip4.o
    0x0800b46c   0x0800b46c   0x00000062   Code   RO         1593    .text.ip4_input_accept  ip4.o
    0x0800b4ce   0x0800b4ce   0x00000002   PAD
    0x0800b4d0   0x0800b4d0   0x00000070   Code   RO         1595    .text.ip4_output_if  ip4.o
    0x0800b540   0x0800b540   0x000001da   Code   RO         1597    .text.ip4_output_if_src  ip4.o
    0x0800b71a   0x0800b71a   0x00000002   PAD
    0x0800b71c   0x0800b71c   0x000003fa   Code   RO         1645    .text.ip4_reass     ip4_frag.o
    0x0800bb16   0x0800bb16   0x00000002   PAD
    0x0800bb18   0x0800bb18   0x00000132   Code   RO         1589    .text.ip4_route     ip4.o
    0x0800bc4a   0x0800bc4a   0x00000002   PAD
    0x0800bc4c   0x0800bc4c   0x000002aa   Code   RO         1622    .text.ip4addr_aton  ip4_addr.o
    0x0800bef6   0x0800bef6   0x00000002   PAD
    0x0800bef8   0x0800bef8   0x000000fc   Code   RO         1628    .text.ip4addr_ntoa_r  ip4_addr.o
    0x0800bff4   0x0800bff4   0x0000000a   Code   RO         1657    .text.ip_frag_alloc_pbuf_custom_ref  ip4_frag.o
    0x0800bffe   0x0800bffe   0x00000002   PAD
    0x0800c000   0x0800c000   0x00000048   Code   RO         1659    .text.ip_frag_free_pbuf_custom_ref  ip4_frag.o
    0x0800c048   0x0800c048   0x00000378   Code   RO         1651    .text.ip_reass_chain_frag_into_datagram_and_validate  ip4_frag.o
    0x0800c3c0   0x0800c3c0   0x00000076   Code   RO         1653    .text.ip_reass_dequeue_datagram  ip4_frag.o
    0x0800c436   0x0800c436   0x00000002   PAD
    0x0800c438   0x0800c438   0x00000094   Code   RO         1649    .text.ip_reass_enqueue_new_datagram  ip4_frag.o
    0x0800c4cc   0x0800c4cc   0x00000200   Code   RO         1643    .text.ip_reass_free_complete_datagram  ip4_frag.o
    0x0800c6cc   0x0800c6cc   0x000000f6   Code   RO         1647    .text.ip_reass_remove_oldest_datagram  ip4_frag.o
    0x0800c7c2   0x0800c7c2   0x00000002   PAD
    0x0800c7c4   0x0800c7c4   0x00000054   Code   RO         1641    .text.ip_reass_tmr  ip4_frag.o
    0x0800c818   0x0800c818   0x00000096   Code   RO         1661    .text.ipfrag_free_pbuf_custom  ip4_frag.o
    0x0800c8ae   0x0800c8ae   0x00000002   PAD
    0x0800c8b0   0x0800c8b0   0x0000005c   Code   RO         2534    .text.isButtonPressed  input.o
    0x0800c90c   0x0800c90c   0x000000b4   Code   RO         1301    .text.itoa          LCD_Tools.o
    0x0800c9c0   0x0800c9c0   0x0000003a   Code   RO         1381    .text.lcdGotoXY     lcd.o
    0x0800c9fa   0x0800c9fa   0x00000002   PAD
    0x0800c9fc   0x0800c9fc   0x000001d2   Code   RO         1367    .text.lcdPrintS     lcd.o
    0x0800cbce   0x0800cbce   0x00000002   PAD
    0x0800cbd0   0x0800cbd0   0x00000054   Code   RO         1375    .text.lcdPrintlnS   lcd.o
    0x0800cc24   0x0800cc24   0x000000e6   Code   RO         2560    .text.low_level_init  ethernetif.o
    0x0800cd0a   0x0800cd0a   0x00000002   PAD
    0x0800cd0c   0x0800cd0c   0x0000018c   Code   RO         2554    .text.low_level_input  ethernetif.o
    0x0800ce98   0x0800ce98   0x00000144   Code   RO         2558    .text.low_level_output  ethernetif.o
    0x0800cfdc   0x0800cfdc   0x00000070   Code   RO         2326    .text.lwip_cyclic_timer  timeouts.o
    0x0800d04c   0x0800d04c   0x00000020   Code   RO         1851    .text.lwip_htonl    def.o
    0x0800d06c   0x0800d06c   0x00000010   Code   RO         1849    .text.lwip_htons    def.o
    0x0800d07c   0x0800d07c   0x00000030   Code   RO         2421    .text.lwip_init     init.o
    0x0800d0ac   0x0800d0ac   0x000000a8   Code   RO         2395    .text.lwip_standard_chksum  inet_chksum.o
    0x0800d154   0x0800d154   0x00000056   Code   RO         2449    .text.main          main.o
    0x0800d1aa   0x0800d1aa   0x00000002   PAD
    0x0800d1ac   0x0800d1ac   0x00000080   Code   RO         1878    .text.mem_free      mem.o
    0x0800d22c   0x0800d22c   0x00000002   Code   RO         1872    .text.mem_init      mem.o
    0x0800d22e   0x0800d22e   0x00000002   PAD
    0x0800d230   0x0800d230   0x0000005e   Code   RO         1876    .text.mem_malloc    mem.o
    0x0800d28e   0x0800d28e   0x00000002   PAD
    0x0800d290   0x0800d290   0x0000000c   Code   RO         1874    .text.mem_trim      mem.o
    0x0800d29c   0x0800d29c   0x0000003e   Code   RO         1904    .text.memp_free     memp.o
    0x0800d2da   0x0800d2da   0x00000002   PAD
    0x0800d2dc   0x0800d2dc   0x0000005a   Code   RO         1892    .text.memp_init     memp.o
    0x0800d336   0x0800d336   0x00000002   PAD
    0x0800d338   0x0800d338   0x00000062   Code   RO         1890    .text.memp_init_pool  memp.o
    0x0800d39a   0x0800d39a   0x00000002   PAD
    0x0800d39c   0x0800d39c   0x0000003e   Code   RO         1898    .text.memp_malloc   memp.o
    0x0800d3da   0x0800d3da   0x00000002   PAD
    0x0800d3dc   0x0800d3dc   0x0000020c   Code   RO         1957    .text.netif_add     netif.o
    0x0800d5e8   0x0800d5e8   0x00000062   Code   RO         2469    .text.netif_config  lwip_interface.o
    0x0800d64a   0x0800d64a   0x00000002   PAD
    0x0800d64c   0x0800d64c   0x0000001c   Code   RO         1977    .text.netif_do_ip_addr_changed  netif.o
    0x0800d668   0x0800d668   0x00000042   Code   RO         1973    .text.netif_do_set_gw  netif.o
    0x0800d6aa   0x0800d6aa   0x00000002   PAD
    0x0800d6ac   0x0800d6ac   0x000000ee   Code   RO         1965    .text.netif_do_set_ipaddr  netif.o
    0x0800d79a   0x0800d79a   0x00000002   PAD
    0x0800d79c   0x0800d79c   0x00000042   Code   RO         1969    .text.netif_do_set_netmask  netif.o
    0x0800d7de   0x0800d7de   0x00000002   PAD
    0x0800d7e0   0x0800d7e0   0x00000054   Code   RO         2001    .text.netif_get_by_index  netif.o
    0x0800d834   0x0800d834   0x00000002   Code   RO         1951    .text.netif_init    netif.o
    0x0800d836   0x0800d836   0x00000002   PAD
    0x0800d838   0x0800d838   0x00000074   Code   RO         1985    .text.netif_issue_reports  netif.o
    0x0800d8ac   0x0800d8ac   0x00000010   Code   RO         1959    .text.netif_null_output_ip4  netif.o
    0x0800d8bc   0x0800d8bc   0x000000bc   Code   RO         1961    .text.netif_set_addr  netif.o
    0x0800d978   0x0800d978   0x0000001e   Code   RO         1981    .text.netif_set_default  netif.o
    0x0800d996   0x0800d996   0x00000002   PAD
    0x0800d998   0x0800d998   0x00000060   Code   RO         1979    .text.netif_set_down  netif.o
    0x0800d9f8   0x0800d9f8   0x00000052   Code   RO         1983    .text.netif_set_up  netif.o
    0x0800da4a   0x0800da4a   0x00000002   PAD
    0x0800da4c   0x0800da4c   0x00000016   Code   RO         2026    .text.pbuf_add_header  pbuf.o
    0x0800da62   0x0800da62   0x00000002   PAD
    0x0800da64   0x0800da64   0x00000108   Code   RO         2028    .text.pbuf_add_header_impl  pbuf.o
    0x0800db6c   0x0800db6c   0x000002a2   Code   RO         2014    .text.pbuf_alloc    pbuf.o
    0x0800de0e   0x0800de0e   0x00000002   PAD
    0x0800de10   0x0800de10   0x00000092   Code   RO         2016    .text.pbuf_alloc_reference  pbuf.o
    0x0800dea2   0x0800dea2   0x00000002   PAD
    0x0800dea4   0x0800dea4   0x00000090   Code   RO         2022    .text.pbuf_alloced_custom  pbuf.o
    0x0800df34   0x0800df34   0x00000104   Code   RO         2046    .text.pbuf_cat      pbuf.o
    0x0800e038   0x0800e038   0x0000001a   Code   RO         2048    .text.pbuf_chain    pbuf.o
    0x0800e052   0x0800e052   0x00000002   PAD
    0x0800e054   0x0800e054   0x0000002c   Code   RO         2042    .text.pbuf_clen     pbuf.o
    0x0800e080   0x0800e080   0x0000007c   Code   RO         2070    .text.pbuf_clone    pbuf.o
    0x0800e0fc   0x0800e0fc   0x00000034   Code   RO         2052    .text.pbuf_copy     pbuf.o
    0x0800e130   0x0800e130   0x0000011a   Code   RO         2056    .text.pbuf_copy_partial  pbuf.o
    0x0800e24a   0x0800e24a   0x00000002   PAD
    0x0800e24c   0x0800e24c   0x0000022a   Code   RO         2054    .text.pbuf_copy_partial_pbuf  pbuf.o
    0x0800e476   0x0800e476   0x00000002   PAD
    0x0800e478   0x0800e478   0x000001a6   Code   RO         2018    .text.pbuf_free     pbuf.o
    0x0800e61e   0x0800e61e   0x00000002   PAD
    0x0800e620   0x0800e620   0x0000001a   Code   RO         2038    .text.pbuf_header_force  pbuf.o
    0x0800e63a   0x0800e63a   0x00000002   PAD
    0x0800e63c   0x0800e63c   0x00000048   Code   RO         2036    .text.pbuf_header_impl  pbuf.o
    0x0800e684   0x0800e684   0x0000005e   Code   RO         2020    .text.pbuf_init_alloced_pbuf  pbuf.o
    0x0800e6e2   0x0800e6e2   0x00000002   PAD
    0x0800e6e4   0x0800e6e4   0x000001a8   Code   RO         2024    .text.pbuf_realloc  pbuf.o
    0x0800e88c   0x0800e88c   0x00000058   Code   RO         2044    .text.pbuf_ref      pbuf.o
    0x0800e8e4   0x0800e8e4   0x000000bc   Code   RO         2032    .text.pbuf_remove_header  pbuf.o
    0x0800e9a0   0x0800e9a0   0x000000b2   Code   RO         1333    .text.printDebugMsg  LCD_Debug.o
    0x0800ea52   0x0800ea52   0x00000002   PAD
    0x0800ea54   0x0800ea54   0x0000011e   Code   RO         2536    .text.processButtonInput  input.o
    0x0800eb72   0x0800eb72   0x00000002   PAD
    0x0800eb74   0x0800eb74   0x00000076   Code   RO         2538    .text.processKeypadInput  input.o
    0x0800ebea   0x0800ebea   0x00000002   PAD
    0x0800ebec   0x0800ebec   0x00000030   Code   RO         1248    .text.save_restore_AltFn_SPI1_MOSI_Pin  LCD_SPI.o
    0x0800ec1c   0x0800ec1c   0x00000098   Code   RO         2511    .text.selectServer  udp_client.o
    0x0800ecb4   0x0800ecb4   0x00000080   Code   RO         2513    .text.sendMsg       udp_client.o
    0x0800ed34   0x0800ed34   0x00000022   Code   RO         2526    .text.setLed        output.o
    0x0800ed56   0x0800ed56   0x00000002   PAD
    0x0800ed58   0x0800ed58   0x00000002   Code   RO         2429    .text.stats_init    stats.o
    0x0800ed5a   0x0800ed5a   0x00000002   PAD
    0x0800ed5c   0x0800ed5c   0x000000ae   Code   RO         1562    .text.stdinout_init  stdinout_USART.o
    0x0800ee0a   0x0800ee0a   0x00000002   PAD
    0x0800ee0c   0x0800ee0c   0x00000046   Code   RO         1369    .text.stringCopy    lcd.o
    0x0800ee52   0x0800ee52   0x00000002   PAD
    0x0800ee54   0x0800ee54   0x0000008a   Code   RO         2332    .text.sys_check_timeouts  timeouts.o
    0x0800eede   0x0800eede   0x00000002   PAD
    0x0800eee0   0x0800eee0   0x00000008   Code   RO         2481    .text.sys_now       sys_arch.o
    0x0800eee8   0x0800eee8   0x0000005c   Code   RO         2320    .text.sys_timeout   timeouts.o
    0x0800ef44   0x0800ef44   0x00000118   Code   RO         2328    .text.sys_timeout_abs  timeouts.o
    0x0800f05c   0x0800f05c   0x0000003e   Code   RO         2324    .text.sys_timeouts_init  timeouts.o
    0x0800f09a   0x0800f09a   0x00000002   PAD
    0x0800f09c   0x0800f09c   0x000001ae   Code   RO         2108    .text.tcp_abandon   tcp.o
    0x0800f24a   0x0800f24a   0x00000002   PAD
    0x0800f24c   0x0800f24c   0x00000012   Code   RO         2114    .text.tcp_abort     tcp.o
    0x0800f25e   0x0800f25e   0x00000002   PAD
    0x0800f260   0x0800f260   0x00000172   Code   RO         2152    .text.tcp_alloc     tcp.o
    0x0800f3d2   0x0800f3d2   0x00000002   PAD
    0x0800f3d4   0x0800f3d4   0x0000004c   Code   RO         2306    .text.tcp_build_wnd_scale_option  tcp_out.o
    0x0800f420   0x0800f420   0x00000048   Code   RO         2102    .text.tcp_close     tcp.o
    0x0800f468   0x0800f468   0x0000026a   Code   RO         2104    .text.tcp_close_shutdown  tcp.o
    0x0800f6d2   0x0800f6d2   0x00000002   PAD
    0x0800f6d4   0x0800f6d4   0x000000fa   Code   RO         2140    .text.tcp_close_shutdown_fin  tcp.o
    0x0800f7ce   0x0800f7ce   0x00000002   PAD
    0x0800f7d0   0x0800f7d0   0x0000019c   Code   RO         2260    .text.tcp_create_segment  tcp_out.o
    0x0800f96c   0x0800f96c   0x000000ca   Code   RO         2136    .text.tcp_eff_send_mss_netif  tcp.o
    0x0800fa36   0x0800fa36   0x00000002   PAD
    0x0800fa38   0x0800fa38   0x000002ea   Code   RO         2266    .text.tcp_enqueue_flags  tcp_out.o
    0x0800fd22   0x0800fd22   0x00000002   PAD
    0x0800fd24   0x0800fd24   0x000000e0   Code   RO         2098    .text.tcp_fasttmr   tcp.o
    0x0800fe04   0x0800fe04   0x0000004a   Code   RO         2094    .text.tcp_free      tcp.o
    0x0800fe4e   0x0800fe4e   0x00000002   PAD
    0x0800fe50   0x0800fe50   0x00000138   Code   RO         2232    .text.tcp_free_acked_segments  tcp_in.o
    0x0800ff88   0x0800ff88   0x0000004a   Code   RO         2188    .text.tcp_free_listen  tcp.o
    0x0800ffd2   0x0800ffd2   0x00000002   PAD
    0x0800ffd4   0x0800ffd4   0x00000084   Code   RO         2228    .text.tcp_get_next_optbyte  tcp_in.o
    0x08010058   0x08010058   0x0000004a   Code   RO         2154    .text.tcp_handle_closepend  tcp.o
    0x080100a2   0x080100a2   0x00000002   PAD
    0x080100a4   0x080100a4   0x00000002   Code   RO         2092    .text.tcp_init      tcp.o
    0x080100a6   0x080100a6   0x00000002   PAD
    0x080100a8   0x080100a8   0x00000b42   Code   RO         2214    .text.tcp_input     tcp_in.o
    0x08010bea   0x08010bea   0x00000002   PAD
    0x08010bec   0x08010bec   0x000000a0   Code   RO         2222    .text.tcp_input_delayed_close  tcp_in.o
    0x08010c8c   0x08010c8c   0x0000009e   Code   RO         2302    .text.tcp_keepalive  tcp_out.o
    0x08010d2a   0x08010d2a   0x00000002   PAD
    0x08010d2c   0x08010d2c   0x000000c4   Code   RO         2160    .text.tcp_kill_prio  tcp.o
    0x08010df0   0x08010df0   0x000000c4   Code   RO         2158    .text.tcp_kill_state  tcp.o
    0x08010eb4   0x08010eb4   0x0000006a   Code   RO         2156    .text.tcp_kill_timewait  tcp.o
    0x08010f1e   0x08010f1e   0x00000002   PAD
    0x08010f20   0x08010f20   0x000000a8   Code   RO         2186    .text.tcp_listen_closed  tcp.o
    0x08010fc8   0x08010fc8   0x00000246   Code   RO         2218    .text.tcp_listen_input  tcp_in.o
    0x0801120e   0x0801120e   0x00000002   PAD
    0x08011210   0x08011210   0x00000082   Code   RO         2178    .text.tcp_netif_ip_addr_changed  tcp.o
    0x08011292   0x08011292   0x00000002   PAD
    0x08011294   0x08011294   0x00000078   Code   RO         2180    .text.tcp_netif_ip_addr_changed_pcblist  tcp.o
    0x0801130c   0x0801130c   0x0000005a   Code   RO         2134    .text.tcp_next_iss  tcp.o
    0x08011366   0x08011366   0x00000002   PAD
    0x08011368   0x08011368   0x0000049e   Code   RO         2268    .text.tcp_output    tcp_out.o
    0x08011806   0x08011806   0x00000002   PAD
    0x08011808   0x08011808   0x000000de   Code   RO         2298    .text.tcp_output_alloc_header  tcp_out.o
    0x080118e6   0x080118e6   0x00000002   PAD
    0x080118e8   0x080118e8   0x000000fa   Code   RO         2308    .text.tcp_output_alloc_header_common  tcp_out.o
    0x080119e2   0x080119e2   0x00000002   PAD
    0x080119e4   0x080119e4   0x00000086   Code   RO         2292    .text.tcp_output_control_segment  tcp_out.o
    0x08011a6a   0x08011a6a   0x00000002   PAD
    0x08011a6c   0x08011a6c   0x000000b4   Code   RO         2296    .text.tcp_output_control_segment_netif  tcp_out.o
    0x08011b20   0x08011b20   0x000000be   Code   RO         2300    .text.tcp_output_fill_options  tcp_out.o
    0x08011bde   0x08011bde   0x00000002   PAD
    0x08011be0   0x08011be0   0x000002c6   Code   RO         2274    .text.tcp_output_segment  tcp_out.o
    0x08011ea6   0x08011ea6   0x00000002   PAD
    0x08011ea8   0x08011ea8   0x0000005a   Code   RO         2278    .text.tcp_output_segment_busy  tcp_out.o
    0x08011f02   0x08011f02   0x00000002   PAD
    0x08011f04   0x08011f04   0x0000024e   Code   RO         2226    .text.tcp_parseopt  tcp_in.o
    0x08012152   0x08012152   0x00000002   PAD
    0x08012154   0x08012154   0x0000008e   Code   RO         2138    .text.tcp_pcb_purge  tcp.o
    0x080121e2   0x080121e2   0x00000002   PAD
    0x080121e4   0x080121e4   0x0000018e   Code   RO         2110    .text.tcp_pcb_remove  tcp.o
    0x08012372   0x08012372   0x00000002   PAD
    0x08012374   0x08012374   0x00000a5a   Code   RO         2220    .text.tcp_process   tcp_in.o
    0x08012dce   0x08012dce   0x00000002   PAD
    0x08012dd0   0x08012dd0   0x00000106   Code   RO         2142    .text.tcp_process_refused_data  tcp.o
    0x08012ed6   0x08012ed6   0x00000002   PAD
    0x08012ed8   0x08012ed8   0x00000a3c   Code   RO         2230    .text.tcp_receive   tcp_in.o
    0x08013914   0x08013914   0x0000005e   Code   RO         2146    .text.tcp_recv_null  tcp.o
    0x08013972   0x08013972   0x00000002   PAD
    0x08013974   0x08013974   0x000000b4   Code   RO         2130    .text.tcp_recved    tcp.o
    0x08013a28   0x08013a28   0x0000006e   Code   RO         2190    .text.tcp_remove_listener  tcp.o
    0x08013a96   0x08013a96   0x00000002   PAD
    0x08013a98   0x08013a98   0x000000f6   Code   RO         2284    .text.tcp_rexmit    tcp_out.o
    0x08013b8e   0x08013b8e   0x00000002   PAD
    0x08013b90   0x08013b90   0x000000c2   Code   RO         2286    .text.tcp_rexmit_fast  tcp_out.o
    0x08013c52   0x08013c52   0x00000002   PAD
    0x08013c54   0x08013c54   0x00000052   Code   RO         2282    .text.tcp_rexmit_rto  tcp_out.o
    0x08013ca6   0x08013ca6   0x00000002   PAD
    0x08013ca8   0x08013ca8   0x00000060   Code   RO         2280    .text.tcp_rexmit_rto_commit  tcp_out.o
    0x08013d08   0x08013d08   0x000000f8   Code   RO         2276    .text.tcp_rexmit_rto_prepare  tcp_out.o
    0x08013e00   0x08013e00   0x00000034   Code   RO         2272    .text.tcp_route     tcp_out.o
    0x08013e34   0x08013e34   0x00000062   Code   RO         2288    .text.tcp_rst       tcp_out.o
    0x08013e96   0x08013e96   0x00000002   PAD
    0x08013e98   0x08013e98   0x00000100   Code   RO         2290    .text.tcp_rst_common  tcp_out.o
    0x08013f98   0x08013f98   0x00000072   Code   RO         2294    .text.tcp_rst_netif  tcp_out.o
    0x0801400a   0x0801400a   0x00000002   PAD
    0x0801400c   0x0801400c   0x0000002c   Code   RO         2148    .text.tcp_seg_free  tcp.o
    0x08014038   0x08014038   0x00000024   Code   RO         2112    .text.tcp_segs_free  tcp.o
    0x0801405c   0x0801405c   0x000000f6   Code   RO         2270    .text.tcp_send_empty_ack  tcp_out.o
    0x08014152   0x08014152   0x00000002   PAD
    0x08014154   0x08014154   0x000000b6   Code   RO         2264    .text.tcp_send_fin  tcp_out.o
    0x0801420a   0x0801420a   0x00000002   PAD
    0x0801420c   0x0801420c   0x0000084c   Code   RO         2100    .text.tcp_slowtmr   tcp.o
    0x08014a58   0x08014a58   0x00000348   Code   RO         2262    .text.tcp_split_unsent_seg  tcp_out.o
    0x08014da0   0x08014da0   0x0000004c   Code   RO         2318    .text.tcp_timer_needed  timeouts.o
    0x08014dec   0x08014dec   0x0000013a   Code   RO         2216    .text.tcp_timewait_input  tcp_in.o
    0x08014f26   0x08014f26   0x00000002   PAD
    0x08014f28   0x08014f28   0x00000022   Code   RO         2096    .text.tcp_tmr       tcp.o
    0x08014f4a   0x08014f4a   0x00000002   PAD
    0x08014f4c   0x08014f4c   0x00000012   Code   RO         2224    .text.tcp_trigger_input_pcb_close  tcp_in.o
    0x08014f5e   0x08014f5e   0x00000002   PAD
    0x08014f60   0x08014f60   0x000000c2   Code   RO         2128    .text.tcp_update_rcv_ann_wnd  tcp.o
    0x08015022   0x08015022   0x00000002   PAD
    0x08015024   0x08015024   0x0000016a   Code   RO         2304    .text.tcp_zero_window_probe  tcp_out.o
    0x0801518e   0x0801518e   0x00000002   PAD
    0x08015190   0x08015190   0x0000004a   Code   RO         2322    .text.tcpip_tcp_timer  timeouts.o
    0x080151da   0x080151da   0x00000002   PAD
    0x080151dc   0x080151dc   0x00000142   Code   RO         2365    .text.udp_bind      udp.o
    0x0801531e   0x0801531e   0x00000002   PAD
    0x08015320   0x08015320   0x000000a0   Code   RO         2509    .text.udp_client_init  udp_client.o
    0x080153c0   0x080153c0   0x000000d8   Code   RO         2371    .text.udp_connect   udp.o
    0x08015498   0x08015498   0x00000002   Code   RO         2351    .text.udp_init      udp.o
    0x0801549a   0x0801549a   0x00000002   PAD
    0x0801549c   0x0801549c   0x00000314   Code   RO         2353    .text.udp_input     udp.o
    0x080157b0   0x080157b0   0x00000128   Code   RO         2355    .text.udp_input_local_match  udp.o
    0x080158d8   0x080158d8   0x0000005e   Code   RO         2383    .text.udp_netif_ip_addr_changed  udp.o
    0x08015936   0x08015936   0x00000002   PAD
    0x08015938   0x08015938   0x00000038   Code   RO         2379    .text.udp_new       udp.o
    0x08015970   0x08015970   0x0000009a   Code   RO         2367    .text.udp_new_port  udp.o
    0x08015a0a   0x08015a0a   0x00000002   PAD
    0x08015a0c   0x08015a0c   0x00000026   Code   RO         2375    .text.udp_recv      udp.o
    0x08015a32   0x08015a32   0x00000002   PAD
    0x08015a34   0x08015a34   0x00000080   Code   RO         2377    .text.udp_remove    udp.o
    0x08015ab4   0x08015ab4   0x000000c6   Code   RO         2361    .text.udp_sendto_if  udp.o
    0x08015b7a   0x08015b7a   0x00000002   PAD
    0x08015b7c   0x08015b7c   0x000001d4   Code   RO         2363    .text.udp_sendto_if_src  udp.o
    0x08015d50   0x08015d50   0x00000020   Code   RO         2646    i.__0printf         mc_w.l(printfa.o)
    0x08015d70   0x08015d70   0x00000034   Code   RO         2647    i.__0snprintf       mc_w.l(printfa.o)
    0x08015da4   0x08015da4   0x0000000e   Code   RO         2781    i.__scatterload_copy  mc_w.l(handlers.o)
    0x08015db2   0x08015db2   0x00000002   Code   RO         2782    i.__scatterload_null  mc_w.l(handlers.o)
    0x08015db4   0x08015db4   0x0000000e   Code   RO         2783    i.__scatterload_zeroinit  mc_w.l(handlers.o)
    0x08015dc2   0x08015dc2   0x00000002   PAD
    0x08015dc4   0x08015dc4   0x00000184   Code   RO         2653    i._fp_digits        mc_w.l(printfa.o)
    0x08015f48   0x08015f48   0x000006dc   Code   RO         2654    i._printf_core      mc_w.l(printfa.o)
    0x08016624   0x08016624   0x00000024   Code   RO         2655    i._printf_post_padding  mc_w.l(printfa.o)
    0x08016648   0x08016648   0x0000002e   Code   RO         2656    i._printf_pre_padding  mc_w.l(printfa.o)
    0x08016676   0x08016676   0x00000016   Code   RO         2657    i._snputc           mc_w.l(printfa.o)
    0x0801668c   0x0801668c   0x00000012   Code   RO         2723    i.fputc             mc_w.l(fputc.o)
    0x0801669e   0x0801669e   0x00000002   PAD
    0x080166a0   0x080166a0   0x00000050   Code   RO         2673    i.free              mc_w.l(malloc.o)
    0x080166f0   0x080166f0   0x0000006c   Code   RO         2674    i.malloc            mc_w.l(malloc.o)
    0x0801675c   0x0801675c   0x00000081   Data   RO         2600    .constdata          mc_w.l(ctype_o.o)
    0x080167dd   0x080167dd   0x00000003   PAD
    0x080167e0   0x080167e0   0x00000004   Data   RO         2601    .constdata          mc_w.l(ctype_o.o)
    0x080167e4   0x080167e4   0x00000010   Data   RO           76    .rodata.AHBPrescTable  system_stm32f4xx.o
    0x080167f4   0x080167f4   0x00000008   Data   RO           77    .rodata.APBPrescTable  system_stm32f4xx.o
    0x080167fc   0x080167fc   0x00000038   Data   RO         1548    .rodata.Driver_USART3  USART_STM32F4xx.o
    0x08016834   0x08016834   0x00000034   Data   RO         1553    .rodata.USART3_Resources  USART_STM32F4xx.o
    0x08016868   0x08016868   0x0000000c   Data   RO         1550    .rodata.USART3_rx   USART_STM32F4xx.o
    0x08016874   0x08016874   0x0000000c   Data   RO         1549    .rodata.USART3_tx   USART_STM32F4xx.o
    0x08016880   0x08016880   0x00000006   Data   RO         1579    .rodata.ethbroadcast  ethernet.o
    0x08016886   0x08016886   0x00000006   Data   RO         1580    .rodata.ethzero     ethernet.o
    0x0801688c   0x0801688c   0x00000067   Data   RO         1158    .rodata.initCmds    LCD_Driver.o
    0x080168f3   0x080168f3   0x00000001   PAD
    0x080168f4   0x080168f4   0x00000004   Data   RO         1630    .rodata.ip_addr_any  ip4_addr.o
    0x080168f8   0x080168f8   0x00000004   Data   RO         1631    .rodata.ip_addr_broadcast  ip4_addr.o
    0x080168fc   0x080168fc   0x00000030   Data   RO         2338    .rodata.lwip_cyclic_timers  timeouts.o
    0x0801692c   0x0801692c   0x00000014   Data   RO         1930    .rodata.memp_FRAG_PBUF  memp.o
    0x08016940   0x08016940   0x00000014   Data   RO         1938    .rodata.memp_PBUF   memp.o
    0x08016954   0x08016954   0x00000014   Data   RO         1942    .rodata.memp_PBUF_POOL  memp.o
    0x08016968   0x08016968   0x00000014   Data   RO         1926    .rodata.memp_REASSDATA  memp.o
    0x0801697c   0x0801697c   0x00000014   Data   RO         1934    .rodata.memp_SYS_TIMEOUT  memp.o
    0x08016990   0x08016990   0x00000014   Data   RO         1914    .rodata.memp_TCP_PCB  memp.o
    0x080169a4   0x080169a4   0x00000014   Data   RO         1918    .rodata.memp_TCP_PCB_LISTEN  memp.o
    0x080169b8   0x080169b8   0x00000014   Data   RO         1922    .rodata.memp_TCP_SEG  memp.o
    0x080169cc   0x080169cc   0x00000014   Data   RO         1910    .rodata.memp_UDP_PCB  memp.o
    0x080169e0   0x080169e0   0x00000024   Data   RO         1943    .rodata.memp_pools  memp.o
    0x08016a04   0x08016a04   0x00000043   Data   RO         1190    .rodata.str1.1      LCD_GUI.o
    0x08016a47   0x08016a47   0x00000043   Data   RO         1254    .rodata.str1.1      LCD_SPI.o
    0x08016a8a   0x08016a8a   0x00000043   Data   RO         1287    .rodata.str1.1      LCD_TIM.o
    0x08016acd   0x08016acd   0x0000001c   Data   RO         1336    .rodata.str1.1      LCD_Debug.o
    0x08016ae9   0x08016ae9   0x00000097   Data   RO         1581    .rodata.str1.1      ethernet.o
    0x08016b80   0x08016b80   0x00000076   Data   RO         1601    .rodata.str1.1      ip4.o
    0x08016bf6   0x08016bf6   0x0000004c   Data   RO         1632    .rodata.str1.1      ip4_addr.o
    0x08016c42   0x08016c42   0x000001c7   Data   RO         1665    .rodata.str1.1      ip4_frag.o
    0x08016e09   0x08016e09   0x0000007a   Data   RO         1695    .rodata.str1.1      acd.o
    0x08016e83   0x08016e83   0x0000024c   Data   RO         1777    .rodata.str1.1      dhcp.o
    0x080170cf   0x080170cf   0x00000228   Data   RO         1824    .rodata.str1.1      etharp.o
    0x080172f7   0x080172f7   0x000000cf   Data   RO         1841    .rodata.str1.1      icmp.o
    0x080173c6   0x080173c6   0x00000081   Data   RO         1882    .rodata.str1.1      mem.o
    0x08017447   0x08017447   0x000000ec   Data   RO         1906    .rodata.str1.1      memp.o
    0x08017533   0x08017533   0x000000e4   Data   RO         2003    .rodata.str1.1      netif.o
    0x08017617   0x08017617   0x000002c8   Data   RO         2084    .rodata.str1.1      pbuf.o
    0x080178df   0x080178df   0x0000050c   Data   RO         2197    .rodata.str1.1      tcp.o
    0x08017deb   0x08017deb   0x000003dc   Data   RO         2234    .rodata.str1.1      tcp_in.o
    0x080181c7   0x080181c7   0x000006e8   Data   RO         2310    .rodata.str1.1      tcp_out.o
    0x080188af   0x080188af   0x000000c2   Data   RO         2341    .rodata.str1.1      timeouts.o
    0x08018971   0x08018971   0x000000f9   Data   RO         2385    .rodata.str1.1      udp.o
    0x08018a6a   0x08018a6a   0x0000000b   Data   RO         2451    .rodata.str1.1      main.o
    0x08018a75   0x08018a75   0x00000098   Data   RO         2516    .rodata.str1.1      udp_client.o
    0x08018b0d   0x08018b0d   0x00000042   Data   RO         2542    .rodata.str1.1      input.o
    0x08018b4f   0x08018b4f   0x00000048   Data   RO         2571    .rodata.str1.1      ethernetif.o
    0x08018b97   0x08018b97   0x0000000d   Data   RO         2203    .rodata.tcp_backoff  tcp.o
    0x08018ba4   0x08018ba4   0x00000010   Data   RO         2196    .rodata.tcp_pcb_lists  tcp.o
    0x08018bb4   0x08018bb4   0x00000007   Data   RO         2202    .rodata.tcp_persist_backoff  tcp.o
    0x08018bbb   0x08018bbb   0x00000001   PAD
    0x08018bbc   0x08018bbc   0x00000020   Data   RO         2780    Region$$Table       anon$$obj.o


    Execution Region RW_IRAM1 (Exec base: 0x20000000, Load base: 0x08018be0, Size: 0x00007758, Max: 0x00030000, ABSOLUTE)

    Exec Addr    Load Addr    Size         Type   Attr      Idx    E Section Name        Object

    0x20000000   0x08018be0   0x00000004   Data   RW         2727    .data               mc_w.l(stdout.o)
    0x20000004   0x08018be4   0x00000004   Data   RW         2743    .data               mc_w.l(mvars.o)
    0x20000008   0x08018be8   0x00000004   Data   RW         2744    .data               mc_w.l(mvars.o)
    0x2000000c   0x08018bec   0x00000008   Data   RW         1102    .data.Font16FLASH   fontsFLASH.o
    0x20000014   0x08018bf4   0x00000004   Data   RW           75    .data.SystemCoreClock  system_stm32f4xx.o
    0x20000018   0x08018bf8   0x00000004   Data   RW         1385    .data.crd           lcd.o
    0x2000001c   0x08018bfc   0x00000004   Data   RW         1783    .data.dhcp_create_msg.xid  dhcp.o
    0x20000020   0x08018c00   0x00000003   Data   RW         1779    .data.dhcp_discover_request_options  dhcp.o
    0x20000023   0x08018c03   0x00000001   PAD
    0x20000024   0x08018c04   0x00000004   Data   RW         1386    .data.fontHeight    lcd.o
    0x20000028   0x08018c08   0x00000004   Data   RW         1384    .data.fontWidth     lcd.o
    0x2000002c   0x08018c0c   0x00000004   Data   RW         1387    .data.lcdFont       lcd.o
    0x20000030   0x08018c10   0x00000004   Data   RW         1383    .data.lcdmaxx       lcd.o
    0x20000034   0x08018c14   0x00000004   Data   RW         1389    .data.lcdmaxy       lcd.o
    0x20000038   0x08018c18   0x00000004   Data   RW         2570    .data.packageAvailableBinSem  ethernetif.o
    0x2000003c   0x08018c1c   0x00000004   Data   RW         1255    .data.save_restore_AltFn_SPI1_MOSI_Pin.saved_AF  LCD_SPI.o
    0x20000040   0x08018c20   0x00000004   Data   RW         2204    .data.tcp_next_iss.iss  tcp.o
    0x20000044   0x08018c24   0x00000002   Data   RW         2387    .data.udp_port      udp.o
    0x20000046   0x08018c26   0x00000001   Data   RW          332    .data.uwTickFreq    stm32f4xx_hal.o
    0x20000047   0x08018c27   0x00000001   PAD
    0x20000048   0x08018c28   0x00000004   Data   RW          331    .data.uwTickPrio    stm32f4xx_hal.o
    0x2000004c   0x08018c2c   0x00000004   PAD
    0x20000050        -       0x000000a0   Zero   RW         2573    .bss.DMARxDscrTab   ethernetif.o
    0x200000f0        -       0x000000a0   Zero   RW         2574    .bss.DMATxDscrTab   ethernetif.o
    0x20000190        -       0x00000048   Zero   RW         2572    .bss.EthHandle      ethernetif.o
    0x200001d8        -       0x00001dc4   Zero   RW         2575    .bss.Rx_Buff        ethernetif.o
    0x20001f9c        -       0x00001dc4   Zero   RW         2576    .bss.Tx_Buff        ethernetif.o
    0x20003d60        -       0x00000014   Zero   RW         1551    .bss.USART3_Info    USART_STM32F4xx.o
    0x20003d74        -       0x00000024   Zero   RW         1552    .bss.USART3_TransferInfo  USART_STM32F4xx.o
    0x20003d98        -       0x00000004   Zero   RW         2240    .bss.ackno          tcp_in.o
    0x20003d9c        -       0x000000f0   Zero   RW         1823    .bss.arp_table      etharp.o
    0x20003e8c        -       0x00000004   Zero   RW         2343    .bss.current_timeout_due_time  timeouts.o
    0x20003e90        -       0x00000004   Zero   RW         1778    .bss.dhcp_pcb       dhcp.o
    0x20003e94        -       0x00000001   Zero   RW         1780    .bss.dhcp_pcb_refcount  dhcp.o
    0x20003e95        -       0x00000008   Zero   RW         1781    .bss.dhcp_rx_options_given  dhcp.o
    0x20003e9d   0x08018c2c   0x00000003   PAD
    0x20003ea0        -       0x00000020   Zero   RW         1782    .bss.dhcp_rx_options_val  dhcp.o
    0x20003ec0        -       0x00000001   Zero   RW         1825    .bss.etharp_cached_entry  etharp.o
    0x20003ec1        -       0x00000001   Zero   RW         2241    .bss.flags          tcp_in.o
    0x20003ec2   0x08018c2c   0x00000002   PAD
    0x20003ec4        -       0x00000040   Zero   RW         1286    .bss.htim4          LCD_TIM.o
    0x20003f04        -       0x00000010   Zero   RW         2243    .bss.inseg          tcp_in.o
    0x20003f14        -       0x00000018   Zero   RW         1610    .bss.ip_data        ip.o
    0x20003f2c        -       0x00000002   Zero   RW         1602    .bss.ip_id          ip4.o
    0x20003f2e        -       0x00000002   Zero   RW         1664    .bss.ip_reass_pbufcount  ip4_frag.o
    0x20003f30        -       0x00000044   Zero   RW         2473    .bss.its_brd_netif  lwip_interface.o
    0x20003f74        -       0x00000002   Zero   RW         1388    .bss.lcdColor       lcd.o
    0x20003f76   0x08018c2c   0x00000002   PAD
    0x20003f78        -       0x000000cc   Zero   RW         2440    .bss.lwip_stats     stats.o
    0x20004044        -       0x0000016b   Zero   RW         1928    .bss.memp_memory_FRAG_PBUF_base  memp.o
    0x200041af        -       0x00002103   Zero   RW         1940    .bss.memp_memory_PBUF_POOL_base  memp.o
    0x200062b2        -       0x000000a3   Zero   RW         1936    .bss.memp_memory_PBUF_base  memp.o
    0x20006355        -       0x000000a3   Zero   RW         1924    .bss.memp_memory_REASSDATA_base  memp.o
    0x200063f8        -       0x000000a3   Zero   RW         1932    .bss.memp_memory_SYS_TIMEOUT_base  memp.o
    0x2000649b        -       0x0000008f   Zero   RW         1916    .bss.memp_memory_TCP_PCB_LISTEN_base  memp.o
    0x2000652a        -       0x0000035f   Zero   RW         1912    .bss.memp_memory_TCP_PCB_base  memp.o
    0x20006889        -       0x000000c3   Zero   RW         1920    .bss.memp_memory_TCP_SEG_base  memp.o
    0x2000694c        -       0x00000083   Zero   RW         1908    .bss.memp_memory_UDP_PCB_base  memp.o
    0x200069cf   0x08018c2c   0x00000001   PAD
    0x200069d0        -       0x00000018   Zero   RW         1927    .bss.memp_stats_FRAG_PBUF  memp.o
    0x200069e8        -       0x00000018   Zero   RW         1935    .bss.memp_stats_PBUF  memp.o
    0x20006a00        -       0x00000018   Zero   RW         1939    .bss.memp_stats_PBUF_POOL  memp.o
    0x20006a18        -       0x00000018   Zero   RW         1923    .bss.memp_stats_REASSDATA  memp.o
    0x20006a30        -       0x00000018   Zero   RW         1931    .bss.memp_stats_SYS_TIMEOUT  memp.o
    0x20006a48        -       0x00000018   Zero   RW         1911    .bss.memp_stats_TCP_PCB  memp.o
    0x20006a60        -       0x00000018   Zero   RW         1915    .bss.memp_stats_TCP_PCB_LISTEN  memp.o
    0x20006a78        -       0x00000018   Zero   RW         1919    .bss.memp_stats_TCP_SEG  memp.o
    0x20006a90        -       0x00000018   Zero   RW         1907    .bss.memp_stats_UDP_PCB  memp.o
    0x20006aa8        -       0x00000004   Zero   RW         1929    .bss.memp_tab_FRAG_PBUF  memp.o
    0x20006aac        -       0x00000004   Zero   RW         1937    .bss.memp_tab_PBUF  memp.o
    0x20006ab0        -       0x00000004   Zero   RW         1941    .bss.memp_tab_PBUF_POOL  memp.o
    0x20006ab4        -       0x00000004   Zero   RW         1925    .bss.memp_tab_REASSDATA  memp.o
    0x20006ab8        -       0x00000004   Zero   RW         1933    .bss.memp_tab_SYS_TIMEOUT  memp.o
    0x20006abc        -       0x00000004   Zero   RW         1913    .bss.memp_tab_TCP_PCB  memp.o
    0x20006ac0        -       0x00000004   Zero   RW         1917    .bss.memp_tab_TCP_PCB_LISTEN  memp.o
    0x20006ac4        -       0x00000004   Zero   RW         1921    .bss.memp_tab_TCP_SEG  memp.o
    0x20006ac8        -       0x00000004   Zero   RW         1909    .bss.memp_tab_UDP_PCB  memp.o
    0x20006acc        -       0x00000004   Zero   RW         2006    .bss.netif_default  netif.o
    0x20006ad0        -       0x00000004   Zero   RW         2005    .bss.netif_list     netif.o
    0x20006ad4        -       0x00000001   Zero   RW         2004    .bss.netif_num      netif.o
    0x20006ad5   0x08018c2c   0x00000003   PAD
    0x20006ad8        -       0x00000004   Zero   RW         2342    .bss.next_timeout   timeouts.o
    0x20006adc        -       0x00000004   Zero   RW         1663    .bss.reassdatagrams  ip4_frag.o
    0x20006ae0        -       0x00000004   Zero   RW         2246    .bss.recv_acked     tcp_in.o
    0x20006ae4        -       0x00000004   Zero   RW         2244    .bss.recv_data      tcp_in.o
    0x20006ae8        -       0x00000001   Zero   RW         2245    .bss.recv_flags     tcp_in.o
    0x20006ae9   0x08018c2c   0x00000003   PAD
    0x20006aec        -       0x00000018   Zero   RW         1227    .bss.sTP_DEV        LCD_Touch.o
    0x20006b04        -       0x00000004   Zero   RW         2239    .bss.seqno          tcp_in.o
    0x20006b08        -       0x00000004   Zero   RW         2517    .bss.server_ip      udp_client.o
    0x20006b0c        -       0x00000004   Zero   RW         2194    .bss.tcp_active_pcbs  tcp.o
    0x20006b10        -       0x00000001   Zero   RW         2199    .bss.tcp_active_pcbs_changed  tcp.o
    0x20006b11   0x08018c2c   0x00000003   PAD
    0x20006b14        -       0x00000004   Zero   RW         2193    .bss.tcp_bound_pcbs  tcp.o
    0x20006b18        -       0x00000004   Zero   RW         2247    .bss.tcp_input_pcb  tcp_in.o
    0x20006b1c        -       0x00000004   Zero   RW         2192    .bss.tcp_listen_pcbs  tcp.o
    0x20006b20        -       0x00000002   Zero   RW         2248    .bss.tcp_optidx     tcp_in.o
    0x20006b22   0x08018c2c   0x00000002   PAD
    0x20006b24        -       0x00000004   Zero   RW         2200    .bss.tcp_ticks      tcp.o
    0x20006b28        -       0x00000001   Zero   RW         2198    .bss.tcp_timer      tcp.o
    0x20006b29        -       0x00000001   Zero   RW         2201    .bss.tcp_timer_ctr  tcp.o
    0x20006b2a   0x08018c2c   0x00000002   PAD
    0x20006b2c        -       0x00000004   Zero   RW         2195    .bss.tcp_tw_pcbs    tcp.o
    0x20006b30        -       0x00000004   Zero   RW         2235    .bss.tcphdr         tcp_in.o
    0x20006b34        -       0x00000002   Zero   RW         2238    .bss.tcphdr_opt1len  tcp_in.o
    0x20006b36   0x08018c2c   0x00000002   PAD
    0x20006b38        -       0x00000004   Zero   RW         2237    .bss.tcphdr_opt2    tcp_in.o
    0x20006b3c        -       0x00000002   Zero   RW         2236    .bss.tcphdr_optlen  tcp_in.o
    0x20006b3e   0x08018c2c   0x00000002   PAD
    0x20006b40        -       0x00000004   Zero   RW         2340    .bss.tcpip_tcp_timer_active  timeouts.o
    0x20006b44        -       0x00000002   Zero   RW         2242    .bss.tcplen         tcp_in.o
    0x20006b46   0x08018c2c   0x00000002   PAD
    0x20006b48        -       0x00000004   Zero   RW         2515    .bss.udp_client_pcb  udp_client.o
    0x20006b4c        -       0x00000004   Zero   RW         2386    .bss.udp_pcbs       udp.o
    0x20006b50        -       0x00000004   Zero   RW          333    .bss.uwTick         stm32f4xx_hal.o
    0x20006b54   0x08018c2c   0x00000004   PAD
    0x20006b58        -       0x00000800   Zero   RW           62    HEAP                startup_stm32f429xx.o
    0x20007358        -       0x00000400   Zero   RW           61    STACK               startup_stm32f429xx.o


==============================================================================

Image component sizes


      Code (inc. data)   RO Data    RW Data    ZI Data      Debug   Object Name

       178          0         28          0          0       1126   LCD_Debug.o
      1254          0        103          0          0       4595   LCD_Driver.o
       422          0          0          0          0       2678   LCD_GPIO.o
      1042          0         67          0          0       6663   LCD_GUI.o
       612          0         67          4          0       5387   LCD_SPI.o
       368          0         67          0         64       5981   LCD_TIM.o
       410          0          0          0          0       3086   LCD_Tools.o
        92          0          0          0         24       6504   LCD_Touch.o
      8678         52        132          0         56      22446   USART_STM32F4xx.o
      1366          0        122          0          0       6079   acd.o
        48          0          0          0          0       3262   def.o
        28          0          0          0          0        538   delay.o
      7696         60        588          7         45      19544   dhcp.o
       232          0          0          0          0       2413   error.o
      4878          0        552          0        241      11050   etharp.o
       546          0        163          0          0       3571   ethernet.o
      1532          0         72          4      15632      13276   ethernetif.o
        32          0          0          8          0       1864   fontsFLASH.o
      1142          0        207          0          0       5132   icmp.o
       290          0          0          0          0       4167   inet_chksum.o
       524          0          0          0          0       3719   init.o
        48          0          0          0          0        528   init.o
       496          8         66          0          0       3146   input.o
         0          0          0          0         24       2516   ip.o
      1894          0        118          0          2       6169   ip4.o
      1080          6         84          0          0       4576   ip4_addr.o
      4030          0        455          0          6       9909   ip4_frag.o
       678          0          0         24          2       3835   lcd.o
       220          0          0          0         68       4595   lwip_interface.o
        86          0         11          0          0        667   main.o
       236          0        129          0          0       1657   mem.o
       566          0        452          0      10887       5149   memp.o
      1536          0        228          0          9       8786   netif.o
        34          0          0          0          0       1129   output.o
      3906          0        712          0          0      13413   pbuf.o
        36          8        428          0       3072        964   startup_stm32f429xx.o
         2          0          0          0        204       3010   stats.o
       174          0          0          0          0       1491   stdinout_USART.o
       264          0          0          5          4       7835   stm32f4xx_hal.o
       558          0          0          0          0       9947   stm32f4xx_hal_cortex.o
       234          0          0          0          0       8716   stm32f4xx_hal_dma.o
      3978          0          0          0          0      16014   stm32f4xx_hal_eth.o
      1754          0          0          0          0       5433   stm32f4xx_hal_gpio.o
       190          0          0          0          0       4791   stm32f4xx_hal_pwr_ex.o
      2586          0          0          0          0       7868   stm32f4xx_hal_rcc.o
      1888         14          0          0          0      31737   stm32f4xx_hal_tim.o
       290          0          0          0          0      12940   stm32f4xx_hal_tim_ex.o
        48          0          0          0          0       4813   stm32f4xx_it.o
         8          0          0          0          0        738   sys_arch.o
       110          0         24          4          0       2857   system_stm32f4xx.o
      7032          0       1328          4         23      21055   tcp.o
     10260         20        988          0         54      13719   tcp_in.o
      7366          0       1768          0          0      17808   tcp_out.o
       834          0        242          0         12       4258   timeouts.o
      2760          0        249          2          4       9339   udp.o
       440          0        152          0          8       3149   udp_client.o

    ----------------------------------------------------------------------
     87376        168       9636         64      30476     387638   Object Totals
         0          0         32          0          0          0   (incl. Generated)
       384          0          2          2         35          0   (incl. Padding)

    ----------------------------------------------------------------------

      Code (inc. data)   RO Data    RW Data    ZI Data      Debug   Library Member Name

         8          4        133          0          0         68   ctype_o.o
         0          0          0          0          0          0   entry.o
         0          0          0          0          0          0   entry10a.o
         0          0          0          0          0          0   entry11a.o
         8          4          0          0          0          0   entry2.o
         4          0          0          0          0          0   entry5.o
         0          0          0          0          0          0   entry7b.o
         0          0          0          0          0          0   entry8b.o
         8          4          0          0          0          0   entry9a.o
        18          0          0          0          0         80   fputc.o
        30          0          0          0          0          0   handlers.o
        48         10          0          0          0         68   init.o
         0          0          0          0          0          0   iusefp.o
         0          0          0          0          0          0   iusesemip.o
        98          0          0          0          0         84   ldiv.o
        30          0          0          0          0         68   llshl.o
        36          0          0          0          0         68   llsshr.o
        32          0          0          0          0         68   llushr.o
       188         20          0          0          0        160   malloc.o
        26          0          0          0          0         80   memcmp.o
        64          0          0          0          0         76   memmovea.o
        36          0          0          0          0        108   memseta.o
         0          0          0          8          0          0   mvars.o
      2332         94          0          0          0        608   printfa.o
         0          0          0          0          0          0   semi.o
         0          0          0          4          0          0   stdout.o
        14          0          0          0          0         68   strlen.o
        44          0          0          0          0         80   uidiv.o
        98          0          0          0          0         92   uldiv.o
        48          0          0          0          0         68   cdrcmple.o
       334          0          0          0          0        148   dadd.o
       222          0          0          0          0        100   ddiv.o
       186          0          0          0          0        176   depilogue.o
        48          0          0          0          0         68   dfixul.o
       228          0          0          0          0         96   dmul.o

    ----------------------------------------------------------------------
      4192        136        136         12          0       2432   Library Totals
         4          0          3          0          0          0   (incl. Padding)

    ----------------------------------------------------------------------

      Code (inc. data)   RO Data    RW Data    ZI Data      Debug   Library Name

      3122        136        133         12          0       1776   mc_w.l
      1066          0          0          0          0        656   mf_w.l

    ----------------------------------------------------------------------
      4192        136        136         12          0       2432   Library Totals

    ----------------------------------------------------------------------

==============================================================================


      Code (inc. data)   RO Data    RW Data    ZI Data      Debug   

     91568        304       9772         76      30476     387966   Grand Totals
     91568        304       9772         76      30476     387966   ELF Image Totals
     91568        304       9772         76          0          0   ROM Totals

==============================================================================

    Total RO  Size (Code + RO Data)               101340 (  98.96kB)
    Total RW  Size (RW Data + ZI Data)             30552 (  29.84kB)
    Total ROM Size (Code + RO Data + RW Data)     101416 (  99.04kB)

==============================================================================

