Component: Arm Compiler for Embedded 6.24 Tool: armlink [5f371500]

==============================================================================

Section Cross References

    stm32f4xx_nucleo_144.o(.ARM.exidx.text.BSP_GetVersion) refers to stm32f4xx_nucleo_144.o(.text.BSP_GetVersion) for [Anonymous Symbol]
    stm32f4xx_nucleo_144.o(.text.BSP_LED_Init) refers to stm32f4xx_nucleo_144.o(.data.GPIO_PORT) for GPIO_PORT
    stm32f4xx_nucleo_144.o(.text.BSP_LED_Init) refers to stm32f4xx_nucleo_144.o(.rodata.GPIO_PIN) for GPIO_PIN
    stm32f4xx_nucleo_144.o(.text.BSP_LED_Init) refers to stm32f4xx_hal_gpio.o(.text.HAL_GPIO_Init) for HAL_GPIO_Init
    stm32f4xx_nucleo_144.o(.text.BSP_LED_Init) refers to stm32f4xx_hal_gpio.o(.text.HAL_GPIO_WritePin) for HAL_GPIO_WritePin
    stm32f4xx_nucleo_144.o(.ARM.exidx.text.BSP_LED_Init) refers to stm32f4xx_nucleo_144.o(.text.BSP_LED_Init) for [Anonymous Symbol]
    stm32f4xx_nucleo_144.o(.text.BSP_LED_DeInit) refers to stm32f4xx_nucleo_144.o(.rodata.GPIO_PIN) for GPIO_PIN
    stm32f4xx_nucleo_144.o(.text.BSP_LED_DeInit) refers to stm32f4xx_nucleo_144.o(.data.GPIO_PORT) for GPIO_PORT
    stm32f4xx_nucleo_144.o(.text.BSP_LED_DeInit) refers to stm32f4xx_hal_gpio.o(.text.HAL_GPIO_WritePin) for HAL_GPIO_WritePin
    stm32f4xx_nucleo_144.o(.text.BSP_LED_DeInit) refers to stm32f4xx_hal_gpio.o(.text.HAL_GPIO_DeInit) for HAL_GPIO_DeInit
    stm32f4xx_nucleo_144.o(.ARM.exidx.text.BSP_LED_DeInit) refers to stm32f4xx_nucleo_144.o(.text.BSP_LED_DeInit) for [Anonymous Symbol]
    stm32f4xx_nucleo_144.o(.text.BSP_LED_On) refers to stm32f4xx_nucleo_144.o(.data.GPIO_PORT) for GPIO_PORT
    stm32f4xx_nucleo_144.o(.text.BSP_LED_On) refers to stm32f4xx_nucleo_144.o(.rodata.GPIO_PIN) for GPIO_PIN
    stm32f4xx_nucleo_144.o(.text.BSP_LED_On) refers to stm32f4xx_hal_gpio.o(.text.HAL_GPIO_WritePin) for HAL_GPIO_WritePin
    stm32f4xx_nucleo_144.o(.ARM.exidx.text.BSP_LED_On) refers to stm32f4xx_nucleo_144.o(.text.BSP_LED_On) for [Anonymous Symbol]
    stm32f4xx_nucleo_144.o(.text.BSP_LED_Off) refers to stm32f4xx_nucleo_144.o(.data.GPIO_PORT) for GPIO_PORT
    stm32f4xx_nucleo_144.o(.text.BSP_LED_Off) refers to stm32f4xx_nucleo_144.o(.rodata.GPIO_PIN) for GPIO_PIN
    stm32f4xx_nucleo_144.o(.text.BSP_LED_Off) refers to stm32f4xx_hal_gpio.o(.text.HAL_GPIO_WritePin) for HAL_GPIO_WritePin
    stm32f4xx_nucleo_144.o(.ARM.exidx.text.BSP_LED_Off) refers to stm32f4xx_nucleo_144.o(.text.BSP_LED_Off) for [Anonymous Symbol]
    stm32f4xx_nucleo_144.o(.text.BSP_LED_Toggle) refers to stm32f4xx_nucleo_144.o(.data.GPIO_PORT) for GPIO_PORT
    stm32f4xx_nucleo_144.o(.text.BSP_LED_Toggle) refers to stm32f4xx_nucleo_144.o(.rodata.GPIO_PIN) for GPIO_PIN
    stm32f4xx_nucleo_144.o(.text.BSP_LED_Toggle) refers to stm32f4xx_hal_gpio.o(.text.HAL_GPIO_TogglePin) for HAL_GPIO_TogglePin
    stm32f4xx_nucleo_144.o(.ARM.exidx.text.BSP_LED_Toggle) refers to stm32f4xx_nucleo_144.o(.text.BSP_LED_Toggle) for [Anonymous Symbol]
    stm32f4xx_nucleo_144.o(.text.BSP_PB_Init) refers to stm32f4xx_nucleo_144.o(.data.BUTTON_PORT) for BUTTON_PORT
    stm32f4xx_nucleo_144.o(.text.BSP_PB_Init) refers to stm32f4xx_hal_gpio.o(.text.HAL_GPIO_Init) for HAL_GPIO_Init
    stm32f4xx_nucleo_144.o(.text.BSP_PB_Init) refers to stm32f4xx_hal_cortex.o(.text.HAL_NVIC_SetPriority) for HAL_NVIC_SetPriority
    stm32f4xx_nucleo_144.o(.text.BSP_PB_Init) refers to stm32f4xx_hal_cortex.o(.text.HAL_NVIC_EnableIRQ) for HAL_NVIC_EnableIRQ
    stm32f4xx_nucleo_144.o(.ARM.exidx.text.BSP_PB_Init) refers to stm32f4xx_nucleo_144.o(.text.BSP_PB_Init) for [Anonymous Symbol]
    stm32f4xx_nucleo_144.o(.text.BSP_PB_DeInit) refers to stm32f4xx_hal_cortex.o(.text.HAL_NVIC_DisableIRQ) for HAL_NVIC_DisableIRQ
    stm32f4xx_nucleo_144.o(.text.BSP_PB_DeInit) refers to stm32f4xx_nucleo_144.o(.data.BUTTON_PORT) for BUTTON_PORT
    stm32f4xx_nucleo_144.o(.text.BSP_PB_DeInit) refers to stm32f4xx_hal_gpio.o(.text.HAL_GPIO_DeInit) for HAL_GPIO_DeInit
    stm32f4xx_nucleo_144.o(.ARM.exidx.text.BSP_PB_DeInit) refers to stm32f4xx_nucleo_144.o(.text.BSP_PB_DeInit) for [Anonymous Symbol]
    stm32f4xx_nucleo_144.o(.text.BSP_PB_GetState) refers to stm32f4xx_nucleo_144.o(.data.BUTTON_PORT) for BUTTON_PORT
    stm32f4xx_nucleo_144.o(.text.BSP_PB_GetState) refers to stm32f4xx_hal_gpio.o(.text.HAL_GPIO_ReadPin) for HAL_GPIO_ReadPin
    stm32f4xx_nucleo_144.o(.ARM.exidx.text.BSP_PB_GetState) refers to stm32f4xx_nucleo_144.o(.text.BSP_PB_GetState) for [Anonymous Symbol]
    stm32f4xx_nucleo_144.o(.text.SD_IO_Init) refers to stm32f4xx_hal_gpio.o(.text.HAL_GPIO_Init) for HAL_GPIO_Init
    stm32f4xx_nucleo_144.o(.text.SD_IO_Init) refers to stm32f4xx_hal_gpio.o(.text.HAL_GPIO_WritePin) for HAL_GPIO_WritePin
    stm32f4xx_nucleo_144.o(.text.SD_IO_Init) refers to stm32f4xx_nucleo_144.o(.text.SPIx_Init) for SPIx_Init
    stm32f4xx_nucleo_144.o(.text.SD_IO_Init) refers to stm32f4xx_nucleo_144.o(.data.SpixTimeout) for SpixTimeout
[...]
    USART1_IRQHandler                        0x080001db   Thumb Code     0  startup_stm32f429xx.o(.text)
    USART2_IRQHandler                        0x080001db   Thumb Code     0  startup_stm32f429xx.o(.text)
    USART6_IRQHandler                        0x080001db   Thumb Code     0  startup_stm32f429xx.o(.text)
    WWDG_IRQHandler                          0x080001db   Thumb Code     0  startup_stm32f429xx.o(.text)
    __aeabi_uldivmod                         0x080001e5   Thumb Code    98  uldiv.o(.text)
    ___aeabi_memcpy4$move                    0x08000247   Thumb Code     0  memmovea.o(.text)
    ___aeabi_memcpy8$move                    0x08000247   Thumb Code     0  memmovea.o(.text)
    __aeabi_memcpy                           0x08000247   Thumb Code    64  memmovea.o(.text)
    __aeabi_memmove                          0x08000247   Thumb Code     0  memmovea.o(.text)
    __aeabi_memmove4                         0x08000247   Thumb Code     0  memmovea.o(.text)
    __aeabi_memmove8                         0x08000247   Thumb Code     0  memmovea.o(.text)
    __aeabi_memset                           0x08000287   Thumb Code    14  memseta.o(.text)
    __aeabi_memset4                          0x08000287   Thumb Code     0  memseta.o(.text)
    __aeabi_memset8                          0x08000287   Thumb Code     0  memseta.o(.text)
    __aeabi_memclr                           0x08000295   Thumb Code     4  memseta.o(.text)
    __aeabi_memclr4                          0x08000295   Thumb Code     0  memseta.o(.text)
    __aeabi_memclr8                          0x08000295   Thumb Code     0  memseta.o(.text)
    _memset$wrapper                          0x08000299   Thumb Code    18  memseta.o(.text)
    strlen                                   0x080002ab   Thumb Code    14  strlen.o(.text)
    memcmp                                   0x080002b9   Thumb Code    26  memcmp.o(.text)
    __aeabi_uidiv                            0x080002d3   Thumb Code     0  uidiv.o(.text)
    __aeabi_uidivmod                         0x080002d3   Thumb Code    44  uidiv.o(.text)
    __aeabi_llsl                             0x080002ff   Thumb Code    30  llshl.o(.text)
    _ll_shift_l                              0x080002ff   Thumb Code     0  llshl.o(.text)
    __aeabi_llsr                             0x0800031d   Thumb Code    32  llushr.o(.text)
    _ll_ushift_r                             0x0800031d   Thumb Code     0  llushr.o(.text)
    __scatterload                            0x0800033d   Thumb Code    38  init.o(.text)
    __scatterload_rt2                        0x0800033d   Thumb Code     0  init.o(.text)
    BusFault_Handler                         0x0800036d   Thumb Code     2  stm32f4xx_it.o(.text.BusFault_Handler)
    __I$use$semihosting$fputc                0x0800036d   Thumb Code     0  iusesemip.o(.text)
    __semihosting_library_function           0x0800036d   Thumb Code     0  semi.o(.text)
    DebugMon_Handler                         0x08000371   Thumb Code     2  stm32f4xx_it.o(.text.DebugMon_Handler)
    Driver_Delay_ms                          0x08000375   Thumb Code     4  LCD_Tools.o(.text.Driver_Delay_ms)
    ETH_IRQHandler                           0x08000379   Thumb Code    12  stm32f4xx_it.o(.text.ETH_IRQHandler)
    Error_Handler                            0x0800047d   Thumb Code   232  error.o(.text.Error_Handler)
    GPIO_Init                                0x08000565   Thumb Code   316  LCD_GPIO.o(.text.GPIO_Init)
    GUI_disNum                               0x080006a1   Thumb Code    84  LCD_GUI.o(.text.GUI_disNum)
    GUI_disStr                               0x080006f5   Thumb Code   276  LCD_GUI.o(.text.GUI_disStr)
    GUI_drawRectangle                        0x08000809   Thumb Code   198  LCD_GUI.o(.text.GUI_drawRectangle)
    GUI_init                                 0x080008d1   Thumb Code    18  LCD_GUI.o(.text.GUI_init)
    HAL_Delay                                0x080008e5   Thumb Code    40  stm32f4xx_hal.o(.text.HAL_Delay)
    HAL_ETH_DMARxDescListInit                0x0800090d   Thumb Code   358  stm32f4xx_hal_eth.o(.text.HAL_ETH_DMARxDescListInit)
    HAL_ETH_DMATxDescListInit                0x08000a75   Thumb Code   464  stm32f4xx_hal_eth.o(.text.HAL_ETH_DMATxDescListInit)
    HAL_ETH_ErrorCallback                    0x08000c45   Thumb Code     2  stm32f4xx_hal_eth.o(.text.HAL_ETH_ErrorCallback)
    HAL_ETH_GetReceivedFrame_IT              0x08000c49   Thumb Code   292  stm32f4xx_hal_eth.o(.text.HAL_ETH_GetReceivedFrame_IT)
    HAL_ETH_IRQHandler                       0x08000d6d   Thumb Code   108  stm32f4xx_hal_eth.o(.text.HAL_ETH_IRQHandler)
    HAL_ETH_Init                             0x08000dd9   Thumb Code   888  stm32f4xx_hal_eth.o(.text.HAL_ETH_Init)
    HAL_ETH_MspInit                          0x08001151   Thumb Code   254  ethernetif.o(.text.HAL_ETH_MspInit)
    HAL_ETH_ReadPHYRegister                  0x08001251   Thumb Code   108  stm32f4xx_hal_eth.o(.text.HAL_ETH_ReadPHYRegister)
    HAL_ETH_RxCpltCallback                   0x080012bd   Thumb Code    14  ethernetif.o(.text.HAL_ETH_RxCpltCallback)
    HAL_ETH_Start                            0x080012cd   Thumb Code   322  stm32f4xx_hal_eth.o(.text.HAL_ETH_Start)
    HAL_ETH_TransmitFrame                    0x08001411   Thumb Code   588  stm32f4xx_hal_eth.o(.text.HAL_ETH_TransmitFrame)
    HAL_ETH_TxCpltCallback                   0x0800165d   Thumb Code     2  stm32f4xx_hal_eth.o(.text.HAL_ETH_TxCpltCallback)
    HAL_GPIO_DeInit                          0x08001661   Thumb Code   446  stm32f4xx_hal_gpio.o(.text.HAL_GPIO_DeInit)
    HAL_GPIO_Init                            0x08001821   Thumb Code   468  stm32f4xx_hal_gpio.o(.text.HAL_GPIO_Init)
    HAL_GPIO_TogglePin                       0x080019f5   Thumb Code    14  stm32f4xx_hal_gpio.o(.text.HAL_GPIO_TogglePin)
    HAL_GPIO_WritePin                        0x08001a05   Thumb Code    10  stm32f4xx_hal_gpio.o(.text.HAL_GPIO_WritePin)
    HAL_GetTick                              0x08001a11   Thumb Code    12  stm32f4xx_hal.o(.text.HAL_GetTick)
    HAL_IncTick                              0x08001a1d   Thumb Code    26  stm32f4xx_hal.o(.text.HAL_IncTick)
    HAL_Init                                 0x08001a39   Thumb Code    46  stm32f4xx_hal.o(.text.HAL_Init)
    HAL_InitTick                             0x08001a69   Thumb Code    80  stm32f4xx_hal.o(.text.HAL_InitTick)
    HAL_MspInit                              0x08001ab9   Thumb Code     2  stm32f4xx_hal.o(.text.HAL_MspInit)
    HAL_NVIC_DisableIRQ                      0x08001abd   Thumb Code    42  stm32f4xx_hal_cortex.o(.text.HAL_NVIC_DisableIRQ)
    HAL_NVIC_EnableIRQ                       0x08001ae9   Thumb Code    34  stm32f4xx_hal_cortex.o(.text.HAL_NVIC_EnableIRQ)
    HAL_NVIC_SetPriority                     0x08001b0d   Thumb Code    86  stm32f4xx_hal_cortex.o(.text.HAL_NVIC_SetPriority)
    HAL_NVIC_SetPriorityGrouping             0x08001b65   Thumb Code    32  stm32f4xx_hal_cortex.o(.text.HAL_NVIC_SetPriorityGrouping)
    HAL_PWREx_EnableOverDrive                0x08001b85   Thumb Code   122  stm32f4xx_hal_pwr_ex.o(.text.HAL_PWREx_EnableOverDrive)
    HAL_RCC_ClockConfig                      0x08001c01   Thumb Code   352  stm32f4xx_hal_rcc.o(.text.HAL_RCC_ClockConfig)
    HAL_RCC_GetHCLKFreq                      0x08001d61   Thumb Code    12  stm32f4xx_hal_rcc.o(.text.HAL_RCC_GetHCLKFreq)
    HAL_RCC_GetPCLK1Freq                     0x08001d6d   Thumb Code    38  stm32f4xx_hal_rcc.o(.text.HAL_RCC_GetPCLK1Freq)
    HAL_RCC_GetSysClockFreq                  0x08001d95   Thumb Code   106  stm32f4xx_hal_rcc.o(.text.HAL_RCC_GetSysClockFreq)
    HAL_RCC_OscConfig                        0x08001e01   Thumb Code   864  stm32f4xx_hal_rcc.o(.text.HAL_RCC_OscConfig)
    HAL_SYSTICK_Config                       0x08002161   Thumb Code    44  stm32f4xx_hal_cortex.o(.text.HAL_SYSTICK_Config)
    HAL_TIMEx_MasterConfigSynchronization    0x0800218d   Thumb Code   182  stm32f4xx_hal_tim_ex.o(.text.HAL_TIMEx_MasterConfigSynchronization)
    HAL_TIM_PWM_ConfigChannel                0x08002245   Thumb Code   538  stm32f4xx_hal_tim.o(.text.HAL_TIM_PWM_ConfigChannel)
    HAL_TIM_PWM_Init                         0x08002461   Thumb Code    54  stm32f4xx_hal_tim.o(.text.HAL_TIM_PWM_Init)
    HAL_TIM_PWM_MspInit                      0x08002499   Thumb Code    52  LCD_TIM.o(.text.HAL_TIM_PWM_MspInit)
    HAL_TIM_PWM_Start                        0x080024cd   Thumb Code    76  stm32f4xx_hal_tim.o(.text.HAL_TIM_PWM_Start)
    HardFault_Handler                        0x08002519   Thumb Code     2  stm32f4xx_it.o(.text.HardFault_Handler)
    LCDErrHandler                            0x0800251d   Thumb Code   122  LCD_Tools.o(.text.LCDErrHandler)
    LCD_clear                                0x08002599   Thumb Code    16  LCD_Driver.o(.text.LCD_clear)
    LCD_fillRectangleBW                      0x080025a9   Thumb Code   308  LCD_Driver.o(.text.LCD_fillRectangleBW)
    LCD_fillRectangleMC                      0x080026dd   Thumb Code   208  LCD_Driver.o(.text.LCD_fillRectangleMC)
    LCD_init                                 0x080027ad   Thumb Code   578  LCD_Driver.o(.text.LCD_init)
    MemManage_Handler                        0x08002bed   Thumb Code     2  stm32f4xx_it.o(.text.MemManage_Handler)
    NMI_Handler                              0x08002bf1   Thumb Code     2  stm32f4xx_it.o(.text.NMI_Handler)
    PWM_SetValue                             0x08002bf5   Thumb Code    46  LCD_TIM.o(.text.PWM_SetValue)
    PendSV_Handler                           0x08002c25   Thumb Code     2  stm32f4xx_it.o(.text.PendSV_Handler)
    SPI4W_Write_Byte                         0x08002c29   Thumb Code   286  LCD_SPI.o(.text.SPI4W_Write_Byte)
    SPIinit                                  0x08002d49   Thumb Code   198  LCD_SPI.o(.text.SPIinit)
    SVC_Handler                              0x08002e11   Thumb Code     2  stm32f4xx_it.o(.text.SVC_Handler)
    Scheduler                                0x08002e15   Thumb Code   114  main.o(.text.Scheduler)
    SysTick_Handler                          0x08002e89   Thumb Code     4  stm32f4xx_it.o(.text.SysTick_Handler)
    SystemInit                               0x08002e8d   Thumb Code    86  system_stm32f4xx.o(.text.SystemInit)
    TASK_ETHERNET_FRAME_PULL                 0x08002ee5   Thumb Code    32  main.o(.text.TASK_ETHERNET_FRAME_PULL)
    TIM4_Init                                0x08002f05   Thumb Code   184  LCD_TIM.o(.text.TIM4_Init)
    TIM_Base_SetConfig                       0x08002fbd   Thumb Code   292  stm32f4xx_hal_tim.o(.text.TIM_Base_SetConfig)
    TP_InitBasic                             0x080030e1   Thumb Code    74  LCD_Touch.o(.text.TP_InitBasic)
    Task1                                    0x0800312d   Thumb Code    30  main.o(.text.Task1)
    Task2                                    0x0800314d   Thumb Code    30  main.o(.text.Task2)
    USART3_IRQHandler                        0x08003a59   Thumb Code    12  USART_STM32F4xx.o(.text.USART3_IRQHandler)
    USART_IRQHandler                         0x08003d65   Thumb Code   548  USART_STM32F4xx.o(.text.USART_IRQHandler)
    UsageFault_Handler                       0x0800407d   Thumb Code     2  stm32f4xx_it.o(.text.UsageFault_Handler)
    acd_add                                  0x08004081   Thumb Code    92  acd.o(.text.acd_add)
    acd_arp_reply                            0x080040fd   Thumb Code   214  acd.o(.text.acd_arp_reply)
    acd_netif_ip_addr_changed                0x080041d5   Thumb Code   126  acd.o(.text.acd_netif_ip_addr_changed)
    acd_remove                               0x08004255   Thumb Code   104  acd.o(.text.acd_remove)
    acd_start                                0x080042dd   Thumb Code    66  acd.o(.text.acd_start)
    acd_tmr                                  0x08004321   Thumb Code   322  acd.o(.text.acd_tmr)
    check_input                              0x08004465   Thumb Code    42  lwip_interface.o(.text.check_input)
    dhcp_coarse_tmr                          0x08004599   Thumb Code   464  dhcp.o(.text.dhcp_coarse_tmr)
    dhcp_fine_tmr                            0x08004b5d   Thumb Code   130  dhcp.o(.text.dhcp_fine_tmr)
    dhcp_release_and_stop                    0x080052f9   Thumb Code   376  dhcp.o(.text.dhcp_release_and_stop)
    dhcp_renew                               0x08005471   Thumb Code   288  dhcp.o(.text.dhcp_renew)
    dhcp_start                               0x08005749   Thumb Code   234  dhcp.o(.text.dhcp_start)
    etharp_acd_announce                      0x08005835   Thumb Code    48  etharp.o(.text.etharp_acd_announce)
    etharp_acd_probe                         0x08005865   Thumb Code    56  etharp.o(.text.etharp_acd_probe)
    etharp_cleanup_netif                     0x0800589d   Thumb Code    68  etharp.o(.text.etharp_cleanup_netif)
    etharp_input                             0x08005ab5   Thumb Code   388  etharp.o(.text.etharp_input)
    etharp_output                            0x08005c5d   Thumb Code   628  etharp.o(.text.etharp_output)
    etharp_query                             0x08005fd1   Thumb Code   424  etharp.o(.text.etharp_query)
    etharp_tmr                               0x080062e9   Thumb Code   176  etharp.o(.text.etharp_tmr)
    ethernet_input                           0x08006399   Thumb Code   216  ethernet.o(.text.ethernet_input)
    ethernet_output                          0x08006471   Thumb Code   132  ethernet.o(.text.ethernet_output)
    ethernetif_init                          0x08006569   Thumb Code   252  ethernetif.o(.text.ethernetif_init)
    ethernetif_input                         0x0800669d   Thumb Code   632  ethernetif.o(.text.ethernetif_input)
    icmp_dest_unreach                        0x08006915   Thumb Code     8  icmp.o(.text.icmp_dest_unreach)
    icmp_input                               0x0800691d   Thumb Code   464  icmp.o(.text.icmp_input)
    icmp_time_exceeded                       0x08006c3d   Thumb Code     8  icmp.o(.text.icmp_time_exceeded)
    inet_chksum_pbuf                         0x08006c45   Thumb Code   252  inet_chksum.o(.text.inet_chksum_pbuf)
    initITSboard                             0x08006d41   Thumb Code   352  init.o(.text.initITSboard)
    init_lwip_stack                          0x08006ea1   Thumb Code    78  lwip_interface.o(.text.init_lwip_stack)
    ip4_addr_isbroadcast_u32                 0x08006ef1   Thumb Code    48  ip4_addr.o(.text.ip4_addr_isbroadcast_u32)
    ip4_frag                                 0x08006f21   Thumb Code   556  ip4_frag.o(.text.ip4_frag)
    ip4_input                                0x0800717d   Thumb Code   564  ip4.o(.text.ip4_input)
    ip4_output_if                            0x080073b1   Thumb Code    38  ip4.o(.text.ip4_output_if)
    ip4_output_if_src                        0x080073d9   Thumb Code   284  ip4.o(.text.ip4_output_if_src)
    ip4_reass                                0x08007525   Thumb Code  1468  ip4_frag.o(.text.ip4_reass)
    ip4_route                                0x08007b2d   Thumb Code   124  ip4.o(.text.ip4_route)
    ip_reass_tmr                             0x08007d3d   Thumb Code    58  ip4_frag.o(.text.ip_reass_tmr)
    itoa                                     0x08007dc5   Thumb Code   478  LCD_Tools.o(.text.itoa)
    lcdPrintS                                0x08007fa5   Thumb Code   332  lcd.o(.text.lcdPrintS)
    lcdPrintlnS                              0x080080f1   Thumb Code    58  lcd.o(.text.lcdPrintlnS)
    lwip_htonl                               0x08008471   Thumb Code     4  def.o(.text.lwip_htonl)
    lwip_htons                               0x08008475   Thumb Code     4  def.o(.text.lwip_htons)
    lwip_init                                0x08008479   Thumb Code    34  init.o(.text.lwip_init)
    main                                     0x0800849d   Thumb Code    72  main.o(.text.main)
    mem_free                                 0x08008515   Thumb Code    80  mem.o(.text.mem_free)
    mem_init                                 0x0800858d   Thumb Code     2  mem.o(.text.mem_init)
    mem_malloc                               0x08008591   Thumb Code    60  mem.o(.text.mem_malloc)
    mem_trim                                 0x080085f1   Thumb Code     2  mem.o(.text.mem_trim)
    memp_free                                0x080085f5   Thumb Code    92  memp.o(.text.memp_free)
    memp_init                                0x08008651   Thumb Code   340  memp.o(.text.memp_init)
    memp_malloc                              0x080087a5   Thumb Code   110  memp.o(.text.memp_malloc)
    netif_add                                0x08008815   Thumb Code   268  netif.o(.text.netif_add)
    netif_config                             0x08008965   Thumb Code    74  lwip_interface.o(.text.netif_config)
    netif_get_by_index                       0x080089b1   Thumb Code    84  netif.o(.text.netif_get_by_index)
    netif_init                               0x08008a05   Thumb Code     2  netif.o(.text.netif_init)
    netif_set_addr                           0x08008a11   Thumb Code   212  netif.o(.text.netif_set_addr)
    netif_set_default                        0x08008ae5   Thumb Code    12  netif.o(.text.netif_set_default)
    netif_set_down                           0x08008af1   Thumb Code    52  netif.o(.text.netif_set_down)
    netif_set_up                             0x08008b25   Thumb Code    28  netif.o(.text.netif_set_up)
    pbuf_add_header                          0x08008b41   Thumb Code   110  pbuf.o(.text.pbuf_add_header)
    pbuf_alloc                               0x08008bb1   Thumb Code   352  pbuf.o(.text.pbuf_alloc)
    pbuf_alloced_custom                      0x08008d2d   Thumb Code    62  pbuf.o(.text.pbuf_alloced_custom)
    pbuf_cat                                 0x08008d6d   Thumb Code   172  pbuf.o(.text.pbuf_cat)
    pbuf_chain                               0x08008e65   Thumb Code    70  pbuf.o(.text.pbuf_chain)
    pbuf_clen                                0x08008ead   Thumb Code    52  pbuf.o(.text.pbuf_clen)
    pbuf_clone                               0x08008ee1   Thumb Code    80  pbuf.o(.text.pbuf_clone)
    pbuf_copy                                0x08008f31   Thumb Code    18  pbuf.o(.text.pbuf_copy)
    pbuf_copy_partial                        0x08008f45   Thumb Code   100  pbuf.o(.text.pbuf_copy_partial)
    pbuf_copy_partial_pbuf                   0x08008fa9   Thumb Code   272  pbuf.o(.text.pbuf_copy_partial_pbuf)
    pbuf_free                                0x080090ed   Thumb Code   204  pbuf.o(.text.pbuf_free)
    pbuf_header_force                        0x08009209   Thumb Code     6  pbuf.o(.text.pbuf_header_force)
    pbuf_realloc                             0x080092d1   Thumb Code   272  pbuf.o(.text.pbuf_realloc)
    pbuf_ref                                 0x08009449   Thumb Code    64  pbuf.o(.text.pbuf_ref)
    pbuf_remove_header                       0x08009489   Thumb Code    86  pbuf.o(.text.pbuf_remove_header)
    printDebugMsg                            0x080094e1   Thumb Code   128  LCD_Debug.o(.text.printDebugMsg)
    stats_init                               0x08009581   Thumb Code     2  stats.o(.text.stats_init)
    stdinout_init                            0x08009585   Thumb Code    68  stdinout_USART.o(.text.stdinout_init)
    sys_check_timeouts                       0x080095c9   Thumb Code    78  timeouts.o(.text.sys_check_timeouts)
    sys_now                                  0x08009619   Thumb Code     4  sys_arch.o(.text.sys_now)
    sys_timeout                              0x0800961d   Thumb Code   212  timeouts.o(.text.sys_timeout)
    sys_timeouts_init                        0x08009729   Thumb Code    90  timeouts.o(.text.sys_timeouts_init)
    tcp_abandon                              0x08009785   Thumb Code   396  tcp.o(.text.tcp_abandon)
    tcp_abort                                0x08009945   Thumb Code     6  tcp.o(.text.tcp_abort)
    tcp_accept                               0x0800994d   Thumb Code    16  tcp.o(.text.tcp_accept)
    tcp_alloc                                0x080099b5   Thumb Code   702  tcp.o(.text.tcp_alloc)
    tcp_bind                                 0x08009c75   Thumb Code   602  tcp.o(.text.tcp_bind)
    tcp_close                                0x08009ed1   Thumb Code    30  tcp.o(.text.tcp_close)
    tcp_eff_send_mss_netif                   0x0800a32d   Thumb Code    72  tcp.o(.text.tcp_eff_send_mss_netif)
    tcp_enqueue_flags                        0x0800a39d   Thumb Code   400  tcp_out.o(.text.tcp_enqueue_flags)
    tcp_err                                  0x0800a5b9   Thumb Code    56  tcp.o(.text.tcp_err)
    tcp_fasttmr                              0x0800a619   Thumb Code   204  tcp.o(.text.tcp_fasttmr)
    tcp_free                                 0x0800a6e5   Thumb Code    56  tcp.o(.text.tcp_free)
    tcp_init                                 0x0800a835   Thumb Code     2  tcp.o(.text.tcp_init)
    tcp_input                                0x0800a839   Thumb Code  1708  tcp_in.o(.text.tcp_input)
    tcp_keepalive                            0x0800afb9   Thumb Code   192  tcp_out.o(.text.tcp_keepalive)
    tcp_listen_with_backlog                  0x0800b271   Thumb Code     8  tcp.o(.text.tcp_listen_with_backlog)
    tcp_listen_with_backlog_and_err          0x0800b279   Thumb Code   236  tcp.o(.text.tcp_listen_with_backlog_and_err)
    tcp_netif_ip_addr_changed                0x0800b365   Thumb Code   172  tcp.o(.text.tcp_netif_ip_addr_changed)
    tcp_new                                  0x0800b411   Thumb Code     6  tcp.o(.text.tcp_new)
    tcp_next_iss                             0x0800b419   Thumb Code    68  tcp.o(.text.tcp_next_iss)
    tcp_output                               0x0800b479   Thumb Code   976  tcp_out.o(.text.tcp_output)
    tcp_pcb_purge                            0x0800bc01   Thumb Code   134  tcp.o(.text.tcp_pcb_purge)
    tcp_pcb_remove                           0x0800bc89   Thumb Code   236  tcp.o(.text.tcp_pcb_remove)
    tcp_poll                                 0x0800bde5   Thumb Code    60  tcp.o(.text.tcp_poll)
    tcp_process_refused_data                 0x0800c429   Thumb Code   130  tcp.o(.text.tcp_process_refused_data)
    tcp_recv                                 0x0800ca69   Thumb Code    56  tcp.o(.text.tcp_recv)
    tcp_recv_null                            0x0800cac9   Thumb Code    72  tcp.o(.text.tcp_recv_null)
    tcp_recved                               0x0800cb11   Thumb Code   156  tcp.o(.text.tcp_recved)
    tcp_rexmit                               0x0800cbd5   Thumb Code   156  tcp_out.o(.text.tcp_rexmit)
    tcp_rexmit_fast                          0x0800cc89   Thumb Code   204  tcp_out.o(.text.tcp_rexmit_fast)
    tcp_rexmit_rto                           0x0800cd75   Thumb Code   216  tcp_out.o(.text.tcp_rexmit_rto)
    tcp_rexmit_rto_commit                    0x0800ce69   Thumb Code    60  tcp_out.o(.text.tcp_rexmit_rto_commit)
    tcp_rexmit_rto_prepare                   0x0800cec9   Thumb Code   196  tcp_out.o(.text.tcp_rexmit_rto_prepare)
    tcp_rst                                  0x0800cfb1   Thumb Code    56  tcp_out.o(.text.tcp_rst)
    tcp_rst_netif                            0x0800d08d   Thumb Code    94  tcp_out.o(.text.tcp_rst_netif)
    tcp_seg_free                             0x0800d0ed   Thumb Code    32  tcp.o(.text.tcp_seg_free)
    tcp_segs_free                            0x0800d10d   Thumb Code    44  tcp.o(.text.tcp_segs_free)
    tcp_send_empty_ack                       0x0800d139   Thumb Code   216  tcp_out.o(.text.tcp_send_empty_ack)
    tcp_send_fin                             0x0800d231   Thumb Code   128  tcp_out.o(.text.tcp_send_fin)
    tcp_server_init                          0x0800d369   Thumb Code    88  tcp_server.o(.text.tcp_server_init)
    tcp_slowtmr                              0x0800d499   Thumb Code  1280  tcp.o(.text.tcp_slowtmr)
    tcp_split_unsent_seg                     0x0800da25   Thumb Code   440  tcp_out.o(.text.tcp_split_unsent_seg)
    tcp_timer_needed                         0x0800dc35   Thumb Code    66  timeouts.o(.text.tcp_timer_needed)
    tcp_tmr                                  0x0800dd1d   Thumb Code    34  tcp.o(.text.tcp_tmr)
    tcp_trigger_input_pcb_close              0x0800dd41   Thumb Code    18  tcp_in.o(.text.tcp_trigger_input_pcb_close)
    tcp_update_rcv_ann_wnd                   0x0800dd55   Thumb Code    96  tcp.o(.text.tcp_update_rcv_ann_wnd)
    tcp_write                                0x0800ddd9   Thumb Code  1264  tcp_out.o(.text.tcp_write)
    tcp_zero_window_probe                    0x0800e351   Thumb Code   316  tcp_out.o(.text.tcp_zero_window_probe)
    toggleGPIO                               0x0800e4f1   Thumb Code    10  led.o(.text.toggleGPIO)
    udp_bind                                 0x0800e4fd   Thumb Code   324  udp.o(.text.udp_bind)
    udp_connect                              0x0800e641   Thumb Code   350  udp.o(.text.udp_connect)
    udp_init                                 0x0800e7a1   Thumb Code     2  udp.o(.text.udp_init)
    udp_input                                0x0800e7a5   Thumb Code   572  udp.o(.text.udp_input)
    udp_netif_ip_addr_changed                0x0800ea31   Thumb Code   118  udp.o(.text.udp_netif_ip_addr_changed)
    udp_new                                  0x0800eaa9   Thumb Code    38  udp.o(.text.udp_new)
    udp_recv                                 0x0800ead1   Thumb Code    10  udp.o(.text.udp_recv)
    udp_remove                               0x0800eadd   Thumb Code    76  udp.o(.text.udp_remove)
    udp_sendto_if                            0x0800eb29   Thumb Code    82  udp.o(.text.udp_sendto_if)
    udp_sendto_if_src                        0x0800eb7d   Thumb Code   500  udp.o(.text.udp_sendto_if_src)
    __0printf$3                              0x0800eda1   Thumb Code    22  printf3.o(i.__0printf$3)
    __1printf$3                              0x0800eda1   Thumb Code     0  printf3.o(i.__0printf$3)
    __2printf                                0x0800eda1   Thumb Code     0  printf3.o(i.__0printf$3)
    __scatterload_copy                       0x0800edc1   Thumb Code    14  handlers.o(i.__scatterload_copy)
    __scatterload_null                       0x0800edcf   Thumb Code     2  handlers.o(i.__scatterload_null)
    __scatterload_zeroinit                   0x0800edd1   Thumb Code    14  handlers.o(i.__scatterload_zeroinit)
    fputc                                    0x0800ef99   Thumb Code    18  fputc.o(i.fputc)
    free                                     0x0800efad   Thumb Code    76  malloc.o(i.free)
    malloc                                   0x0800effd   Thumb Code    92  malloc.o(i.malloc)
    AHBPrescTable                            0x0800f068   Data          16  system_stm32f4xx.o(.rodata.AHBPrescTable)
    APBPrescTable                            0x0800f078   Data           8  system_stm32f4xx.o(.rodata.APBPrescTable)
    Driver_USART3                            0x0800f080   Data          56  USART_STM32F4xx.o(.rodata.Driver_USART3)
    ethbroadcast                             0x0800f104   Data           6  ethernet.o(.rodata.ethbroadcast)
    ethzero                                  0x0800f10a   Data           6  ethernet.o(.rodata.ethzero)
    initCmds                                 0x0800f110   Data         103  LCD_Driver.o(.rodata.initCmds)
    ip_addr_any                              0x0800f178   Data           4  ip4_addr.o(.rodata.ip_addr_any)
    ip_addr_broadcast                        0x0800f17c   Data           4  ip4_addr.o(.rodata.ip_addr_broadcast)
    lwip_cyclic_timers                       0x0800f1c0   Data          48  timeouts.o(.rodata.lwip_cyclic_timers)
    memp_FRAG_PBUF                           0x0800f1f0   Data          20  memp.o(.rodata.memp_FRAG_PBUF)
    memp_PBUF                                0x0800f204   Data          20  memp.o(.rodata.memp_PBUF)
    memp_PBUF_POOL                           0x0800f218   Data          20  memp.o(.rodata.memp_PBUF_POOL)
    memp_REASSDATA                           0x0800f22c   Data          20  memp.o(.rodata.memp_REASSDATA)
    memp_SYS_TIMEOUT                         0x0800f240   Data          20  memp.o(.rodata.memp_SYS_TIMEOUT)
    memp_TCP_PCB                             0x0800f254   Data          20  memp.o(.rodata.memp_TCP_PCB)
    memp_TCP_PCB_LISTEN                      0x0800f268   Data          20  memp.o(.rodata.memp_TCP_PCB_LISTEN)
    memp_TCP_SEG                             0x0800f27c   Data          20  memp.o(.rodata.memp_TCP_SEG)
    memp_UDP_PCB                             0x0800f290   Data          20  memp.o(.rodata.memp_UDP_PCB)
    memp_pools                               0x0800f2a4   Data          36  memp.o(.rodata.memp_pools)
    Region$$Table$$Base                      0x0800fd60   Number         0  anon$$obj.o(Region$$Table)
    Region$$Table$$Limit                     0x0800fd80   Number         0  anon$$obj.o(Region$$Table)
    __stdout                                 0x20000000   Data           4  stdout.o(.data)
    __microlib_freelist                      0x20000004   Data           4  mvars.o(.data)
    __microlib_freelist_initialised          0x20000008   Data           4  mvars.o(.data)
    Font16FLASH                              0x2000000c   Data           8  fontsFLASH.o(.data.Font16FLASH)
    SystemCoreClock                          0x20000014   Data           4  system_stm32f4xx.o(.data.SystemCoreClock)
    currentState                             0x2000001c   Data           1  main.o(.data.currentState)
    packageAvailableBinSem                   0x20000060   Data           4  ethernetif.o(.data.packageAvailableBinSem)
    taskList                                 0x20000068   Data          48  main.o(.data.taskList)
    uwTickFreq                               0x200000a0   Data           1  stm32f4xx_hal.o(.data.uwTickFreq)
    uwTickPrio                               0x200000a4   Data           4  stm32f4xx_hal.o(.data.uwTickPrio)
    DMARxDscrTab                             0x200000a8   Data         160  ethernetif.o(.bss.DMARxDscrTab)
    DMATxDscrTab                             0x20000148   Data         160  ethernetif.o(.bss.DMATxDscrTab)
    EthHandle                                0x200001e8   Data          72  ethernetif.o(.bss.EthHandle)
    Rx_Buff                                  0x20000230   Data        7620  ethernetif.o(.bss.Rx_Buff)
    Tx_Buff                                  0x20001ff4   Data        7620  ethernetif.o(.bss.Tx_Buff)
    currentTime                              0x20003ee4   Data           4  main.o(.bss.currentTime)
    ip_data                                  0x20003f70   Data          24  ip.o(.bss.ip_data)
    its_brd_netif                            0x20003f8c   Data          68  lwip_interface.o(.bss.its_brd_netif)
    lwip_stats                               0x20003fd0   Data         204  stats.o(.bss.lwip_stats)
    memp_memory_FRAG_PBUF_base               0x2000409c   Data         363  memp.o(.bss.memp_memory_FRAG_PBUF_base)
    memp_memory_PBUF_POOL_base               0x20004207   Data        8451  memp.o(.bss.memp_memory_PBUF_POOL_base)
    memp_memory_PBUF_base                    0x2000630a   Data         163  memp.o(.bss.memp_memory_PBUF_base)
    memp_memory_REASSDATA_base               0x200063ad   Data         163  memp.o(.bss.memp_memory_REASSDATA_base)
    memp_memory_SYS_TIMEOUT_base             0x20006450   Data         163  memp.o(.bss.memp_memory_SYS_TIMEOUT_base)
    memp_memory_TCP_PCB_LISTEN_base          0x200064f3   Data         143  memp.o(.bss.memp_memory_TCP_PCB_LISTEN_base)
    memp_memory_TCP_PCB_base                 0x20006582   Data         863  memp.o(.bss.memp_memory_TCP_PCB_base)
    memp_memory_TCP_SEG_base                 0x200068e1   Data         195  memp.o(.bss.memp_memory_TCP_SEG_base)
    memp_memory_UDP_PCB_base                 0x200069a4   Data         131  memp.o(.bss.memp_memory_UDP_PCB_base)
    netif_default                            0x20006b24   Data           4  netif.o(.bss.netif_default)
    netif_list                               0x20006b28   Data           4  netif.o(.bss.netif_list)
    tcp_active_pcbs                          0x20006b64   Data           4  tcp.o(.bss.tcp_active_pcbs)
    tcp_active_pcbs_changed                  0x20006b68   Data           1  tcp.o(.bss.tcp_active_pcbs_changed)
    tcp_bound_pcbs                           0x20006b6c   Data           4  tcp.o(.bss.tcp_bound_pcbs)
    tcp_input_pcb                            0x20006b70   Data           4  tcp_in.o(.bss.tcp_input_pcb)
    tcp_listen_pcbs                          0x20006b74   Data           4  tcp.o(.bss.tcp_listen_pcbs)
    tcp_server_pcb                           0x20006b78   Data           4  tcp_server.o(.bss.tcp_server_pcb)
    tcp_ticks                                0x20006b7c   Data           4  tcp.o(.bss.tcp_ticks)
    tcp_tw_pcbs                              0x20006b84   Data           4  tcp.o(.bss.tcp_tw_pcbs)
    udp_pcbs                                 0x20006b9c   Data           4  udp.o(.bss.udp_pcbs)
    uwTick                                   0x20006ba0   Data           4  stm32f4xx_hal.o(.bss.uwTick)
    __heap_base                              0x20006ba8   Data           0  startup_stm32f429xx.o(HEAP)
    __heap_limit                             0x200073a8   Data           0  startup_stm32f429xx.o(HEAP)
    __initial_sp                             0x200077a8   Data           0  startup_stm32f429xx.o(STACK)



==============================================================================

Memory Map of the image

  Image Entry point : 0x080001c1

  Load Region LR_IROM1 (Base: 0x08000000, Size: 0x0000fe28, Max: 0x00200000, ABSOLUTE)

    Execution Region ER_IROM1 (Exec base: 0x08000000, Load base: 0x08000000, Size: 0x0000fd80, Max: 0x00200000, ABSOLUTE)

    Exec Addr    Load Addr    Size         Type   Attr      Idx    E Section Name        Object

    0x08000000   0x08000000   0x000001ac   Data   RO           50    RESET               startup_stm32f429xx.o
    0x080001ac   0x080001ac   0x00000000   Code   RO         1846  * .ARM.Collect$$$$00000000  mc_w.l(entry.o)
    0x080001ac   0x080001ac   0x00000004   Code   RO         2200    .ARM.Collect$$$$00000001  mc_w.l(entry2.o)
    0x080001b0   0x080001b0   0x00000004   Code   RO         2203    .ARM.Collect$$$$00000004  mc_w.l(entry5.o)
    0x080001b4   0x080001b4   0x00000000   Code   RO         2205    .ARM.Collect$$$$00000008  mc_w.l(entry7b.o)
    0x080001b4   0x080001b4   0x00000000   Code   RO         2207    .ARM.Collect$$$$0000000A  mc_w.l(entry8b.o)
    0x080001b4   0x080001b4   0x00000008   Code   RO         2208    .ARM.Collect$$$$0000000B  mc_w.l(entry9a.o)
    0x080001bc   0x080001bc   0x00000000   Code   RO         2210    .ARM.Collect$$$$0000000D  mc_w.l(entry10a.o)
    0x080001bc   0x080001bc   0x00000000   Code   RO         2212    .ARM.Collect$$$$0000000F  mc_w.l(entry11a.o)
    0x080001bc   0x080001bc   0x00000004   Code   RO         2201    .ARM.Collect$$$$00002712  mc_w.l(entry2.o)
    0x080001c0   0x080001c0   0x00000024   Code   RO           51  * .text               startup_stm32f429xx.o
    0x080001e4   0x080001e4   0x00000062   Code   RO         1855    .text               mc_w.l(uldiv.o)
    0x08000246   0x08000246   0x00000040   Code   RO         1889    .text               mc_w.l(memmovea.o)
    0x08000286   0x08000286   0x00000024   Code   RO         1891    .text               mc_w.l(memseta.o)
    0x080002aa   0x080002aa   0x0000000e   Code   RO         1893    .text               mc_w.l(strlen.o)
    0x080002b8   0x080002b8   0x0000001a   Code   RO         1895    .text               mc_w.l(memcmp.o)
    0x080002d2   0x080002d2   0x0000002c   Code   RO         2228    .text               mc_w.l(uidiv.o)
    0x080002fe   0x080002fe   0x0000001e   Code   RO         2230    .text               mc_w.l(llshl.o)
    0x0800031c   0x0800031c   0x00000020   Code   RO         2232    .text               mc_w.l(llushr.o)
    0x0800033c   0x0800033c   0x00000030   Code   RO         2260    .text               mc_w.l(init.o)
    0x0800036c   0x0800036c   0x00000000   Code   RO         2262    .text               mc_w.l(semi.o)
    0x0800036c   0x0800036c   0x00000000   Code   RO         2267    .text               mc_w.l(iusesemip.o)
    0x0800036c   0x0800036c   0x00000002   Code   RO           69    .text.BusFault_Handler  stm32f4xx_it.o
    0x0800036e   0x0800036e   0x00000002   PAD
    0x08000370   0x08000370   0x00000002   Code   RO           75    .text.DebugMon_Handler  stm32f4xx_it.o
    0x08000372   0x08000372   0x00000002   PAD
    0x08000374   0x08000374   0x00000004   Code   RO          964    .text.Driver_Delay_ms  LCD_Tools.o
    0x08000378   0x08000378   0x0000000c   Code   RO           81    .text.ETH_IRQHandler  stm32f4xx_it.o
    0x08000384   0x08000384   0x000000f6   Code   RO          737    .text.ETH_MACDMAConfig  stm32f4xx_hal_eth.o
    0x0800047a   0x0800047a   0x00000002   PAD
    0x0800047c   0x0800047c   0x000000e8   Code   RO         1003    .text.Error_Handler  error.o
    0x08000564   0x08000564   0x0000013c   Code   RO          948    .text.GPIO_Init     LCD_GPIO.o
    0x080006a0   0x080006a0   0x00000054   Code   RO          904    .text.GUI_disNum    LCD_GUI.o
    0x080006f4   0x080006f4   0x00000114   Code   RO          902    .text.GUI_disStr    LCD_GUI.o
    0x08000808   0x08000808   0x000000c6   Code   RO          898    .text.GUI_drawRectangle  LCD_GUI.o
    0x080008ce   0x080008ce   0x00000002   PAD
    0x080008d0   0x080008d0   0x00000012   Code   RO          892    .text.GUI_init      LCD_GUI.o
    0x080008e2   0x080008e2   0x00000002   PAD
    0x080008e4   0x080008e4   0x00000028   Code   RO          220    .text.HAL_Delay     stm32f4xx_hal.o
    0x0800090c   0x0800090c   0x00000166   Code   RO          747    .text.HAL_ETH_DMARxDescListInit  stm32f4xx_hal_eth.o
    0x08000a72   0x08000a72   0x00000002   PAD
    0x08000a74   0x08000a74   0x000001d0   Code   RO          745    .text.HAL_ETH_DMATxDescListInit  stm32f4xx_hal_eth.o
    0x08000c44   0x08000c44   0x00000002   Code   RO          761    .text.HAL_ETH_ErrorCallback  stm32f4xx_hal_eth.o
    0x08000c46   0x08000c46   0x00000002   PAD
    0x08000c48   0x08000c48   0x00000124   Code   RO          753    .text.HAL_ETH_GetReceivedFrame_IT  stm32f4xx_hal_eth.o
    0x08000d6c   0x08000d6c   0x0000006c   Code   RO          755    .text.HAL_ETH_IRQHandler  stm32f4xx_hal_eth.o
    0x08000dd8   0x08000dd8   0x00000378   Code   RO          731    .text.HAL_ETH_Init  stm32f4xx_hal_eth.o
    0x08001150   0x08001150   0x000000fe   Code   RO         1816    .text.HAL_ETH_MspInit  ethernetif.o
    0x0800124e   0x0800124e   0x00000002   PAD
    0x08001250   0x08001250   0x0000006c   Code   RO          739    .text.HAL_ETH_ReadPHYRegister  stm32f4xx_hal_eth.o
    0x080012bc   0x080012bc   0x0000000e   Code   RO         1830    .text.HAL_ETH_RxCpltCallback  ethernetif.o
    0x080012ca   0x080012ca   0x00000002   PAD
    0x080012cc   0x080012cc   0x00000142   Code   RO          763    .text.HAL_ETH_Start  stm32f4xx_hal_eth.o
    0x0800140e   0x0800140e   0x00000002   PAD
    0x08001410   0x08001410   0x0000024c   Code   RO          749    .text.HAL_ETH_TransmitFrame  stm32f4xx_hal_eth.o
    0x0800165c   0x0800165c   0x00000002   Code   RO          759    .text.HAL_ETH_TxCpltCallback  stm32f4xx_hal_eth.o
    0x0800165e   0x0800165e   0x00000002   PAD
    0x08001660   0x08001660   0x000001be   Code   RO          164    .text.HAL_GPIO_DeInit  stm32f4xx_hal_gpio.o
    0x0800181e   0x0800181e   0x00000002   PAD
    0x08001820   0x08001820   0x000001d4   Code   RO          162    .text.HAL_GPIO_Init  stm32f4xx_hal_gpio.o
    0x080019f4   0x080019f4   0x0000000e   Code   RO          170    .text.HAL_GPIO_TogglePin  stm32f4xx_hal_gpio.o
    0x08001a02   0x08001a02   0x00000002   PAD
    0x08001a04   0x08001a04   0x0000000a   Code   RO          168    .text.HAL_GPIO_WritePin  stm32f4xx_hal_gpio.o
    0x08001a0e   0x08001a0e   0x00000002   PAD
    0x08001a10   0x08001a10   0x0000000c   Code   RO          212    .text.HAL_GetTick   stm32f4xx_hal.o
    0x08001a1c   0x08001a1c   0x0000001a   Code   RO          210    .text.HAL_IncTick   stm32f4xx_hal.o
    0x08001a36   0x08001a36   0x00000002   PAD
    0x08001a38   0x08001a38   0x0000002e   Code   RO          200    .text.HAL_Init      stm32f4xx_hal.o
    0x08001a66   0x08001a66   0x00000002   PAD
    0x08001a68   0x08001a68   0x00000050   Code   RO          202    .text.HAL_InitTick  stm32f4xx_hal.o
    0x08001ab8   0x08001ab8   0x00000002   Code   RO          204    .text.HAL_MspInit   stm32f4xx_hal.o
    0x08001aba   0x08001aba   0x00000002   PAD
    0x08001abc   0x08001abc   0x0000002a   Code   RO           92    .text.HAL_NVIC_DisableIRQ  stm32f4xx_hal_cortex.o
    0x08001ae6   0x08001ae6   0x00000002   PAD
    0x08001ae8   0x08001ae8   0x00000022   Code   RO           90    .text.HAL_NVIC_EnableIRQ  stm32f4xx_hal_cortex.o
    0x08001b0a   0x08001b0a   0x00000002   PAD
    0x08001b0c   0x08001b0c   0x00000056   Code   RO           88    .text.HAL_NVIC_SetPriority  stm32f4xx_hal_cortex.o
    0x08001b62   0x08001b62   0x00000002   PAD
    0x08001b64   0x08001b64   0x00000020   Code   RO           86    .text.HAL_NVIC_SetPriorityGrouping  stm32f4xx_hal_cortex.o
    0x08001b84   0x08001b84   0x0000007a   Code   RO          192    .text.HAL_PWREx_EnableOverDrive  stm32f4xx_hal_pwr_ex.o
    0x08001bfe   0x08001bfe   0x00000002   PAD
    0x08001c00   0x08001c00   0x00000160   Code   RO          267    .text.HAL_RCC_ClockConfig  stm32f4xx_hal_rcc.o
    0x08001d60   0x08001d60   0x0000000c   Code   RO          277    .text.HAL_RCC_GetHCLKFreq  stm32f4xx_hal_rcc.o
    0x08001d6c   0x08001d6c   0x00000026   Code   RO          279    .text.HAL_RCC_GetPCLK1Freq  stm32f4xx_hal_rcc.o
    0x08001d92   0x08001d92   0x00000002   PAD
    0x08001d94   0x08001d94   0x0000006a   Code   RO          269    .text.HAL_RCC_GetSysClockFreq  stm32f4xx_hal_rcc.o
    0x08001dfe   0x08001dfe   0x00000002   PAD
    0x08001e00   0x08001e00   0x00000360   Code   RO          265    .text.HAL_RCC_OscConfig  stm32f4xx_hal_rcc.o
    0x08002160   0x08002160   0x0000002c   Code   RO           98    .text.HAL_SYSTICK_Config  stm32f4xx_hal_cortex.o
    0x0800218c   0x0800218c   0x000000b6   Code   RO          715    .text.HAL_TIMEx_MasterConfigSynchronization  stm32f4xx_hal_tim_ex.o
    0x08002242   0x08002242   0x00000002   PAD
    0x08002244   0x08002244   0x0000021a   Code   RO          447    .text.HAL_TIM_PWM_ConfigChannel  stm32f4xx_hal_tim.o
    0x0800245e   0x0800245e   0x00000002   PAD
    0x08002460   0x08002460   0x00000036   Code   RO          347    .text.HAL_TIM_PWM_Init  stm32f4xx_hal_tim.o
    0x08002496   0x08002496   0x00000002   PAD
    0x08002498   0x08002498   0x00000034   Code   RO          954    .text.HAL_TIM_PWM_MspInit  LCD_TIM.o
    0x080024cc   0x080024cc   0x0000004c   Code   RO          355    .text.HAL_TIM_PWM_Start  stm32f4xx_hal_tim.o
    0x08002518   0x08002518   0x00000002   Code   RO           65    .text.HardFault_Handler  stm32f4xx_it.o
    0x0800251a   0x0800251a   0x00000002   PAD
    0x0800251c   0x0800251c   0x0000007a   Code   RO          968    .text.LCDErrHandler  LCD_Tools.o
    0x08002596   0x08002596   0x00000002   PAD
    0x08002598   0x08002598   0x00000010   Code   RO          883    .text.LCD_clear     LCD_Driver.o
    0x080025a8   0x080025a8   0x00000134   Code   RO          881    .text.LCD_fillRectangleBW  LCD_Driver.o
    0x080026dc   0x080026dc   0x000000d0   Code   RO          877    .text.LCD_fillRectangleMC  LCD_Driver.o
    0x080027ac   0x080027ac   0x00000242   Code   RO          875    .text.LCD_init      LCD_Driver.o
    0x080029ee   0x080029ee   0x00000002   PAD
    0x080029f0   0x080029f0   0x000001fc   Code   RO          879    .text.LCD_setWindow  LCD_Driver.o
    0x08002bec   0x08002bec   0x00000002   Code   RO           67    .text.MemManage_Handler  stm32f4xx_it.o
    0x08002bee   0x08002bee   0x00000002   PAD
    0x08002bf0   0x08002bf0   0x00000002   Code   RO           63    .text.NMI_Handler   stm32f4xx_it.o
    0x08002bf2   0x08002bf2   0x00000002   PAD
    0x08002bf4   0x08002bf4   0x0000002e   Code   RO          958    .text.PWM_SetValue  LCD_TIM.o
    0x08002c22   0x08002c22   0x00000002   PAD
    0x08002c24   0x08002c24   0x00000002   Code   RO           77    .text.PendSV_Handler  stm32f4xx_it.o
    0x08002c26   0x08002c26   0x00000002   PAD
    0x08002c28   0x08002c28   0x0000011e   Code   RO          940    .text.SPI4W_Write_Byte  LCD_SPI.o
    0x08002d46   0x08002d46   0x00000002   PAD
    0x08002d48   0x08002d48   0x000000c6   Code   RO          934    .text.SPIinit       LCD_SPI.o
    0x08002e0e   0x08002e0e   0x00000002   PAD
    0x08002e10   0x08002e10   0x00000002   Code   RO           73    .text.SVC_Handler   stm32f4xx_it.o
    0x08002e12   0x08002e12   0x00000002   PAD
    0x08002e14   0x08002e14   0x00000072   Code   RO         1774    .text.Scheduler     main.o
    0x08002e86   0x08002e86   0x00000002   PAD
    0x08002e88   0x08002e88   0x00000004   Code   RO           79    .text.SysTick_Handler  stm32f4xx_it.o
    0x08002e8c   0x08002e8c   0x00000056   Code   RO           54    .text.SystemInit    system_stm32f4xx.o
    0x08002ee2   0x08002ee2   0x00000002   PAD
    0x08002ee4   0x08002ee4   0x00000020   Code   RO         1766    .text.TASK_ETHERNET_FRAME_PULL  main.o
    0x08002f04   0x08002f04   0x000000b8   Code   RO          952    .text.TIM4_Init     LCD_TIM.o
    0x08002fbc   0x08002fbc   0x00000124   Code   RO          297    .text.TIM_Base_SetConfig  stm32f4xx_hal_tim.o
    0x080030e0   0x080030e0   0x0000004a   Code   RO          923    .text.TP_InitBasic  LCD_Touch.o
    0x0800312a   0x0800312a   0x00000002   PAD
    0x0800312c   0x0800312c   0x0000001e   Code   RO         1768    .text.Task1         main.o
    0x0800314a   0x0800314a   0x00000002   PAD
    0x0800314c   0x0800314c   0x0000001e   Code   RO         1770    .text.Task2         main.o
    0x0800316a   0x0800316a   0x00000002   PAD
    0x0800316c   0x0800316c   0x00000854   Code   RO         1097    .text.USART3_Control  USART_STM32F4xx.o
    0x080039c0   0x080039c0   0x00000006   Code   RO         1079    .text.USART3_GetCapabilities  USART_STM32F4xx.o
    0x080039c6   0x080039c6   0x00000002   PAD
    0x080039c8   0x080039c8   0x00000004   Code   RO         1103    .text.USART3_GetModemStatus  USART_STM32F4xx.o
    0x080039cc   0x080039cc   0x0000000c   Code   RO         1095    .text.USART3_GetRxCount  USART_STM32F4xx.o
    0x080039d8   0x080039d8   0x00000074   Code   RO         1099    .text.USART3_GetStatus  USART_STM32F4xx.o
    0x08003a4c   0x08003a4c   0x0000000c   Code   RO         1093    .text.USART3_GetTxCount  USART_STM32F4xx.o
    0x08003a58   0x08003a58   0x0000000c   Code   RO         1075    .text.USART3_IRQHandler  USART_STM32F4xx.o
    0x08003a64   0x08003a64   0x00000066   Code   RO         1081    .text.USART3_Initialize  USART_STM32F4xx.o
    0x08003aca   0x08003aca   0x00000002   PAD
    0x08003acc   0x08003acc   0x00000004   Code   RO         1085    .text.USART3_PowerControl  USART_STM32F4xx.o
    0x08003ad0   0x08003ad0   0x000000b8   Code   RO         1089    .text.USART3_Receive  USART_STM32F4xx.o
    0x08003b88   0x08003b88   0x00000078   Code   RO         1087    .text.USART3_Send   USART_STM32F4xx.o
    0x08003c00   0x08003c00   0x0000002e   Code   RO         1101    .text.USART3_SetModemControl  USART_STM32F4xx.o
    0x08003c2e   0x08003c2e   0x00000002   PAD
    0x08003c30   0x08003c30   0x000000c6   Code   RO         1091    .text.USART3_Transfer  USART_STM32F4xx.o
    0x08003cf6   0x08003cf6   0x00000002   PAD
    0x08003cf8   0x08003cf8   0x0000006c   Code   RO         1083    .text.USART3_Uninitialize  USART_STM32F4xx.o
    0x08003d64   0x08003d64   0x00000224   Code   RO         1073    .text.USART_IRQHandler  USART_STM32F4xx.o
    0x08003f88   0x08003f88   0x000000e6   Code   RO         1105    .text.USART_PowerControl  USART_STM32F4xx.o
    0x0800406e   0x0800406e   0x00000002   PAD
    0x08004070   0x08004070   0x0000000a   Code   RO         1077    .text.USARTx_GetVersion  USART_STM32F4xx.o
    0x0800407a   0x0800407a   0x00000002   PAD
    0x0800407c   0x0800407c   0x00000002   Code   RO           71    .text.UsageFault_Handler  stm32f4xx_it.o
    0x0800407e   0x0800407e   0x00000002   PAD
    0x08004080   0x08004080   0x0000007c   Code   RO         1181    .text.acd_add       acd.o
    0x080040fc   0x080040fc   0x000000d6   Code   RO         1193    .text.acd_arp_reply  acd.o
    0x080041d2   0x080041d2   0x00000002   PAD
    0x080041d4   0x080041d4   0x0000007e   Code   RO         1195    .text.acd_netif_ip_addr_changed  acd.o
    0x08004252   0x08004252   0x00000002   PAD
    0x08004254   0x08004254   0x00000088   Code   RO         1183    .text.acd_remove    acd.o
    0x080042dc   0x080042dc   0x00000042   Code   RO         1185    .text.acd_start     acd.o
    0x0800431e   0x0800431e   0x00000002   PAD
    0x08004320   0x08004320   0x00000142   Code   RO         1191    .text.acd_tmr       acd.o
    0x08004462   0x08004462   0x00000002   PAD
    0x08004464   0x08004464   0x0000002a   Code   RO         1793    .text.check_input   lwip_interface.o
    0x0800448e   0x0800448e   0x00000002   PAD
    0x08004490   0x08004490   0x000000ea   Code   RO         1236    .text.dhcp_bind     dhcp.o
    0x0800457a   0x0800457a   0x00000002   PAD
    0x0800457c   0x0800457c   0x0000001c   Code   RO         1242    .text.dhcp_check    dhcp.o
    0x08004598   0x08004598   0x000001d0   Code   RO         1200    .text.dhcp_coarse_tmr  dhcp.o
    0x08004768   0x08004768   0x0000016c   Code   RO         1212    .text.dhcp_conflict_callback  dhcp.o
    0x080048d4   0x080048d4   0x00000154   Code   RO         1220    .text.dhcp_create_msg  dhcp.o
    0x08004a28   0x08004a28   0x00000132   Code   RO         1216    .text.dhcp_discover  dhcp.o
    0x08004b5a   0x08004b5a   0x00000002   PAD
    0x08004b5c   0x08004b5c   0x00000082   Code   RO         1206    .text.dhcp_fine_tmr  dhcp.o
    0x08004bde   0x08004bde   0x00000002   PAD
    0x08004be0   0x08004be0   0x00000076   Code   RO         1240    .text.dhcp_handle_ack  dhcp.o
    0x08004c56   0x08004c56   0x00000002   PAD
    0x08004c58   0x08004c58   0x00000032   Code   RO         1244    .text.dhcp_handle_nak  dhcp.o
    0x08004c8a   0x08004c8a   0x00000002   PAD
    0x08004c8c   0x08004c8c   0x0000003c   Code   RO         1246    .text.dhcp_handle_offer  dhcp.o
    0x08004cc8   0x08004cc8   0x000000b4   Code   RO         1214    .text.dhcp_inc_pcb_refcount  dhcp.o
    0x08004d7c   0x08004d7c   0x00000156   Code   RO         1224    .text.dhcp_reboot   dhcp.o
    0x08004ed2   0x08004ed2   0x00000002   PAD
    0x08004ed4   0x08004ed4   0x00000424   Code   RO         1238    .text.dhcp_recv     dhcp.o
    0x080052f8   0x080052f8   0x00000178   Code   RO         1202    .text.dhcp_release_and_stop  dhcp.o
    0x08005470   0x08005470   0x00000120   Code   RO         1226    .text.dhcp_renew    dhcp.o
    0x08005590   0x08005590   0x000001b6   Code   RO         1234    .text.dhcp_select   dhcp.o
    0x08005746   0x08005746   0x00000002   PAD
    0x08005748   0x08005748   0x000000ea   Code   RO         1204    .text.dhcp_start    dhcp.o
    0x08005832   0x08005832   0x00000002   PAD
    0x08005834   0x08005834   0x00000030   Code   RO         1280    .text.etharp_acd_announce  etharp.o
    0x08005864   0x08005864   0x00000038   Code   RO         1278    .text.etharp_acd_probe  etharp.o
    0x0800589c   0x0800589c   0x00000044   Code   RO         1260    .text.etharp_cleanup_netif  etharp.o
    0x080058e0   0x080058e0   0x000001d4   Code   RO         1264    .text.etharp_find_entry  etharp.o
    0x08005ab4   0x08005ab4   0x000001a8   Code   RO         1268    .text.etharp_input  etharp.o
    0x08005c5c   0x08005c5c   0x00000280   Code   RO         1272    .text.etharp_output  etharp.o
    0x08005edc   0x08005edc   0x000000f4   Code   RO         1274    .text.etharp_output_to_arp_index  etharp.o
    0x08005fd0   0x08005fd0   0x000001d4   Code   RO         1276    .text.etharp_query  etharp.o
    0x080061a4   0x080061a4   0x00000144   Code   RO         1270    .text.etharp_raw    etharp.o
    0x080062e8   0x080062e8   0x000000b0   Code   RO         1256    .text.etharp_tmr    etharp.o
    0x08006398   0x08006398   0x000000d8   Code   RO         1123    .text.ethernet_input  ethernet.o
    0x08006470   0x08006470   0x000000f8   Code   RO         1125    .text.ethernet_output  ethernet.o
    0x08006568   0x08006568   0x00000134   Code   RO         1820    .text.ethernetif_init  ethernetif.o
    0x0800669c   0x0800669c   0x00000278   Code   RO         1818    .text.ethernetif_input  ethernetif.o
    0x08006914   0x08006914   0x00000008   Code   RO         1289    .text.icmp_dest_unreach  icmp.o
    0x0800691c   0x0800691c   0x00000238   Code   RO         1287    .text.icmp_input    icmp.o
    0x08006b54   0x08006b54   0x000000e8   Code   RO         1291    .text.icmp_send_response  icmp.o
    0x08006c3c   0x08006c3c   0x00000008   Code   RO         1293    .text.icmp_time_exceeded  icmp.o
    0x08006c44   0x08006c44   0x000000fc   Code   RO         1743    .text.inet_chksum_pbuf  inet_chksum.o
    0x08006d40   0x08006d40   0x00000160   Code   RO         1030    .text.initITSboard  init.o
    0x08006ea0   0x08006ea0   0x0000004e   Code   RO         1789    .text.init_lwip_stack  lwip_interface.o
    0x08006eee   0x08006eee   0x00000002   PAD
    0x08006ef0   0x08006ef0   0x00000030   Code   RO         1148    .text.ip4_addr_isbroadcast_u32  ip4_addr.o
    0x08006f20   0x08006f20   0x0000025c   Code   RO         1172    .text.ip4_frag      ip4_frag.o
    0x0800717c   0x0800717c   0x00000234   Code   RO         1134    .text.ip4_input     ip4.o
    0x080073b0   0x080073b0   0x00000026   Code   RO         1136    .text.ip4_output_if  ip4.o
    0x080073d6   0x080073d6   0x00000002   PAD
    0x080073d8   0x080073d8   0x0000014c   Code   RO         1138    .text.ip4_output_if_src  ip4.o
    0x08007524   0x08007524   0x00000608   Code   RO         1170    .text.ip4_reass     ip4_frag.o
    0x08007b2c   0x08007b2c   0x0000007c   Code   RO         1132    .text.ip4_route     ip4.o
    0x08007ba8   0x08007ba8   0x00000194   Code   RO         1168    .text.ip_reass_free_complete_datagram  ip4_frag.o
    0x08007d3c   0x08007d3c   0x0000003a   Code   RO         1166    .text.ip_reass_tmr  ip4_frag.o
    0x08007d76   0x08007d76   0x00000002   PAD
    0x08007d78   0x08007d78   0x0000004c   Code   RO         1174    .text.ipfrag_free_pbuf_custom  ip4_frag.o
    0x08007dc4   0x08007dc4   0x000001de   Code   RO          970    .text.itoa          LCD_Tools.o
    0x08007fa2   0x08007fa2   0x00000002   PAD
    0x08007fa4   0x08007fa4   0x0000014c   Code   RO         1007    .text.lcdPrintS     lcd.o
    0x080080f0   0x080080f0   0x0000003a   Code   RO         1013    .text.lcdPrintlnS   lcd.o
    0x0800812a   0x0800812a   0x00000002   PAD
    0x0800812c   0x0800812c   0x000001e2   Code   RO         1822    .text.low_level_output  ethernetif.o
    0x0800830e   0x0800830e   0x00000002   PAD
    0x08008310   0x08008310   0x00000160   Code   RO         1678    .text.lwip_cyclic_timer  timeouts.o
    0x08008470   0x08008470   0x00000004   Code   RO         1300    .text.lwip_htonl    def.o
    0x08008474   0x08008474   0x00000004   Code   RO         1298    .text.lwip_htons    def.o
    0x08008478   0x08008478   0x00000022   Code   RO         1747    .text.lwip_init     init.o
    0x0800849a   0x0800849a   0x00000002   PAD
    0x0800849c   0x0800849c   0x00000078   Code   RO         1772    .text.main          main.o
    0x08008514   0x08008514   0x00000078   Code   RO         1322    .text.mem_free      mem.o
    0x0800858c   0x0800858c   0x00000002   Code   RO         1316    .text.mem_init      mem.o
    0x0800858e   0x0800858e   0x00000002   PAD
    0x08008590   0x08008590   0x00000060   Code   RO         1320    .text.mem_malloc    mem.o
    0x080085f0   0x080085f0   0x00000002   Code   RO         1318    .text.mem_trim      mem.o
    0x080085f2   0x080085f2   0x00000002   PAD
    0x080085f4   0x080085f4   0x0000005c   Code   RO         1339    .text.memp_free     memp.o
    0x08008650   0x08008650   0x00000154   Code   RO         1331    .text.memp_init     memp.o
    0x080087a4   0x080087a4   0x0000006e   Code   RO         1335    .text.memp_malloc   memp.o
    0x08008812   0x08008812   0x00000002   PAD
    0x08008814   0x08008814   0x00000150   Code   RO         1387    .text.netif_add     netif.o
    0x08008964   0x08008964   0x0000004a   Code   RO         1791    .text.netif_config  lwip_interface.o
    0x080089ae   0x080089ae   0x00000002   PAD
    0x080089b0   0x080089b0   0x00000054   Code   RO         1421    .text.netif_get_by_index  netif.o
    0x08008a04   0x08008a04   0x00000002   Code   RO         1381    .text.netif_init    netif.o
    0x08008a06   0x08008a06   0x00000002   PAD
    0x08008a08   0x08008a08   0x00000006   Code   RO         1389    .text.netif_null_output_ip4  netif.o
    0x08008a0e   0x08008a0e   0x00000002   PAD
    0x08008a10   0x08008a10   0x000000d4   Code   RO         1391    .text.netif_set_addr  netif.o
    0x08008ae4   0x08008ae4   0x0000000c   Code   RO         1403    .text.netif_set_default  netif.o
    0x08008af0   0x08008af0   0x00000034   Code   RO         1401    .text.netif_set_down  netif.o
    0x08008b24   0x08008b24   0x0000001c   Code   RO         1405    .text.netif_set_up  netif.o
    0x08008b40   0x08008b40   0x0000006e   Code   RO         1439    .text.pbuf_add_header  pbuf.o
    0x08008bae   0x08008bae   0x00000002   PAD
    0x08008bb0   0x08008bb0   0x0000017c   Code   RO         1429    .text.pbuf_alloc    pbuf.o
    0x08008d2c   0x08008d2c   0x0000003e   Code   RO         1435    .text.pbuf_alloced_custom  pbuf.o
    0x08008d6a   0x08008d6a   0x00000002   PAD
    0x08008d6c   0x08008d6c   0x000000f8   Code   RO         1457    .text.pbuf_cat      pbuf.o
    0x08008e64   0x08008e64   0x00000046   Code   RO         1459    .text.pbuf_chain    pbuf.o
    0x08008eaa   0x08008eaa   0x00000002   PAD
    0x08008eac   0x08008eac   0x00000034   Code   RO         1453    .text.pbuf_clen     pbuf.o
    0x08008ee0   0x08008ee0   0x00000050   Code   RO         1479    .text.pbuf_clone    pbuf.o
    0x08008f30   0x08008f30   0x00000012   Code   RO         1463    .text.pbuf_copy     pbuf.o
    0x08008f42   0x08008f42   0x00000002   PAD
    0x08008f44   0x08008f44   0x00000064   Code   RO         1467    .text.pbuf_copy_partial  pbuf.o
    0x08008fa8   0x08008fa8   0x00000144   Code   RO         1465    .text.pbuf_copy_partial_pbuf  pbuf.o
    0x080090ec   0x080090ec   0x0000011c   Code   RO         1433    .text.pbuf_free     pbuf.o
    0x08009208   0x08009208   0x00000006   Code   RO         1449    .text.pbuf_header_force  pbuf.o
    0x0800920e   0x0800920e   0x00000002   PAD
    0x08009210   0x08009210   0x000000be   Code   RO         1447    .text.pbuf_header_impl  pbuf.o
    0x080092ce   0x080092ce   0x00000002   PAD
    0x080092d0   0x080092d0   0x00000178   Code   RO         1437    .text.pbuf_realloc  pbuf.o
    0x08009448   0x08009448   0x00000040   Code   RO         1455    .text.pbuf_ref      pbuf.o
    0x08009488   0x08009488   0x00000056   Code   RO         1443    .text.pbuf_remove_header  pbuf.o
    0x080094de   0x080094de   0x00000002   PAD
    0x080094e0   0x080094e0   0x000000a0   Code   RO          989    .text.printDebugMsg  LCD_Debug.o
    0x08009580   0x08009580   0x00000002   Code   RO         1751    .text.stats_init    stats.o
    0x08009582   0x08009582   0x00000002   PAD
    0x08009584   0x08009584   0x00000044   Code   RO         1115    .text.stdinout_init  stdinout_USART.o
    0x080095c8   0x080095c8   0x0000004e   Code   RO         1682    .text.sys_check_timeouts  timeouts.o
    0x08009616   0x08009616   0x00000002   PAD
    0x08009618   0x08009618   0x00000004   Code   RO         1798    .text.sys_now       sys_arch.o
    0x0800961c   0x0800961c   0x0000010c   Code   RO         1672    .text.sys_timeout   timeouts.o
    0x08009728   0x08009728   0x0000005a   Code   RO         1676    .text.sys_timeouts_init  timeouts.o
    0x08009782   0x08009782   0x00000002   PAD
    0x08009784   0x08009784   0x000001c0   Code   RO         1512    .text.tcp_abandon   tcp.o
    0x08009944   0x08009944   0x00000006   Code   RO         1518    .text.tcp_abort     tcp.o
    0x0800994a   0x0800994a   0x00000002   PAD
    0x0800994c   0x0800994c   0x00000010   Code   RO         1568    .text.tcp_accept    tcp.o
    0x0800995c   0x0800995c   0x00000058   Code   RO         1528    .text.tcp_accept_null  tcp.o
    0x080099b4   0x080099b4   0x000002be   Code   RO         1552    .text.tcp_alloc     tcp.o
    0x08009c72   0x08009c72   0x00000002   PAD
    0x08009c74   0x08009c74   0x0000025a   Code   RO         1520    .text.tcp_bind      tcp.o
    0x08009ece   0x08009ece   0x00000002   PAD
    0x08009ed0   0x08009ed0   0x0000001e   Code   RO         1506    .text.tcp_close     tcp.o
    0x08009eee   0x08009eee   0x00000002   PAD
    0x08009ef0   0x08009ef0   0x00000314   Code   RO         1508    .text.tcp_close_shutdown  tcp.o
    0x0800a204   0x0800a204   0x00000128   Code   RO         1631    .text.tcp_create_segment  tcp_out.o
    0x0800a32c   0x0800a32c   0x00000070   Code   RO         1538    .text.tcp_eff_send_mss_netif  tcp.o
    0x0800a39c   0x0800a39c   0x0000021c   Code   RO         1637    .text.tcp_enqueue_flags  tcp_out.o
    0x0800a5b8   0x0800a5b8   0x00000060   Code   RO         1566    .text.tcp_err       tcp.o
    0x0800a618   0x0800a618   0x000000cc   Code   RO         1502    .text.tcp_fasttmr   tcp.o
    0x0800a6e4   0x0800a6e4   0x00000038   Code   RO         1498    .text.tcp_free      tcp.o
    0x0800a71c   0x0800a71c   0x00000118   Code   RO         1609    .text.tcp_free_acked_segments  tcp_in.o
    0x0800a834   0x0800a834   0x00000002   Code   RO         1496    .text.tcp_init      tcp.o
    0x0800a836   0x0800a836   0x00000002   PAD
    0x0800a838   0x0800a838   0x0000073c   Code   RO         1593    .text.tcp_input     tcp_in.o
    0x0800af74   0x0800af74   0x00000042   Code   RO         1601    .text.tcp_input_delayed_close  tcp_in.o
    0x0800afb6   0x0800afb6   0x00000002   PAD
    0x0800afb8   0x0800afb8   0x000000dc   Code   RO         1661    .text.tcp_keepalive  tcp_out.o
    0x0800b094   0x0800b094   0x00000066   Code   RO         1554    .text.tcp_kill_prio  tcp.o
    0x0800b0fa   0x0800b0fa   0x00000002   PAD
    0x0800b0fc   0x0800b0fc   0x00000172   Code   RO         1597    .text.tcp_listen_input  tcp_in.o
    0x0800b26e   0x0800b26e   0x00000002   PAD
    0x0800b270   0x0800b270   0x00000008   Code   RO         1524    .text.tcp_listen_with_backlog  tcp.o
    0x0800b278   0x0800b278   0x000000ec   Code   RO         1526    .text.tcp_listen_with_backlog_and_err  tcp.o
    0x0800b364   0x0800b364   0x000000ac   Code   RO         1572    .text.tcp_netif_ip_addr_changed  tcp.o
    0x0800b410   0x0800b410   0x00000006   Code   RO         1556    .text.tcp_new       tcp.o
    0x0800b416   0x0800b416   0x00000002   PAD
    0x0800b418   0x0800b418   0x00000060   Code   RO         1536    .text.tcp_next_iss  tcp.o
    0x0800b478   0x0800b478   0x0000043c   Code   RO         1639    .text.tcp_output    tcp_out.o
    0x0800b8b4   0x0800b8b4   0x000000c0   Code   RO         1665    .text.tcp_output_alloc_header_common  tcp_out.o
    0x0800b974   0x0800b974   0x0000006a   Code   RO         1657    .text.tcp_output_control_segment  tcp_out.o
    0x0800b9de   0x0800b9de   0x00000002   PAD
    0x0800b9e0   0x0800b9e0   0x00000220   Code   RO         1605    .text.tcp_parseopt  tcp_in.o
    0x0800bc00   0x0800bc00   0x00000086   Code   RO         1540    .text.tcp_pcb_purge  tcp.o
    0x0800bc86   0x0800bc86   0x00000002   PAD
    0x0800bc88   0x0800bc88   0x0000015c   Code   RO         1514    .text.tcp_pcb_remove  tcp.o
    0x0800bde4   0x0800bde4   0x0000005c   Code   RO         1570    .text.tcp_poll      tcp.o
    0x0800be40   0x0800be40   0x000005e8   Code   RO         1599    .text.tcp_process   tcp_in.o
    0x0800c428   0x0800c428   0x00000082   Code   RO         1542    .text.tcp_process_refused_data  tcp.o
    0x0800c4aa   0x0800c4aa   0x00000002   PAD
    0x0800c4ac   0x0800c4ac   0x000005bc   Code   RO         1607    .text.tcp_receive   tcp_in.o
    0x0800ca68   0x0800ca68   0x00000060   Code   RO         1562    .text.tcp_recv      tcp.o
    0x0800cac8   0x0800cac8   0x00000048   Code   RO         1546    .text.tcp_recv_null  tcp.o
    0x0800cb10   0x0800cb10   0x000000c4   Code   RO         1532    .text.tcp_recved    tcp.o
    0x0800cbd4   0x0800cbd4   0x000000b4   Code   RO         1649    .text.tcp_rexmit    tcp_out.o
    0x0800cc88   0x0800cc88   0x000000ec   Code   RO         1651    .text.tcp_rexmit_fast  tcp_out.o
    0x0800cd74   0x0800cd74   0x000000f4   Code   RO         1647    .text.tcp_rexmit_rto  tcp_out.o
    0x0800ce68   0x0800ce68   0x00000060   Code   RO         1645    .text.tcp_rexmit_rto_commit  tcp_out.o
    0x0800cec8   0x0800cec8   0x000000e8   Code   RO         1643    .text.tcp_rexmit_rto_prepare  tcp_out.o
    0x0800cfb0   0x0800cfb0   0x00000038   Code   RO         1653    .text.tcp_rst       tcp_out.o
    0x0800cfe8   0x0800cfe8   0x000000a4   Code   RO         1655    .text.tcp_rst_common  tcp_out.o
    0x0800d08c   0x0800d08c   0x0000005e   Code   RO         1659    .text.tcp_rst_netif  tcp_out.o
    0x0800d0ea   0x0800d0ea   0x00000002   PAD
    0x0800d0ec   0x0800d0ec   0x00000020   Code   RO         1548    .text.tcp_seg_free  tcp.o
    0x0800d10c   0x0800d10c   0x0000002c   Code   RO         1516    .text.tcp_segs_free  tcp.o
    0x0800d138   0x0800d138   0x000000f8   Code   RO         1641    .text.tcp_send_empty_ack  tcp_out.o
    0x0800d230   0x0800d230   0x0000009c   Code   RO         1635    .text.tcp_send_fin  tcp_out.o
    0x0800d2cc   0x0800d2cc   0x0000007c   Code   RO         1804    .text.tcp_server_accept  tcp_server.o
    0x0800d348   0x0800d348   0x00000020   Code   RO         1808    .text.tcp_server_error  tcp_server.o
    0x0800d368   0x0800d368   0x000000a4   Code   RO         1802    .text.tcp_server_init  tcp_server.o
    0x0800d40c   0x0800d40c   0x00000004   Code   RO         1810    .text.tcp_server_poll  tcp_server.o
    0x0800d410   0x0800d410   0x00000088   Code   RO         1806    .text.tcp_server_recv  tcp_server.o
    0x0800d498   0x0800d498   0x0000058c   Code   RO         1504    .text.tcp_slowtmr   tcp.o
    0x0800da24   0x0800da24   0x00000210   Code   RO         1633    .text.tcp_split_unsent_seg  tcp_out.o
    0x0800dc34   0x0800dc34   0x00000042   Code   RO         1670    .text.tcp_timer_needed  timeouts.o
    0x0800dc76   0x0800dc76   0x00000002   PAD
    0x0800dc78   0x0800dc78   0x000000a2   Code   RO         1595    .text.tcp_timewait_input  tcp_in.o
    0x0800dd1a   0x0800dd1a   0x00000002   PAD
    0x0800dd1c   0x0800dd1c   0x00000022   Code   RO         1500    .text.tcp_tmr       tcp.o
    0x0800dd3e   0x0800dd3e   0x00000002   PAD
    0x0800dd40   0x0800dd40   0x00000012   Code   RO         1603    .text.tcp_trigger_input_pcb_close  tcp_in.o
    0x0800dd52   0x0800dd52   0x00000002   PAD
    0x0800dd54   0x0800dd54   0x00000084   Code   RO         1530    .text.tcp_update_rcv_ann_wnd  tcp.o
    0x0800ddd8   0x0800ddd8   0x00000578   Code   RO         1629    .text.tcp_write     tcp_out.o
    0x0800e350   0x0800e350   0x00000160   Code   RO         1663    .text.tcp_zero_window_probe  tcp_out.o
    0x0800e4b0   0x0800e4b0   0x00000040   Code   RO         1674    .text.tcpip_tcp_timer  timeouts.o
    0x0800e4f0   0x0800e4f0   0x0000000a   Code   RO         1785    .text.toggleGPIO    led.o
    0x0800e4fa   0x0800e4fa   0x00000002   PAD
    0x0800e4fc   0x0800e4fc   0x00000144   Code   RO         1708    .text.udp_bind      udp.o
    0x0800e640   0x0800e640   0x0000015e   Code   RO         1712    .text.udp_connect   udp.o
    0x0800e79e   0x0800e79e   0x00000002   PAD
    0x0800e7a0   0x0800e7a0   0x00000002   Code   RO         1696    .text.udp_init      udp.o
    0x0800e7a2   0x0800e7a2   0x00000002   PAD
    0x0800e7a4   0x0800e7a4   0x0000028c   Code   RO         1698    .text.udp_input     udp.o
    0x0800ea30   0x0800ea30   0x00000076   Code   RO         1724    .text.udp_netif_ip_addr_changed  udp.o
    0x0800eaa6   0x0800eaa6   0x00000002   PAD
    0x0800eaa8   0x0800eaa8   0x00000026   Code   RO         1720    .text.udp_new       udp.o
    0x0800eace   0x0800eace   0x00000002   PAD
    0x0800ead0   0x0800ead0   0x0000000a   Code   RO         1716    .text.udp_recv      udp.o
    0x0800eada   0x0800eada   0x00000002   PAD
    0x0800eadc   0x0800eadc   0x0000004c   Code   RO         1718    .text.udp_remove    udp.o
    0x0800eb28   0x0800eb28   0x00000052   Code   RO         1704    .text.udp_sendto_if  udp.o
    0x0800eb7a   0x0800eb7a   0x00000002   PAD
    0x0800eb7c   0x0800eb7c   0x00000224   Code   RO         1706    .text.udp_sendto_if_src  udp.o
    0x0800eda0   0x0800eda0   0x00000020   Code   RO         1992    i.__0printf$3       mc_w.l(printf3.o)
    0x0800edc0   0x0800edc0   0x0000000e   Code   RO         2272    i.__scatterload_copy  mc_w.l(handlers.o)
    0x0800edce   0x0800edce   0x00000002   Code   RO         2273    i.__scatterload_null  mc_w.l(handlers.o)
    0x0800edd0   0x0800edd0   0x0000000e   Code   RO         2274    i.__scatterload_zeroinit  mc_w.l(handlers.o)
    0x0800edde   0x0800edde   0x00000002   PAD
    0x0800ede0   0x0800ede0   0x000001b8   Code   RO         1999    i._printf_core      mc_w.l(printf3.o)
    0x0800ef98   0x0800ef98   0x00000012   Code   RO         2214    i.fputc             mc_w.l(fputc.o)
    0x0800efaa   0x0800efaa   0x00000002   PAD
    0x0800efac   0x0800efac   0x00000050   Code   RO         2164    i.free              mc_w.l(malloc.o)
    0x0800effc   0x0800effc   0x0000006c   Code   RO         2165    i.malloc            mc_w.l(malloc.o)
    0x0800f068   0x0800f068   0x00000010   Data   RO           59    .rodata.AHBPrescTable  system_stm32f4xx.o
    0x0800f078   0x0800f078   0x00000008   Data   RO           60    .rodata.APBPrescTable  system_stm32f4xx.o
    0x0800f080   0x0800f080   0x00000038   Data   RO         1107    .rodata.Driver_USART3  USART_STM32F4xx.o
    0x0800f0b8   0x0800f0b8   0x00000034   Data   RO         1112    .rodata.USART3_Resources  USART_STM32F4xx.o
    0x0800f0ec   0x0800f0ec   0x0000000c   Data   RO         1109    .rodata.USART3_rx   USART_STM32F4xx.o
    0x0800f0f8   0x0800f0f8   0x0000000c   Data   RO         1108    .rodata.USART3_tx   USART_STM32F4xx.o
    0x0800f104   0x0800f104   0x00000006   Data   RO         1127    .rodata.ethbroadcast  ethernet.o
    0x0800f10a   0x0800f10a   0x00000006   Data   RO         1128    .rodata.ethzero     ethernet.o
    0x0800f110   0x0800f110   0x00000067   Data   RO          889    .rodata.initCmds    LCD_Driver.o
    0x0800f177   0x0800f177   0x00000001   PAD
    0x0800f178   0x0800f178   0x00000004   Data   RO         1160    .rodata.ip_addr_any  ip4_addr.o
    0x0800f17c   0x0800f17c   0x00000004   Data   RO         1161    .rodata.ip_addr_broadcast  ip4_addr.o
    0x0800f180   0x0800f180   0x00000040   Data   RO         1781    .rodata.led_pins    main.o
    0x0800f1c0   0x0800f1c0   0x00000030   Data   RO         1688    .rodata.lwip_cyclic_timers  timeouts.o
    0x0800f1f0   0x0800f1f0   0x00000014   Data   RO         1365    .rodata.memp_FRAG_PBUF  memp.o
    0x0800f204   0x0800f204   0x00000014   Data   RO         1373    .rodata.memp_PBUF   memp.o
    0x0800f218   0x0800f218   0x00000014   Data   RO         1377    .rodata.memp_PBUF_POOL  memp.o
    0x0800f22c   0x0800f22c   0x00000014   Data   RO         1361    .rodata.memp_REASSDATA  memp.o
    0x0800f240   0x0800f240   0x00000014   Data   RO         1369    .rodata.memp_SYS_TIMEOUT  memp.o
    0x0800f254   0x0800f254   0x00000014   Data   RO         1349    .rodata.memp_TCP_PCB  memp.o
    0x0800f268   0x0800f268   0x00000014   Data   RO         1353    .rodata.memp_TCP_PCB_LISTEN  memp.o
    0x0800f27c   0x0800f27c   0x00000014   Data   RO         1357    .rodata.memp_TCP_SEG  memp.o
    0x0800f290   0x0800f290   0x00000014   Data   RO         1345    .rodata.memp_UDP_PCB  memp.o
    0x0800f2a4   0x0800f2a4   0x00000024   Data   RO         1378    .rodata.memp_pools  memp.o
    0x0800f2c8   0x0800f2c8   0x00000043   Data   RO          914    .rodata.str1.1      LCD_GUI.o
    0x0800f30b   0x0800f30b   0x00000043   Data   RO          944    .rodata.str1.1      LCD_SPI.o
    0x0800f34e   0x0800f34e   0x00000043   Data   RO          961    .rodata.str1.1      LCD_TIM.o
    0x0800f391   0x0800f391   0x00000028   Data   RO         1129    .rodata.str1.1      ethernet.o
    0x0800f3b9   0x0800f3b9   0x00000049   Data   RO         1142    .rodata.str1.1      ip4.o
    0x0800f402   0x0800f402   0x0000005b   Data   RO         1178    .rodata.str1.1      ip4_frag.o
    0x0800f45d   0x0800f45d   0x0000003d   Data   RO         1197    .rodata.str1.1      acd.o
    0x0800f49a   0x0800f49a   0x000000a4   Data   RO         1248    .rodata.str1.1      dhcp.o
    0x0800f53e   0x0800f53e   0x0000009e   Data   RO         1283    .rodata.str1.1      etharp.o
    0x0800f5dc   0x0800f5dc   0x0000003e   Data   RO         1295    .rodata.str1.1      icmp.o
    0x0800f61a   0x0800f61a   0x00000038   Data   RO         1326    .rodata.str1.1      mem.o
    0x0800f652   0x0800f652   0x000000da   Data   RO         1341    .rodata.str1.1      memp.o
    0x0800f72c   0x0800f72c   0x0000003a   Data   RO         1423    .rodata.str1.1      netif.o
    0x0800f766   0x0800f766   0x0000006e   Data   RO         1493    .rodata.str1.1      pbuf.o
    0x0800f7d4   0x0800f7d4   0x00000181   Data   RO         1583    .rodata.str1.1      tcp.o
    0x0800f955   0x0800f955   0x00000160   Data   RO         1611    .rodata.str1.1      tcp_in.o
    0x0800fab5   0x0800fab5   0x000001a4   Data   RO         1667    .rodata.str1.1      tcp_out.o
    0x0800fc59   0x0800fc59   0x0000007a   Data   RO         1691    .rodata.str1.1      timeouts.o
    0x0800fcd3   0x0800fcd3   0x00000038   Data   RO         1726    .rodata.str1.1      udp.o
    0x0800fd0b   0x0800fd0b   0x00000048   Data   RO         1833    .rodata.str1.1      ethernetif.o
    0x0800fd53   0x0800fd53   0x0000000d   Data   RO         1588    .rodata.tcp_backoff  tcp.o
    0x0800fd60   0x0800fd60   0x00000020   Data   RO         2271    Region$$Table       anon$$obj.o


    Execution Region RW_IRAM1 (Exec base: 0x20000000, Load base: 0x0800fd80, Size: 0x000077a8, Max: 0x00030000, ABSOLUTE)

    Exec Addr    Load Addr    Size         Type   Attr      Idx    E Section Name        Object

    0x20000000   0x0800fd80   0x00000004   Data   RW         2218    .data               mc_w.l(stdout.o)
    0x20000004   0x0800fd84   0x00000004   Data   RW         2234    .data               mc_w.l(mvars.o)
    0x20000008   0x0800fd88   0x00000004   Data   RW         2235    .data               mc_w.l(mvars.o)
    0x2000000c   0x0800fd8c   0x00000008   Data   RW          851    .data.Font16FLASH   fontsFLASH.o
    0x20000014   0x0800fd94   0x00000004   Data   RW           58    .data.SystemCoreClock  system_stm32f4xx.o
    0x20000018   0x0800fd98   0x00000004   Data   RW         1023    .data.crd           lcd.o
    0x2000001c   0x0800fd9c   0x00000001   Data   RW         1778    .data.currentState  main.o
    0x2000001d   0x0800fd9d   0x00000003   PAD
    0x20000020   0x0800fda0   0x00000004   Data   RW         1253    .data.dhcp_create_msg.xid  dhcp.o
    0x20000024   0x0800fda4   0x00000004   Data   RW         1024    .data.fontHeight    lcd.o
    0x20000028   0x0800fda8   0x00000004   Data   RW         1022    .data.fontWidth     lcd.o
    0x2000002c   0x0800fdac   0x00000027   Data   RW         1813    .data.hello_msg     tcp_server.o
    0x20000053   0x0800fdd3   0x00000001   PAD
    0x20000054   0x0800fdd4   0x00000004   Data   RW         1025    .data.lcdFont       lcd.o
    0x20000058   0x0800fdd8   0x00000004   Data   RW         1021    .data.lcdmaxx       lcd.o
    0x2000005c   0x0800fddc   0x00000004   Data   RW         1026    .data.lcdmaxy       lcd.o
    0x20000060   0x0800fde0   0x00000004   Data   RW         1832    .data.packageAvailableBinSem  ethernetif.o
    0x20000064   0x0800fde4   0x00000004   Data   RW          945    .data.save_restore_AltFn_SPI1_MOSI_Pin.saved_AF  LCD_SPI.o
    0x20000068   0x0800fde8   0x00000030   Data   RW         1780    .data.taskList      main.o
    0x20000098   0x0800fe18   0x00000004   Data   RW         1589    .data.tcp_next_iss.iss  tcp.o
    0x2000009c   0x0800fe1c   0x00000002   Data   RW         1590    .data.tcp_port      tcp.o
    0x2000009e   0x0800fe1e   0x00000002   Data   RW         1728    .data.udp_port      udp.o
    0x200000a0   0x0800fe20   0x00000001   Data   RW          259    .data.uwTickFreq    stm32f4xx_hal.o
    0x200000a1   0x0800fe21   0x00000003   PAD
    0x200000a4   0x0800fe24   0x00000004   Data   RW          258    .data.uwTickPrio    stm32f4xx_hal.o
    0x200000a8        -       0x000000a0   Zero   RW         1835    .bss.DMARxDscrTab   ethernetif.o
    0x20000148        -       0x000000a0   Zero   RW         1836    .bss.DMATxDscrTab   ethernetif.o
    0x200001e8        -       0x00000048   Zero   RW         1834    .bss.EthHandle      ethernetif.o
    0x20000230        -       0x00001dc4   Zero   RW         1837    .bss.Rx_Buff        ethernetif.o
    0x20001ff4        -       0x00001dc4   Zero   RW         1838    .bss.Tx_Buff        ethernetif.o
    0x20003db8        -       0x00000014   Zero   RW         1110    .bss.USART3_Info    USART_STM32F4xx.o
    0x20003dcc        -       0x00000024   Zero   RW         1111    .bss.USART3_TransferInfo  USART_STM32F4xx.o
    0x20003df0        -       0x00000004   Zero   RW         1617    .bss.ackno          tcp_in.o
    0x20003df4        -       0x000000f0   Zero   RW         1282    .bss.arp_table      etharp.o
    0x20003ee4        -       0x00000004   Zero   RW         1779    .bss.currentTime    main.o
    0x20003ee8        -       0x00000004   Zero   RW         1693    .bss.current_timeout_due_time  timeouts.o
    0x20003eec        -       0x00000004   Zero   RW         1249    .bss.dhcp_pcb       dhcp.o
    0x20003ef0        -       0x00000001   Zero   RW         1250    .bss.dhcp_pcb_refcount  dhcp.o
    0x20003ef1   0x0800fe28   0x00000007   PAD
    0x20003ef8        -       0x00000008   Zero   RW         1251    .bss.dhcp_rx_options_given  dhcp.o
    0x20003f00        -       0x00000020   Zero   RW         1252    .bss.dhcp_rx_options_val  dhcp.o
    0x20003f20        -       0x00000001   Zero   RW         1284    .bss.etharp_cached_entry  etharp.o
    0x20003f21        -       0x00000001   Zero   RW         1618    .bss.flags          tcp_in.o
    0x20003f22   0x0800fe28   0x00000002   PAD
    0x20003f24        -       0x00000040   Zero   RW          960    .bss.htim4          LCD_TIM.o
    0x20003f64        -       0x00000004   Zero   RW         1620    .bss.inseg.1        tcp_in.o
    0x20003f68        -       0x00000002   Zero   RW         1621    .bss.inseg.2        tcp_in.o
    0x20003f6a   0x0800fe28   0x00000002   PAD
    0x20003f6c        -       0x00000004   Zero   RW         1622    .bss.inseg.3        tcp_in.o
    0x20003f70        -       0x00000018   Zero   RW         1146    .bss.ip_data        ip.o
    0x20003f88        -       0x00000002   Zero   RW         1143    .bss.ip_id          ip4.o
    0x20003f8a        -       0x00000002   Zero   RW         1177    .bss.ip_reass_pbufcount  ip4_frag.o
    0x20003f8c        -       0x00000044   Zero   RW         1795    .bss.its_brd_netif  lwip_interface.o
    0x20003fd0        -       0x000000cc   Zero   RW         1762    .bss.lwip_stats     stats.o
    0x2000409c        -       0x0000016b   Zero   RW         1363    .bss.memp_memory_FRAG_PBUF_base  memp.o
    0x20004207        -       0x00002103   Zero   RW         1375    .bss.memp_memory_PBUF_POOL_base  memp.o
    0x2000630a        -       0x000000a3   Zero   RW         1371    .bss.memp_memory_PBUF_base  memp.o
    0x200063ad        -       0x000000a3   Zero   RW         1359    .bss.memp_memory_REASSDATA_base  memp.o
    0x20006450        -       0x000000a3   Zero   RW         1367    .bss.memp_memory_SYS_TIMEOUT_base  memp.o
    0x200064f3        -       0x0000008f   Zero   RW         1351    .bss.memp_memory_TCP_PCB_LISTEN_base  memp.o
    0x20006582        -       0x0000035f   Zero   RW         1347    .bss.memp_memory_TCP_PCB_base  memp.o
    0x200068e1        -       0x000000c3   Zero   RW         1355    .bss.memp_memory_TCP_SEG_base  memp.o
    0x200069a4        -       0x00000083   Zero   RW         1343    .bss.memp_memory_UDP_PCB_base  memp.o
    0x20006a27   0x0800fe28   0x00000001   PAD
    0x20006a28        -       0x00000018   Zero   RW         1362    .bss.memp_stats_FRAG_PBUF  memp.o
    0x20006a40        -       0x00000018   Zero   RW         1370    .bss.memp_stats_PBUF  memp.o
    0x20006a58        -       0x00000018   Zero   RW         1374    .bss.memp_stats_PBUF_POOL  memp.o
    0x20006a70        -       0x00000018   Zero   RW         1358    .bss.memp_stats_REASSDATA  memp.o
    0x20006a88        -       0x00000018   Zero   RW         1366    .bss.memp_stats_SYS_TIMEOUT  memp.o
    0x20006aa0        -       0x00000018   Zero   RW         1346    .bss.memp_stats_TCP_PCB  memp.o
    0x20006ab8        -       0x00000018   Zero   RW         1350    .bss.memp_stats_TCP_PCB_LISTEN  memp.o
    0x20006ad0        -       0x00000018   Zero   RW         1354    .bss.memp_stats_TCP_SEG  memp.o
    0x20006ae8        -       0x00000018   Zero   RW         1342    .bss.memp_stats_UDP_PCB  memp.o
    0x20006b00        -       0x00000004   Zero   RW         1364    .bss.memp_tab_FRAG_PBUF  memp.o
    0x20006b04        -       0x00000004   Zero   RW         1372    .bss.memp_tab_PBUF  memp.o
    0x20006b08        -       0x00000004   Zero   RW         1376    .bss.memp_tab_PBUF_POOL  memp.o
    0x20006b0c        -       0x00000004   Zero   RW         1360    .bss.memp_tab_REASSDATA  memp.o
    0x20006b10        -       0x00000004   Zero   RW         1368    .bss.memp_tab_SYS_TIMEOUT  memp.o
    0x20006b14        -       0x00000004   Zero   RW         1348    .bss.memp_tab_TCP_PCB  memp.o
    0x20006b18        -       0x00000004   Zero   RW         1352    .bss.memp_tab_TCP_PCB_LISTEN  memp.o
    0x20006b1c        -       0x00000004   Zero   RW         1356    .bss.memp_tab_TCP_SEG  memp.o
    0x20006b20        -       0x00000004   Zero   RW         1344    .bss.memp_tab_UDP_PCB  memp.o
    0x20006b24        -       0x00000004   Zero   RW         1426    .bss.netif_default  netif.o
    0x20006b28        -       0x00000004   Zero   RW         1425    .bss.netif_list     netif.o
    0x20006b2c        -       0x00000001   Zero   RW         1424    .bss.netif_num      netif.o
    0x20006b2d   0x0800fe28   0x00000003   PAD
    0x20006b30        -       0x00000004   Zero   RW         1692    .bss.next_timeout   timeouts.o
    0x20006b34        -       0x00000004   Zero   RW         1176    .bss.reassdatagrams  ip4_frag.o
    0x20006b38        -       0x00000004   Zero   RW         1625    .bss.recv_acked     tcp_in.o
    0x20006b3c        -       0x00000004   Zero   RW         1623    .bss.recv_data      tcp_in.o
    0x20006b40        -       0x00000001   Zero   RW         1624    .bss.recv_flags     tcp_in.o
    0x20006b41   0x0800fe28   0x00000007   PAD
    0x20006b48        -       0x00000018   Zero   RW          930    .bss.sTP_DEV        LCD_Touch.o
    0x20006b60        -       0x00000004   Zero   RW         1616    .bss.seqno          tcp_in.o
    0x20006b64        -       0x00000004   Zero   RW         1580    .bss.tcp_active_pcbs  tcp.o
    0x20006b68        -       0x00000001   Zero   RW         1585    .bss.tcp_active_pcbs_changed  tcp.o
    0x20006b69   0x0800fe28   0x00000003   PAD
    0x20006b6c        -       0x00000004   Zero   RW         1579    .bss.tcp_bound_pcbs  tcp.o
    0x20006b70        -       0x00000004   Zero   RW         1626    .bss.tcp_input_pcb  tcp_in.o
    0x20006b74        -       0x00000004   Zero   RW         1578    .bss.tcp_listen_pcbs  tcp.o
    0x20006b78        -       0x00000004   Zero   RW         1812    .bss.tcp_server_pcb  tcp_server.o
    0x20006b7c        -       0x00000004   Zero   RW         1586    .bss.tcp_ticks      tcp.o
    0x20006b80        -       0x00000001   Zero   RW         1584    .bss.tcp_timer      tcp.o
    0x20006b81        -       0x00000001   Zero   RW         1587    .bss.tcp_timer_ctr  tcp.o
    0x20006b82   0x0800fe28   0x00000002   PAD
    0x20006b84        -       0x00000004   Zero   RW         1581    .bss.tcp_tw_pcbs    tcp.o
    0x20006b88        -       0x00000004   Zero   RW         1612    .bss.tcphdr         tcp_in.o
    0x20006b8c        -       0x00000002   Zero   RW         1615    .bss.tcphdr_opt1len  tcp_in.o
    0x20006b8e   0x0800fe28   0x00000002   PAD
    0x20006b90        -       0x00000004   Zero   RW         1614    .bss.tcphdr_opt2    tcp_in.o
    0x20006b94        -       0x00000002   Zero   RW         1613    .bss.tcphdr_optlen  tcp_in.o
    0x20006b96   0x0800fe28   0x00000002   PAD
    0x20006b98        -       0x00000001   Zero   RW         1690    .bss.tcpip_tcp_timer_active  timeouts.o
    0x20006b99   0x0800fe28   0x00000001   PAD
    0x20006b9a        -       0x00000002   Zero   RW         1619    .bss.tcplen         tcp_in.o
    0x20006b9c        -       0x00000004   Zero   RW         1727    .bss.udp_pcbs       udp.o
    0x20006ba0        -       0x00000004   Zero   RW          260    .bss.uwTick         stm32f4xx_hal.o
    0x20006ba4   0x0800fe28   0x00000004   PAD
    0x20006ba8        -       0x00000800   Zero   RW           49    HEAP                startup_stm32f429xx.o
    0x200073a8        -       0x00000400   Zero   RW           48    STACK               startup_stm32f429xx.o


==============================================================================

Image component sizes


      Code (inc. data)   RO Data    RW Data    ZI Data      Debug   Object Name

       160         32          0          0          0         56   LCD_Debug.o
      1618          0        103          0          0        228   LCD_Driver.o
       316          0          0          0          0         60   LCD_GPIO.o
       576          0         67          0          0        372   LCD_GUI.o
       484          0         67          4          0        124   LCD_SPI.o
       282          0         67          0         64        116   LCD_TIM.o
       604          0          0          0          0        112   LCD_Tools.o
        74          0          0          0         24        220   LCD_Touch.o
      3844         54        132          0         56        400   USART_STM32F4xx.o
       988         64         61          0          0        236   acd.o
         8          0          0          0          0        252   def.o
      5012        232        164          4         45        736   dhcp.o
       232          0          0          0          0         40   error.o
      2916        260        158          0        241        452   etharp.o
       464        116         52          0          0         80   ethernet.o
      1690         56         72          4      15632        248   ethernetif.o
         0          0          0          8          0          0   fontsFLASH.o
       816        148         62          0          0        132   icmp.o
       252          0          0          0          0        232   inet_chksum.o
       352          0          0          0          0         80   init.o
        34          0          0          0          0         44   init.o
         0          0          0          0         24          0   ip.o
      1058         48         73          0          2        176   ip4.o
        48          0          8          0          0        176   ip4_addr.o
      2686        236         91          0          6        184   ip4_frag.o
       390          0          0         24          0        236   lcd.o
        10          0          0          0          0         36   led.o
       194          0          0          0         68         96   lwip_interface.o
       326         48         64         49          4        152   main.o
       220         76         56          0          0        116   mem.o
       542          0        434          0      10887        180   memp.o
       732         68         58          0          9        496   netif.o
      2450        340        110          0          0        872   pbuf.o
        36          8        428          0       3072        276   startup_stm32f429xx.o
         2          0          0          0        204        148   stats.o
        68          0          0          0          0        104   stdinout_USART.o
       206          0          0          5          4        536   stm32f4xx_hal.o
       238          0          0          0          0        356   stm32f4xx_hal_cortex.o
      3378          0          0          0          0        572   stm32f4xx_hal_eth.o
       938          0          0          0          0        200   stm32f4xx_hal_gpio.o
       122          0          0          0          0        252   stm32f4xx_hal_pwr_ex.o
      1372          4          0          0          0        312   stm32f4xx_hal_rcc.o
       960          4          0          0          0       2196   stm32f4xx_hal_tim.o
       182          0          0          0          0        800   stm32f4xx_hal_tim_ex.o
        32          0          0          0          0        180   stm32f4xx_it.o
         4          0          0          0          0         36   sys_arch.o
        86          0         24          4          0         60   system_stm32f4xx.o
      6500        656        398          6         23       1032   tcp.o
      6272        484        352          0         46        316   tcp_in.o
      6424        916        420          0          0        668   tcp_out.o
       460        168          0         39          4        140   tcp_server.o
       918         56        170          0          9        252   timeouts.o
      2200        128         56          2          4        424   udp.o

    ----------------------------------------------------------------------
     59992       4202       3780        156      30464      15800   Object Totals
         0          0         32          0          0          0   (incl. Generated)
       216          0          1          7         36          0   (incl. Padding)

    ----------------------------------------------------------------------

      Code (inc. data)   RO Data    RW Data    ZI Data      Debug   Library Member Name

         0          0          0          0          0          0   entry.o
         0          0          0          0          0          0   entry10a.o
         0          0          0          0          0          0   entry11a.o
         8          4          0          0          0          0   entry2.o
         4          0          0          0          0          0   entry5.o
         0          0          0          0          0          0   entry7b.o
         0          0          0          0          0          0   entry8b.o
         8          4          0          0          0          0   entry9a.o
        18          0          0          0          0         80   fputc.o
        30          0          0          0          0          0   handlers.o
        48         10          0          0          0         68   init.o
         0          0          0          0          0          0   iusesemip.o
        30          0          0          0          0         68   llshl.o
        32          0          0          0          0         68   llushr.o
       188         20          0          0          0        160   malloc.o
        26          0          0          0          0         80   memcmp.o
        64          0          0          0          0         76   memmovea.o
        36          0          0          0          0        108   memseta.o
         0          0          0          8          0          0   mvars.o
       472         14          0          0          0        184   printf3.o
         0          0          0          0          0          0   semi.o
         0          0          0          4          0          0   stdout.o
        14          0          0          0          0         68   strlen.o
        44          0          0          0          0         80   uidiv.o
        98          0          0          0          0         92   uldiv.o

    ----------------------------------------------------------------------
      1124         52          0         12          0       1132   Library Totals
         4          0          0          0          0          0   (incl. Padding)

    ----------------------------------------------------------------------

      Code (inc. data)   RO Data    RW Data    ZI Data      Debug   Library Name

      1120         52          0         12          0       1132   mc_w.l

    ----------------------------------------------------------------------
      1124         52          0         12          0       1132   Library Totals

    ----------------------------------------------------------------------

==============================================================================


      Code (inc. data)   RO Data    RW Data    ZI Data      Debug   

     61116       4254       3780        168      30464      15636   Grand Totals
     61116       4254       3780        168      30464      15636   ELF Image Totals
     61116       4254       3780        168          0          0   ROM Totals

==============================================================================

    Total RO  Size (Code + RO Data)                64896 (  63.38kB)
    Total RW  Size (RW Data + ZI Data)             30632 (  29.91kB)
    Total ROM Size (Code + RO Data + RW Data)      65064 (  63.54kB)

==============================================================================

