Component: Arm Compiler for Embedded 6.24 Tool: armlink [5f371500]

==============================================================================

Section Cross References

    stm32f4xx_nucleo_144.o(.ARM.exidx.text.BSP_GetVersion) refers to stm32f4xx_nucleo_144.o(.text.BSP_GetVersion) for [Anonymous Symbol]
    stm32f4xx_nucleo_144.o(.text.BSP_LED_Init) refers to stm32f4xx_nucleo_144.o(.data.GPIO_PORT) for GPIO_PORT
    stm32f4xx_nucleo_144.o(.text.BSP_LED_Init) refers to stm32f4xx_nucleo_144.o(.rodata.GPIO_PIN) for GPIO_PIN
    stm32f4xx_nucleo_144.o(.text.BSP_LED_Init) refers to stm32f4xx_hal_gpio.o(.text.HAL_GPIO_Init) for HAL_GPIO_Init
    stm32f4xx_nucleo_144.o(.text.BSP_LED_Init) refers to stm32f4xx_hal_gpio.o(.text.HAL_GPIO_WritePin) for HAL_GPIO_WritePin
    stm32f4xx_nucleo_144.o(.ARM.exidx.text.BSP_LED_Init) refers to stm32f4xx_nucleo_144.o(.text.BSP_LED_Init) for [Anonymous Symbol]
    stm32f4xx_nucleo_144.o(.text.BSP_LED_DeInit) refers to stm32f4xx_nucleo_144.o(.rodata.GPIO_PIN) for GPIO_PIN
    stm32f4xx_nucleo_144.o(.text.BSP_LED_DeInit) refers to stm32f4xx_nucleo_144.o(.data.GPIO_PORT) for GPIO_PORT
    stm32f4xx_nucleo_144.o(.text.BSP_LED_DeInit) refers to stm32f4xx_hal_gpio.o(.text.HAL_GPIO_WritePin) for HAL_GPIO_WritePin
    stm32f4xx_nucleo_144.o(.text.BSP_LED_DeInit) refers to stm32f4xx_hal_gpio.o(.text.HAL_GPIO_DeInit) for HAL_GPIO_DeInit
    stm32f4xx_nucleo_144.o(.ARM.exidx.text.BSP_LED_DeInit) refers to stm32f4xx_nucleo_144.o(.text.BSP_LED_DeInit) for [Anonymous Symbol]
    stm32f4xx_nucleo_144.o(.text.BSP_LED_On) refers to stm32f4xx_nucleo_144.o(.data.GPIO_PORT) for GPIO_PORT
    stm32f4xx_nucleo_144.o(.text.BSP_LED_On) refers to stm32f4xx_nucleo_144.o(.rodata.GPIO_PIN) for GPIO_PIN
    stm32f4xx_nucleo_144.o(.text.BSP_LED_On) refers to stm32f4xx_hal_gpio.o(.text.HAL_GPIO_WritePin) for HAL_GPIO_WritePin
    stm32f4xx_nucleo_144.o(.ARM.exidx.text.BSP_LED_On) refers to stm32f4xx_nucleo_144.o(.text.BSP_LED_On) for [Anonymous Symbol]
    stm32f4xx_nucleo_144.o(.text.BSP_LED_Off) refers to stm32f4xx_nucleo_144.o(.data.GPIO_PORT) for GPIO_PORT
    stm32f4xx_nucleo_144.o(.text.BSP_LED_Off) refers to stm32f4xx_nucleo_144.o(.rodata.GPIO_PIN) for GPIO_PIN
    stm32f4xx_nucleo_144.o(.text.BSP_LED_Off) refers to stm32f4xx_hal_gpio.o(.text.HAL_GPIO_WritePin) for HAL_GPIO_WritePin
    stm32f4xx_nucleo_144.o(.ARM.exidx.text.BSP_LED_Off) refers to stm32f4xx_nucleo_144.o(.text.BSP_LED_Off) for [Anonymous Symbol]
    stm32f4xx_nucleo_144.o(.text.BSP_LED_Toggle) refers to stm32f4xx_nucleo_144.o(.data.GPIO_PORT) for GPIO_PORT
    stm32f4xx_nucleo_144.o(.text.BSP_LED_Toggle) refers to stm32f4xx_nucleo_144.o(.rodata.GPIO_PIN) for GPIO_PIN
    stm32f4xx_nucleo_144.o(.text.BSP_LED_Toggle) refers to stm32f4xx_hal_gpio.o(.text.HAL_GPIO_TogglePin) for HAL_GPIO_TogglePin
    stm32f4xx_nucleo_144.o(.ARM.exidx.text.BSP_LED_Toggle) refers to stm32f4xx_nucleo_144.o(.text.BSP_LED_Toggle) for [Anonymous Symbol]
    stm32f4xx_nucleo_144.o(.text.BSP_PB_Init) refers to stm32f4xx_nucleo_144.o(.data.BUTTON_PORT) for BUTTON_PORT
    stm32f4xx_nucleo_144.o(.text.BSP_PB_Init) refers to stm32f4xx_hal_gpio.o(.text.HAL_GPIO_Init) for HAL_GPIO_Init
    stm32f4xx_nucleo_144.o(.text.BSP_PB_Init) refers to stm32f4xx_hal_cortex.o(.text.HAL_NVIC_SetPriority) for HAL_NVIC_SetPriority
    stm32f4xx_nucleo_144.o(.text.BSP_PB_Init) refers to stm32f4xx_hal_cortex.o(.text.HAL_NVIC_EnableIRQ) for HAL_NVIC_EnableIRQ
    stm32f4xx_nucleo_144.o(.ARM.exidx.text.BSP_PB_Init) refers to stm32f4xx_nucleo_144.o(.text.BSP_PB_Init) for [Anonymous Symbol]
    stm32f4xx_nucleo_144.o(.text.BSP_PB_DeInit) refers to stm32f4xx_hal_cortex.o(.text.HAL_NVIC_DisableIRQ) for HAL_NVIC_DisableIRQ
    stm32f4xx_nucleo_144.o(.text.BSP_PB_DeInit) refers to stm32f4xx_nucleo_144.o(.data.BUTTON_PORT) for BUTTON_PORT
    stm32f4xx_nucleo_144.o(.text.BSP_PB_DeInit) refers to stm32f4xx_hal_gpio.o(.text.HAL_GPIO_DeInit) for HAL_GPIO_DeInit
    stm32f4xx_nucleo_144.o(.ARM.exidx.text.BSP_PB_DeInit) refers to stm32f4xx_nucleo_144.o(.text.BSP_PB_DeInit) for [Anonymous Symbol]
    stm32f4xx_nucleo_144.o(.text.BSP_PB_GetState) refers to stm32f4xx_nucleo_144.o(.data.BUTTON_PORT) for BUTTON_PORT
    stm32f4xx_nucleo_144.o(.text.BSP_PB_GetState) refers to stm32f4xx_hal_gpio.o(.text.HAL_GPIO_ReadPin) for HAL_GPIO_ReadPin
    stm32f4xx_nucleo_144.o(.ARM.exidx.text.BSP_PB_GetState) refers to stm32f4xx_nucleo_144.o(.text.BSP_PB_GetState) for [Anonymous Symbol]
    stm32f4xx_nucleo_144.o(.text.SD_IO_Init) refers to stm32f4xx_hal_gpio.o(.text.HAL_GPIO_Init) for HAL_GPIO_Init
    stm32f4xx_nucleo_144.o(.text.SD_IO_Init) refers to stm32f4xx_hal_gpio.o(.text.HAL_GPIO_WritePin) for HAL_GPIO_WritePin
    stm32f4xx_nucleo_144.o(.text.SD_IO_Init) refers to stm32f4xx_nucleo_144.o(.text.SPIx_Init) for SPIx_Init
    stm32f4xx_nucleo_144.o(.text.SD_IO_Init) refers to stm32f4xx_nucleo_144.o(.data.SpixTimeout) for SpixTimeout
[...]
    Error_Handler                            0x080004e1   Thumb Code   232  error.o(.text.Error_Handler)
    GPIO_Init                                0x080005c9   Thumb Code   316  LCD_GPIO.o(.text.GPIO_Init)
    GUI_clear                                0x08000705   Thumb Code     4  LCD_GUI.o(.text.GUI_clear)
    GUI_disNum                               0x08000709   Thumb Code    84  LCD_GUI.o(.text.GUI_disNum)
    GUI_disStr                               0x0800075d   Thumb Code   276  LCD_GUI.o(.text.GUI_disStr)
    GUI_drawRectangle                        0x08000871   Thumb Code   198  LCD_GUI.o(.text.GUI_drawRectangle)
    GUI_init                                 0x08000939   Thumb Code    18  LCD_GUI.o(.text.GUI_init)
    HAL_Delay                                0x0800094d   Thumb Code    40  stm32f4xx_hal.o(.text.HAL_Delay)
    HAL_ETH_DMARxDescListInit                0x08000975   Thumb Code   358  stm32f4xx_hal_eth.o(.text.HAL_ETH_DMARxDescListInit)
    HAL_ETH_DMATxDescListInit                0x08000add   Thumb Code   464  stm32f4xx_hal_eth.o(.text.HAL_ETH_DMATxDescListInit)
    HAL_ETH_ErrorCallback                    0x08000cad   Thumb Code     2  stm32f4xx_hal_eth.o(.text.HAL_ETH_ErrorCallback)
    HAL_ETH_GetReceivedFrame_IT              0x08000cb1   Thumb Code   292  stm32f4xx_hal_eth.o(.text.HAL_ETH_GetReceivedFrame_IT)
    HAL_ETH_IRQHandler                       0x08000dd5   Thumb Code   108  stm32f4xx_hal_eth.o(.text.HAL_ETH_IRQHandler)
    HAL_ETH_Init                             0x08000e41   Thumb Code   888  stm32f4xx_hal_eth.o(.text.HAL_ETH_Init)
    HAL_ETH_MspInit                          0x080011b9   Thumb Code   254  ethernetif.o(.text.HAL_ETH_MspInit)
    HAL_ETH_ReadPHYRegister                  0x080012b9   Thumb Code   108  stm32f4xx_hal_eth.o(.text.HAL_ETH_ReadPHYRegister)
    HAL_ETH_RxCpltCallback                   0x08001325   Thumb Code    14  ethernetif.o(.text.HAL_ETH_RxCpltCallback)
    HAL_ETH_Start                            0x08001335   Thumb Code   322  stm32f4xx_hal_eth.o(.text.HAL_ETH_Start)
    HAL_ETH_TransmitFrame                    0x08001479   Thumb Code   588  stm32f4xx_hal_eth.o(.text.HAL_ETH_TransmitFrame)
    HAL_ETH_TxCpltCallback                   0x080016c5   Thumb Code     2  stm32f4xx_hal_eth.o(.text.HAL_ETH_TxCpltCallback)
    HAL_GPIO_DeInit                          0x080016c9   Thumb Code   446  stm32f4xx_hal_gpio.o(.text.HAL_GPIO_DeInit)
    HAL_GPIO_Init                            0x08001889   Thumb Code   468  stm32f4xx_hal_gpio.o(.text.HAL_GPIO_Init)
    HAL_GPIO_TogglePin                       0x08001a5d   Thumb Code    14  stm32f4xx_hal_gpio.o(.text.HAL_GPIO_TogglePin)
    HAL_GPIO_WritePin                        0x08001a6d   Thumb Code    10  stm32f4xx_hal_gpio.o(.text.HAL_GPIO_WritePin)
    HAL_GetTick                              0x08001a79   Thumb Code    12  stm32f4xx_hal.o(.text.HAL_GetTick)
    HAL_IncTick                              0x08001a85   Thumb Code    26  stm32f4xx_hal.o(.text.HAL_IncTick)
    HAL_Init                                 0x08001aa1   Thumb Code    46  stm32f4xx_hal.o(.text.HAL_Init)
    HAL_InitTick                             0x08001ad1   Thumb Code    80  stm32f4xx_hal.o(.text.HAL_InitTick)
    HAL_MspInit                              0x08001b21   Thumb Code     2  stm32f4xx_hal.o(.text.HAL_MspInit)
    HAL_NVIC_DisableIRQ                      0x08001b25   Thumb Code    42  stm32f4xx_hal_cortex.o(.text.HAL_NVIC_DisableIRQ)
    HAL_NVIC_EnableIRQ                       0x08001b51   Thumb Code    34  stm32f4xx_hal_cortex.o(.text.HAL_NVIC_EnableIRQ)
    HAL_NVIC_SetPriority                     0x08001b75   Thumb Code    86  stm32f4xx_hal_cortex.o(.text.HAL_NVIC_SetPriority)
    HAL_NVIC_SetPriorityGrouping             0x08001bcd   Thumb Code    32  stm32f4xx_hal_cortex.o(.text.HAL_NVIC_SetPriorityGrouping)
    HAL_PWREx_EnableOverDrive                0x08001bed   Thumb Code   122  stm32f4xx_hal_pwr_ex.o(.text.HAL_PWREx_EnableOverDrive)
    HAL_RCC_ClockConfig                      0x08001c69   Thumb Code   352  stm32f4xx_hal_rcc.o(.text.HAL_RCC_ClockConfig)
    HAL_RCC_GetHCLKFreq                      0x08001dc9   Thumb Code    12  stm32f4xx_hal_rcc.o(.text.HAL_RCC_GetHCLKFreq)
    HAL_RCC_GetPCLK1Freq                     0x08001dd5   Thumb Code    38  stm32f4xx_hal_rcc.o(.text.HAL_RCC_GetPCLK1Freq)
    HAL_RCC_GetSysClockFreq                  0x08001dfd   Thumb Code   106  stm32f4xx_hal_rcc.o(.text.HAL_RCC_GetSysClockFreq)
    HAL_RCC_OscConfig                        0x08001e69   Thumb Code   864  stm32f4xx_hal_rcc.o(.text.HAL_RCC_OscConfig)
    HAL_SYSTICK_Config                       0x080021c9   Thumb Code    44  stm32f4xx_hal_cortex.o(.text.HAL_SYSTICK_Config)
    HAL_TIMEx_MasterConfigSynchronization    0x080021f5   Thumb Code   182  stm32f4xx_hal_tim_ex.o(.text.HAL_TIMEx_MasterConfigSynchronization)
    HAL_TIM_PWM_ConfigChannel                0x080022ad   Thumb Code   538  stm32f4xx_hal_tim.o(.text.HAL_TIM_PWM_ConfigChannel)
    HAL_TIM_PWM_Init                         0x080024c9   Thumb Code    54  stm32f4xx_hal_tim.o(.text.HAL_TIM_PWM_Init)
    HAL_TIM_PWM_MspInit                      0x08002501   Thumb Code    52  LCD_TIM.o(.text.HAL_TIM_PWM_MspInit)
    HAL_TIM_PWM_Start                        0x08002535   Thumb Code    76  stm32f4xx_hal_tim.o(.text.HAL_TIM_PWM_Start)
    HardFault_Handler                        0x08002581   Thumb Code     2  stm32f4xx_it.o(.text.HardFault_Handler)
    HeartbeatTask                            0x08002585   Thumb Code   104  main.o(.text.HeartbeatTask)
    InputTask                                0x080025ed   Thumb Code     4  main.o(.text.InputTask)
    LCDErrHandler                            0x080025f1   Thumb Code   122  LCD_Tools.o(.text.LCDErrHandler)
    LCD_clear                                0x0800266d   Thumb Code    16  LCD_Driver.o(.text.LCD_clear)
    LCD_fillRectangleBW                      0x0800267d   Thumb Code   308  LCD_Driver.o(.text.LCD_fillRectangleBW)
    LCD_fillRectangleMC                      0x080027b1   Thumb Code   208  LCD_Driver.o(.text.LCD_fillRectangleMC)
    LCD_init                                 0x08002881   Thumb Code   578  LCD_Driver.o(.text.LCD_init)
    MemManage_Handler                        0x08002cc1   Thumb Code     2  stm32f4xx_it.o(.text.MemManage_Handler)
    NMI_Handler                              0x08002cc5   Thumb Code     2  stm32f4xx_it.o(.text.NMI_Handler)
    PWM_SetValue                             0x08002cc9   Thumb Code    46  LCD_TIM.o(.text.PWM_SetValue)
    PendSV_Handler                           0x08002cf9   Thumb Code     2  stm32f4xx_it.o(.text.PendSV_Handler)
    SPI4W_Write_Byte                         0x08002cfd   Thumb Code   286  LCD_SPI.o(.text.SPI4W_Write_Byte)
    SPIinit                                  0x08002e1d   Thumb Code   198  LCD_SPI.o(.text.SPIinit)
    SVC_Handler                              0x08002ee5   Thumb Code     2  stm32f4xx_it.o(.text.SVC_Handler)
    Scheduler                                0x08002ee9   Thumb Code   136  main.o(.text.Scheduler)
    SysTick_Handler                          0x08002f71   Thumb Code     4  stm32f4xx_it.o(.text.SysTick_Handler)
    SystemInit                               0x08002f75   Thumb Code    86  system_stm32f4xx.o(.text.SystemInit)
    TIM4_Init                                0x08002fcd   Thumb Code   184  LCD_TIM.o(.text.TIM4_Init)
    TIM_Base_SetConfig                       0x08003085   Thumb Code   292  stm32f4xx_hal_tim.o(.text.TIM_Base_SetConfig)
    TP_InitBasic                             0x080031a9   Thumb Code    74  LCD_Touch.o(.text.TP_InitBasic)
    USART3_IRQHandler                        0x08003ae1   Thumb Code    12  USART_STM32F4xx.o(.text.USART3_IRQHandler)
    USART_IRQHandler                         0x08003ded   Thumb Code   548  USART_STM32F4xx.o(.text.USART_IRQHandler)
    UsageFault_Handler                       0x08004105   Thumb Code     2  stm32f4xx_it.o(.text.UsageFault_Handler)
    acd_add                                  0x08004109   Thumb Code    92  acd.o(.text.acd_add)
    acd_arp_reply                            0x08004185   Thumb Code   214  acd.o(.text.acd_arp_reply)
    acd_netif_ip_addr_changed                0x0800425d   Thumb Code   126  acd.o(.text.acd_netif_ip_addr_changed)
    acd_remove                               0x080042dd   Thumb Code   104  acd.o(.text.acd_remove)
    acd_start                                0x08004365   Thumb Code    66  acd.o(.text.acd_start)
    acd_tmr                                  0x080043a9   Thumb Code   322  acd.o(.text.acd_tmr)
    buildMessage                             0x080044ed   Thumb Code   162  message.o(.text.buildMessage)
    check_input                              0x08004591   Thumb Code    42  lwip_interface.o(.text.check_input)
    connectionLost                           0x080045bd   Thumb Code   108  udp_client.o(.text.connectionLost)
    delay                                    0x0800464d   Thumb Code    12  delay.o(.text.delay)
    dhcp_coarse_tmr                          0x08004761   Thumb Code   464  dhcp.o(.text.dhcp_coarse_tmr)
    dhcp_fine_tmr                            0x08004d25   Thumb Code   130  dhcp.o(.text.dhcp_fine_tmr)
    dhcp_release_and_stop                    0x080054c1   Thumb Code   376  dhcp.o(.text.dhcp_release_and_stop)
    dhcp_renew                               0x08005639   Thumb Code   288  dhcp.o(.text.dhcp_renew)
    dhcp_start                               0x08005911   Thumb Code   234  dhcp.o(.text.dhcp_start)
    disconnectServer                         0x080059fd   Thumb Code   100  udp_client.o(.text.disconnectServer)
    etharp_acd_announce                      0x08005a61   Thumb Code    48  etharp.o(.text.etharp_acd_announce)
    etharp_acd_probe                         0x08005a91   Thumb Code    56  etharp.o(.text.etharp_acd_probe)
    etharp_cleanup_netif                     0x08005ac9   Thumb Code    68  etharp.o(.text.etharp_cleanup_netif)
    etharp_input                             0x08005ce1   Thumb Code   388  etharp.o(.text.etharp_input)
    etharp_output                            0x08005e89   Thumb Code   628  etharp.o(.text.etharp_output)
    etharp_query                             0x080061fd   Thumb Code   424  etharp.o(.text.etharp_query)
    etharp_tmr                               0x08006515   Thumb Code   176  etharp.o(.text.etharp_tmr)
    ethernet_input                           0x080065c5   Thumb Code   216  ethernet.o(.text.ethernet_input)
    ethernet_output                          0x0800669d   Thumb Code   132  ethernet.o(.text.ethernet_output)
    ethernetif_init                          0x08006795   Thumb Code   252  ethernetif.o(.text.ethernetif_init)
    ethernetif_input                         0x080068c9   Thumb Code   632  ethernetif.o(.text.ethernetif_input)
    icmp_dest_unreach                        0x08006b41   Thumb Code     8  icmp.o(.text.icmp_dest_unreach)
    icmp_input                               0x08006b49   Thumb Code   464  icmp.o(.text.icmp_input)
    icmp_time_exceeded                       0x08006e69   Thumb Code     8  icmp.o(.text.icmp_time_exceeded)
    inet_chksum_pbuf                         0x08006e71   Thumb Code   252  inet_chksum.o(.text.inet_chksum_pbuf)
    initITSboard                             0x08006f6d   Thumb Code   352  init.o(.text.initITSboard)
    init_lwip_stack                          0x080070cd   Thumb Code    78  lwip_interface.o(.text.init_lwip_stack)
    ip4_addr_isbroadcast_u32                 0x0800711d   Thumb Code    48  ip4_addr.o(.text.ip4_addr_isbroadcast_u32)
    ip4_frag                                 0x0800714d   Thumb Code   556  ip4_frag.o(.text.ip4_frag)
    ip4_input                                0x080073a9   Thumb Code   564  ip4.o(.text.ip4_input)
    ip4_output_if                            0x080075dd   Thumb Code    38  ip4.o(.text.ip4_output_if)
    ip4_output_if_src                        0x08007605   Thumb Code   284  ip4.o(.text.ip4_output_if_src)
    ip4_reass                                0x08007751   Thumb Code  1468  ip4_frag.o(.text.ip4_reass)
    ip4_route                                0x08007d59   Thumb Code   124  ip4.o(.text.ip4_route)
    ip4addr_aton                             0x08007dd5   Thumb Code   360  ip4_addr.o(.text.ip4addr_aton)
    ip4addr_ntoa_r                           0x08007f71   Thumb Code   876  ip4_addr.o(.text.ip4addr_ntoa_r)
    ip_reass_tmr                             0x08008471   Thumb Code    58  ip4_frag.o(.text.ip_reass_tmr)
    isButtonPressed                          0x080084f9   Thumb Code   104  input.o(.text.isButtonPressed)
    itoa                                     0x08008561   Thumb Code   478  LCD_Tools.o(.text.itoa)
    lcdGotoXY                                0x08008741   Thumb Code    40  lcd.o(.text.lcdGotoXY)
    lcdPrintS                                0x08008769   Thumb Code   332  lcd.o(.text.lcdPrintS)
    lcdPrintlnS                              0x080088b5   Thumb Code    58  lcd.o(.text.lcdPrintlnS)
    lwip_htonl                               0x08008c35   Thumb Code     4  def.o(.text.lwip_htonl)
    lwip_htons                               0x08008c39   Thumb Code     4  def.o(.text.lwip_htons)
    lwip_init                                0x08008c3d   Thumb Code    34  init.o(.text.lwip_init)
    main                                     0x08008c61   Thumb Code    80  main.o(.text.main)
    mem_free                                 0x08008cbd   Thumb Code    80  mem.o(.text.mem_free)
    mem_init                                 0x08008d35   Thumb Code     2  mem.o(.text.mem_init)
    mem_malloc                               0x08008d39   Thumb Code    60  mem.o(.text.mem_malloc)
    mem_trim                                 0x08008d99   Thumb Code     2  mem.o(.text.mem_trim)
    memp_free                                0x08008d9d   Thumb Code    92  memp.o(.text.memp_free)
    memp_init                                0x08008df9   Thumb Code   340  memp.o(.text.memp_init)
    memp_malloc                              0x08008f4d   Thumb Code   110  memp.o(.text.memp_malloc)
    netif_add                                0x08008fbd   Thumb Code   268  netif.o(.text.netif_add)
    netif_config                             0x0800910d   Thumb Code    74  lwip_interface.o(.text.netif_config)
    netif_get_by_index                       0x08009159   Thumb Code    84  netif.o(.text.netif_get_by_index)
    netif_init                               0x080091ad   Thumb Code     2  netif.o(.text.netif_init)
    netif_set_addr                           0x080091b9   Thumb Code   212  netif.o(.text.netif_set_addr)
    netif_set_default                        0x0800928d   Thumb Code    12  netif.o(.text.netif_set_default)
    netif_set_down                           0x08009299   Thumb Code    52  netif.o(.text.netif_set_down)
    netif_set_up                             0x080092cd   Thumb Code    28  netif.o(.text.netif_set_up)
    pbuf_add_header                          0x080092e9   Thumb Code   110  pbuf.o(.text.pbuf_add_header)
    pbuf_alloc                               0x08009359   Thumb Code   352  pbuf.o(.text.pbuf_alloc)
    pbuf_alloced_custom                      0x080094d5   Thumb Code    62  pbuf.o(.text.pbuf_alloced_custom)
    pbuf_cat                                 0x08009515   Thumb Code   172  pbuf.o(.text.pbuf_cat)
    pbuf_chain                               0x0800960d   Thumb Code    70  pbuf.o(.text.pbuf_chain)
    pbuf_clen                                0x08009655   Thumb Code    52  pbuf.o(.text.pbuf_clen)
    pbuf_clone                               0x08009689   Thumb Code    80  pbuf.o(.text.pbuf_clone)
    pbuf_copy                                0x080096d9   Thumb Code    18  pbuf.o(.text.pbuf_copy)
    pbuf_copy_partial                        0x080096ed   Thumb Code   100  pbuf.o(.text.pbuf_copy_partial)
    pbuf_copy_partial_pbuf                   0x08009751   Thumb Code   272  pbuf.o(.text.pbuf_copy_partial_pbuf)
    pbuf_free                                0x08009895   Thumb Code   204  pbuf.o(.text.pbuf_free)
    pbuf_header_force                        0x080099b1   Thumb Code     6  pbuf.o(.text.pbuf_header_force)
    pbuf_realloc                             0x08009a79   Thumb Code   272  pbuf.o(.text.pbuf_realloc)
    pbuf_ref                                 0x08009bf1   Thumb Code    64  pbuf.o(.text.pbuf_ref)
    pbuf_remove_header                       0x08009c31   Thumb Code    86  pbuf.o(.text.pbuf_remove_header)
    printDebugMsg                            0x08009c89   Thumb Code   128  LCD_Debug.o(.text.printDebugMsg)
    processButtonInput                       0x08009d29   Thumb Code   144  input.o(.text.processButtonInput)
    processKeypadInput                       0x08009dd9   Thumb Code   240  input.o(.text.processKeypadInput)
    selectServer                             0x08009ec9   Thumb Code   284  udp_client.o(.text.selectServer)
    sendMsg                                  0x0800a081   Thumb Code   164  udp_client.o(.text.sendMsg)
    setLed                                   0x0800a155   Thumb Code   108  output.o(.text.setLed)
    stats_init                               0x0800a1c1   Thumb Code     2  stats.o(.text.stats_init)
    stdinout_init                            0x0800a1c5   Thumb Code    68  stdinout_USART.o(.text.stdinout_init)
    sys_check_timeouts                       0x0800a209   Thumb Code    78  timeouts.o(.text.sys_check_timeouts)
    sys_now                                  0x0800a259   Thumb Code     4  sys_arch.o(.text.sys_now)
    sys_timeout                              0x0800a25d   Thumb Code   212  timeouts.o(.text.sys_timeout)
    sys_timeouts_init                        0x0800a369   Thumb Code    90  timeouts.o(.text.sys_timeouts_init)
    tcp_abandon                              0x0800a3c5   Thumb Code   396  tcp.o(.text.tcp_abandon)
    tcp_abort                                0x0800a585   Thumb Code     6  tcp.o(.text.tcp_abort)
    tcp_alloc                                0x0800a58d   Thumb Code   702  tcp.o(.text.tcp_alloc)
    tcp_eff_send_mss_netif                   0x0800ac89   Thumb Code    72  tcp.o(.text.tcp_eff_send_mss_netif)
    tcp_enqueue_flags                        0x0800acf9   Thumb Code   400  tcp_out.o(.text.tcp_enqueue_flags)
    tcp_fasttmr                              0x0800af15   Thumb Code   204  tcp.o(.text.tcp_fasttmr)
    tcp_free                                 0x0800afe1   Thumb Code    56  tcp.o(.text.tcp_free)
    tcp_init                                 0x0800b131   Thumb Code     2  tcp.o(.text.tcp_init)
    tcp_input                                0x0800b135   Thumb Code  1708  tcp_in.o(.text.tcp_input)
    tcp_keepalive                            0x0800b8b5   Thumb Code   192  tcp_out.o(.text.tcp_keepalive)
    tcp_netif_ip_addr_changed                0x0800bb6d   Thumb Code   172  tcp.o(.text.tcp_netif_ip_addr_changed)
    tcp_next_iss                             0x0800bc19   Thumb Code    68  tcp.o(.text.tcp_next_iss)
    tcp_output                               0x0800bc79   Thumb Code   976  tcp_out.o(.text.tcp_output)
    tcp_pcb_purge                            0x0800c401   Thumb Code   134  tcp.o(.text.tcp_pcb_purge)
    tcp_pcb_remove                           0x0800c489   Thumb Code   236  tcp.o(.text.tcp_pcb_remove)
    tcp_process_refused_data                 0x0800cbcd   Thumb Code   130  tcp.o(.text.tcp_process_refused_data)
    tcp_recv_null                            0x0800d20d   Thumb Code    72  tcp.o(.text.tcp_recv_null)
    tcp_recved                               0x0800d255   Thumb Code   156  tcp.o(.text.tcp_recved)
    tcp_rexmit                               0x0800d319   Thumb Code   156  tcp_out.o(.text.tcp_rexmit)
    tcp_rexmit_fast                          0x0800d3cd   Thumb Code   204  tcp_out.o(.text.tcp_rexmit_fast)
    tcp_rexmit_rto                           0x0800d4b9   Thumb Code   216  tcp_out.o(.text.tcp_rexmit_rto)
    tcp_rexmit_rto_commit                    0x0800d5ad   Thumb Code    60  tcp_out.o(.text.tcp_rexmit_rto_commit)
    tcp_rexmit_rto_prepare                   0x0800d60d   Thumb Code   196  tcp_out.o(.text.tcp_rexmit_rto_prepare)
    tcp_rst                                  0x0800d6f5   Thumb Code    56  tcp_out.o(.text.tcp_rst)
    tcp_rst_netif                            0x0800d7d1   Thumb Code    94  tcp_out.o(.text.tcp_rst_netif)
    tcp_seg_free                             0x0800d831   Thumb Code    32  tcp.o(.text.tcp_seg_free)
    tcp_send_empty_ack                       0x0800d851   Thumb Code   216  tcp_out.o(.text.tcp_send_empty_ack)
    tcp_send_fin                             0x0800d949   Thumb Code   128  tcp_out.o(.text.tcp_send_fin)
    tcp_slowtmr                              0x0800d9e5   Thumb Code  1280  tcp.o(.text.tcp_slowtmr)
    tcp_split_unsent_seg                     0x0800df71   Thumb Code   440  tcp_out.o(.text.tcp_split_unsent_seg)
    tcp_timer_needed                         0x0800e181   Thumb Code    66  timeouts.o(.text.tcp_timer_needed)
    tcp_tmr                                  0x0800e269   Thumb Code    34  tcp.o(.text.tcp_tmr)
    tcp_trigger_input_pcb_close              0x0800e28d   Thumb Code    18  tcp_in.o(.text.tcp_trigger_input_pcb_close)
    tcp_update_rcv_ann_wnd                   0x0800e2a1   Thumb Code    96  tcp.o(.text.tcp_update_rcv_ann_wnd)
    tcp_zero_window_probe                    0x0800e325   Thumb Code   316  tcp_out.o(.text.tcp_zero_window_probe)
    toggleGPIO                               0x0800e4c5   Thumb Code    10  led.o(.text.toggleGPIO)
    udp_bind                                 0x0800e4d1   Thumb Code   324  udp.o(.text.udp_bind)
    udp_client_init                          0x0800e615   Thumb Code   132  udp_client.o(.text.udp_client_init)
    udp_connect                              0x0800e859   Thumb Code   350  udp.o(.text.udp_connect)
    udp_disconnect                           0x0800e9b9   Thumb Code    24  udp.o(.text.udp_disconnect)
    udp_init                                 0x0800e9d1   Thumb Code     2  udp.o(.text.udp_init)
    udp_input                                0x0800e9d5   Thumb Code   572  udp.o(.text.udp_input)
    udp_netif_ip_addr_changed                0x0800ec61   Thumb Code   118  udp.o(.text.udp_netif_ip_addr_changed)
    udp_new                                  0x0800ecd9   Thumb Code    38  udp.o(.text.udp_new)
    udp_recv                                 0x0800ed01   Thumb Code    10  udp.o(.text.udp_recv)
    udp_remove                               0x0800ed0d   Thumb Code    76  udp.o(.text.udp_remove)
    udp_sendto                               0x0800ed59   Thumb Code   124  udp.o(.text.udp_sendto)
    udp_sendto_if                            0x0800edd5   Thumb Code    82  udp.o(.text.udp_sendto_if)
    udp_sendto_if_src                        0x0800ee29   Thumb Code   500  udp.o(.text.udp_sendto_if_src)
    __0printf$3                              0x0800f04d   Thumb Code    22  printf3.o(i.__0printf$3)
    __1printf$3                              0x0800f04d   Thumb Code     0  printf3.o(i.__0printf$3)
    __2printf                                0x0800f04d   Thumb Code     0  printf3.o(i.__0printf$3)
    __0snprintf$3                            0x0800f06d   Thumb Code    48  printf3.o(i.__0snprintf$3)
    __1snprintf$3                            0x0800f06d   Thumb Code     0  printf3.o(i.__0snprintf$3)
    __2snprintf                              0x0800f06d   Thumb Code     0  printf3.o(i.__0snprintf$3)
    __scatterload_copy                       0x0800f0a1   Thumb Code    14  handlers.o(i.__scatterload_copy)
    __scatterload_null                       0x0800f0af   Thumb Code     2  handlers.o(i.__scatterload_null)
    __scatterload_zeroinit                   0x0800f0b1   Thumb Code    14  handlers.o(i.__scatterload_zeroinit)
    fputc                                    0x0800f28f   Thumb Code    18  fputc.o(i.fputc)
    free                                     0x0800f2a1   Thumb Code    76  malloc.o(i.free)
    malloc                                   0x0800f2f1   Thumb Code    92  malloc.o(i.malloc)
    __ctype_table                            0x0800f35c   Data         129  ctype_o.o(.constdata)
    AHBPrescTable                            0x0800f3e4   Data          16  system_stm32f4xx.o(.rodata.AHBPrescTable)
    APBPrescTable                            0x0800f3f4   Data           8  system_stm32f4xx.o(.rodata.APBPrescTable)
    Driver_USART3                            0x0800f3fc   Data          56  USART_STM32F4xx.o(.rodata.Driver_USART3)
    ethbroadcast                             0x0800f480   Data           6  ethernet.o(.rodata.ethbroadcast)
    ethzero                                  0x0800f486   Data           6  ethernet.o(.rodata.ethzero)
    initCmds                                 0x0800f48c   Data         103  LCD_Driver.o(.rodata.initCmds)
    ip_addr_any                              0x0800f4f4   Data           4  ip4_addr.o(.rodata.ip_addr_any)
    ip_addr_broadcast                        0x0800f4f8   Data           4  ip4_addr.o(.rodata.ip_addr_broadcast)
    lwip_cyclic_timers                       0x0800f57c   Data          48  timeouts.o(.rodata.lwip_cyclic_timers)
    memp_FRAG_PBUF                           0x0800f5ac   Data          20  memp.o(.rodata.memp_FRAG_PBUF)
    memp_PBUF                                0x0800f5c0   Data          20  memp.o(.rodata.memp_PBUF)
    memp_PBUF_POOL                           0x0800f5d4   Data          20  memp.o(.rodata.memp_PBUF_POOL)
    memp_REASSDATA                           0x0800f5e8   Data          20  memp.o(.rodata.memp_REASSDATA)
    memp_SYS_TIMEOUT                         0x0800f5fc   Data          20  memp.o(.rodata.memp_SYS_TIMEOUT)
    memp_TCP_PCB                             0x0800f610   Data          20  memp.o(.rodata.memp_TCP_PCB)
    memp_TCP_PCB_LISTEN                      0x0800f624   Data          20  memp.o(.rodata.memp_TCP_PCB_LISTEN)
    memp_TCP_SEG                             0x0800f638   Data          20  memp.o(.rodata.memp_TCP_SEG)
    memp_UDP_PCB                             0x0800f64c   Data          20  memp.o(.rodata.memp_UDP_PCB)
    memp_pools                               0x0800f660   Data          36  memp.o(.rodata.memp_pools)
    Region$$Table$$Base                      0x08010128   Number         0  anon$$obj.o(Region$$Table)
    Region$$Table$$Limit                     0x08010148   Number         0  anon$$obj.o(Region$$Table)
    __stdout                                 0x20000000   Data           4  stdout.o(.data)
    __microlib_freelist                      0x20000004   Data           4  mvars.o(.data)
    __microlib_freelist_initialised          0x20000008   Data           4  mvars.o(.data)
    Font16FLASH                              0x2000000c   Data           8  fontsFLASH.o(.data.Font16FLASH)
    SystemCoreClock                          0x20000014   Data           4  system_stm32f4xx.o(.data.SystemCoreClock)
    packageAvailableBinSem                   0x20000034   Data           4  ethernetif.o(.data.packageAvailableBinSem)
    taskList                                 0x2000003c   Data          64  main.o(.data.taskList)
    uwTickFreq                               0x20000082   Data           1  stm32f4xx_hal.o(.data.uwTickFreq)
    uwTickPrio                               0x20000084   Data           4  stm32f4xx_hal.o(.data.uwTickPrio)
    DMARxDscrTab                             0x20000088   Data         160  ethernetif.o(.bss.DMARxDscrTab)
    DMATxDscrTab                             0x20000128   Data         160  ethernetif.o(.bss.DMATxDscrTab)
    EthHandle                                0x200001c8   Data          72  ethernetif.o(.bss.EthHandle)
    Rx_Buff                                  0x20000210   Data        7620  ethernetif.o(.bss.Rx_Buff)
    Tx_Buff                                  0x20001fd4   Data        7620  ethernetif.o(.bss.Tx_Buff)
    currentTime                              0x20003ec8   Data           8  main.o(.bss.currentTime)
    heartbeatStatus                          0x20003f0a   Data           1  main.o(.bss.heartbeatStatus)
    ip_data                                  0x20003f58   Data          24  ip.o(.bss.ip_data)
    its_brd_netif                            0x20003f74   Data          68  lwip_interface.o(.bss.its_brd_netif)
    keepAliveCounter                         0x20003fb8   Data           1  main.o(.bss.keepAliveCounter)
    lwip_stats                               0x20003fc0   Data         204  stats.o(.bss.lwip_stats)
    memp_memory_FRAG_PBUF_base               0x2000408c   Data         363  memp.o(.bss.memp_memory_FRAG_PBUF_base)
    memp_memory_PBUF_POOL_base               0x200041f7   Data        8451  memp.o(.bss.memp_memory_PBUF_POOL_base)
    memp_memory_PBUF_base                    0x200062fa   Data         163  memp.o(.bss.memp_memory_PBUF_base)
    memp_memory_REASSDATA_base               0x2000639d   Data         163  memp.o(.bss.memp_memory_REASSDATA_base)
    memp_memory_SYS_TIMEOUT_base             0x20006440   Data         163  memp.o(.bss.memp_memory_SYS_TIMEOUT_base)
    memp_memory_TCP_PCB_LISTEN_base          0x200064e3   Data         143  memp.o(.bss.memp_memory_TCP_PCB_LISTEN_base)
    memp_memory_TCP_PCB_base                 0x20006572   Data         863  memp.o(.bss.memp_memory_TCP_PCB_base)
    memp_memory_TCP_SEG_base                 0x200068d1   Data         195  memp.o(.bss.memp_memory_TCP_SEG_base)
    memp_memory_UDP_PCB_base                 0x20006994   Data         131  memp.o(.bss.memp_memory_UDP_PCB_base)
    netif_default                            0x20006b14   Data           4  netif.o(.bss.netif_default)
    netif_list                               0x20006b18   Data           4  netif.o(.bss.netif_list)
    oldTime                                  0x20006b28   Data           8  main.o(.bss.oldTime)
    scheduleTimer                            0x20006b58   Data           4  main.o(.bss.scheduleTimer)
    seqNumber                                0x20006b5c   Data           4  message.o(.bss.seqNumber)
    tcp_active_pcbs                          0x20006b6c   Data           4  tcp.o(.bss.tcp_active_pcbs)
    tcp_active_pcbs_changed                  0x20006b70   Data           1  tcp.o(.bss.tcp_active_pcbs_changed)
    tcp_bound_pcbs                           0x20006b74   Data           4  tcp.o(.bss.tcp_bound_pcbs)
    tcp_input_pcb                            0x20006b78   Data           4  tcp_in.o(.bss.tcp_input_pcb)
    tcp_listen_pcbs                          0x20006b7c   Data           4  tcp.o(.bss.tcp_listen_pcbs)
    tcp_ticks                                0x20006b80   Data           4  tcp.o(.bss.tcp_ticks)
    tcp_tw_pcbs                              0x20006b88   Data           4  tcp.o(.bss.tcp_tw_pcbs)
    udp_pcbs                                 0x20006ba4   Data           4  udp.o(.bss.udp_pcbs)
    uwTick                                   0x20006ba8   Data           4  stm32f4xx_hal.o(.bss.uwTick)
    __heap_base                              0x20006bb0   Data           0  startup_stm32f429xx.o(HEAP)
    __heap_limit                             0x200073b0   Data           0  startup_stm32f429xx.o(HEAP)
    __initial_sp                             0x200077b0   Data           0  startup_stm32f429xx.o(STACK)



==============================================================================

Memory Map of the image

  Image Entry point : 0x080001c1

  Load Region LR_IROM1 (Base: 0x08000000, Size: 0x000101d0, Max: 0x00200000, ABSOLUTE)

    Execution Region ER_IROM1 (Exec base: 0x08000000, Load base: 0x08000000, Size: 0x00010148, Max: 0x00200000, ABSOLUTE)

    Exec Addr    Load Addr    Size         Type   Attr      Idx    E Section Name        Object

    0x08000000   0x08000000   0x000001ac   Data   RO           50    RESET               startup_stm32f429xx.o
    0x080001ac   0x080001ac   0x00000000   Code   RO         1898  * .ARM.Collect$$$$00000000  mc_w.l(entry.o)
    0x080001ac   0x080001ac   0x00000004   Code   RO         2252    .ARM.Collect$$$$00000001  mc_w.l(entry2.o)
    0x080001b0   0x080001b0   0x00000004   Code   RO         2255    .ARM.Collect$$$$00000004  mc_w.l(entry5.o)
    0x080001b4   0x080001b4   0x00000000   Code   RO         2257    .ARM.Collect$$$$00000008  mc_w.l(entry7b.o)
    0x080001b4   0x080001b4   0x00000000   Code   RO         2259    .ARM.Collect$$$$0000000A  mc_w.l(entry8b.o)
    0x080001b4   0x080001b4   0x00000008   Code   RO         2260    .ARM.Collect$$$$0000000B  mc_w.l(entry9a.o)
    0x080001bc   0x080001bc   0x00000000   Code   RO         2262    .ARM.Collect$$$$0000000D  mc_w.l(entry10a.o)
    0x080001bc   0x080001bc   0x00000000   Code   RO         2264    .ARM.Collect$$$$0000000F  mc_w.l(entry11a.o)
    0x080001bc   0x080001bc   0x00000004   Code   RO         2253    .ARM.Collect$$$$00002712  mc_w.l(entry2.o)
    0x080001c0   0x080001c0   0x00000024   Code   RO           51  * .text               startup_stm32f429xx.o
    0x080001e4   0x080001e4   0x00000062   Code   RO         1907    .text               mc_w.l(uldiv.o)
    0x08000246   0x08000246   0x00000002   PAD
    0x08000248   0x08000248   0x00000008   Code   RO         1909    .text               mc_w.l(ctype_o.o)
    0x08000250   0x08000250   0x00000040   Code   RO         1941    .text               mc_w.l(memmovea.o)
    0x08000290   0x08000290   0x00000024   Code   RO         1943    .text               mc_w.l(memseta.o)
    0x080002b4   0x080002b4   0x0000000e   Code   RO         1945    .text               mc_w.l(strlen.o)
    0x080002c2   0x080002c2   0x0000001a   Code   RO         1947    .text               mc_w.l(memcmp.o)
    0x080002dc   0x080002dc   0x0000002c   Code   RO         2280    .text               mc_w.l(uidiv.o)
    0x08000308   0x08000308   0x0000001e   Code   RO         2282    .text               mc_w.l(llshl.o)
    0x08000326   0x08000326   0x00000020   Code   RO         2284    .text               mc_w.l(llushr.o)
    0x08000346   0x08000346   0x00000002   PAD
    0x08000348   0x08000348   0x00000030   Code   RO         2312    .text               mc_w.l(init.o)
    0x08000378   0x08000378   0x00000000   Code   RO         2314    .text               mc_w.l(semi.o)
    0x08000378   0x08000378   0x00000000   Code   RO         2319    .text               mc_w.l(iusesemip.o)
    0x08000378   0x08000378   0x00000002   Code   RO           69    .text.BusFault_Handler  stm32f4xx_it.o
    0x0800037a   0x0800037a   0x00000002   PAD
    0x0800037c   0x0800037c   0x0000000e   Code   RO         1768    .text.ButtonTask    main.o
    0x0800038a   0x0800038a   0x00000002   PAD
    0x0800038c   0x0800038c   0x00000002   Code   RO           75    .text.DebugMon_Handler  stm32f4xx_it.o
    0x0800038e   0x0800038e   0x00000002   PAD
    0x08000390   0x08000390   0x00000004   Code   RO          964    .text.Driver_Delay_ms  LCD_Tools.o
    0x08000394   0x08000394   0x0000000c   Code   RO           81    .text.ETH_IRQHandler  stm32f4xx_it.o
    0x080003a0   0x080003a0   0x000000f6   Code   RO          737    .text.ETH_MACDMAConfig  stm32f4xx_hal_eth.o
    0x08000496   0x08000496   0x00000002   PAD
    0x08000498   0x08000498   0x00000046   Code   RO         1863    .text.EXTI9_5_IRQHandler  interrupt.o
    0x080004de   0x080004de   0x00000002   PAD
    0x080004e0   0x080004e0   0x000000e8   Code   RO         1003    .text.Error_Handler  error.o
    0x080005c8   0x080005c8   0x0000013c   Code   RO          948    .text.GPIO_Init     LCD_GPIO.o
    0x08000704   0x08000704   0x00000004   Code   RO          894    .text.GUI_clear     LCD_GUI.o
    0x08000708   0x08000708   0x00000054   Code   RO          904    .text.GUI_disNum    LCD_GUI.o
    0x0800075c   0x0800075c   0x00000114   Code   RO          902    .text.GUI_disStr    LCD_GUI.o
    0x08000870   0x08000870   0x000000c6   Code   RO          898    .text.GUI_drawRectangle  LCD_GUI.o
    0x08000936   0x08000936   0x00000002   PAD
    0x08000938   0x08000938   0x00000012   Code   RO          892    .text.GUI_init      LCD_GUI.o
    0x0800094a   0x0800094a   0x00000002   PAD
    0x0800094c   0x0800094c   0x00000028   Code   RO          220    .text.HAL_Delay     stm32f4xx_hal.o
    0x08000974   0x08000974   0x00000166   Code   RO          747    .text.HAL_ETH_DMARxDescListInit  stm32f4xx_hal_eth.o
    0x08000ada   0x08000ada   0x00000002   PAD
    0x08000adc   0x08000adc   0x000001d0   Code   RO          745    .text.HAL_ETH_DMATxDescListInit  stm32f4xx_hal_eth.o
    0x08000cac   0x08000cac   0x00000002   Code   RO          761    .text.HAL_ETH_ErrorCallback  stm32f4xx_hal_eth.o
    0x08000cae   0x08000cae   0x00000002   PAD
    0x08000cb0   0x08000cb0   0x00000124   Code   RO          753    .text.HAL_ETH_GetReceivedFrame_IT  stm32f4xx_hal_eth.o
    0x08000dd4   0x08000dd4   0x0000006c   Code   RO          755    .text.HAL_ETH_IRQHandler  stm32f4xx_hal_eth.o
    0x08000e40   0x08000e40   0x00000378   Code   RO          731    .text.HAL_ETH_Init  stm32f4xx_hal_eth.o
    0x080011b8   0x080011b8   0x000000fe   Code   RO         1868    .text.HAL_ETH_MspInit  ethernetif.o
    0x080012b6   0x080012b6   0x00000002   PAD
    0x080012b8   0x080012b8   0x0000006c   Code   RO          739    .text.HAL_ETH_ReadPHYRegister  stm32f4xx_hal_eth.o
    0x08001324   0x08001324   0x0000000e   Code   RO         1882    .text.HAL_ETH_RxCpltCallback  ethernetif.o
    0x08001332   0x08001332   0x00000002   PAD
    0x08001334   0x08001334   0x00000142   Code   RO          763    .text.HAL_ETH_Start  stm32f4xx_hal_eth.o
    0x08001476   0x08001476   0x00000002   PAD
    0x08001478   0x08001478   0x0000024c   Code   RO          749    .text.HAL_ETH_TransmitFrame  stm32f4xx_hal_eth.o
    0x080016c4   0x080016c4   0x00000002   Code   RO          759    .text.HAL_ETH_TxCpltCallback  stm32f4xx_hal_eth.o
    0x080016c6   0x080016c6   0x00000002   PAD
    0x080016c8   0x080016c8   0x000001be   Code   RO          164    .text.HAL_GPIO_DeInit  stm32f4xx_hal_gpio.o
    0x08001886   0x08001886   0x00000002   PAD
    0x08001888   0x08001888   0x000001d4   Code   RO          162    .text.HAL_GPIO_Init  stm32f4xx_hal_gpio.o
    0x08001a5c   0x08001a5c   0x0000000e   Code   RO          170    .text.HAL_GPIO_TogglePin  stm32f4xx_hal_gpio.o
    0x08001a6a   0x08001a6a   0x00000002   PAD
    0x08001a6c   0x08001a6c   0x0000000a   Code   RO          168    .text.HAL_GPIO_WritePin  stm32f4xx_hal_gpio.o
    0x08001a76   0x08001a76   0x00000002   PAD
    0x08001a78   0x08001a78   0x0000000c   Code   RO          212    .text.HAL_GetTick   stm32f4xx_hal.o
    0x08001a84   0x08001a84   0x0000001a   Code   RO          210    .text.HAL_IncTick   stm32f4xx_hal.o
    0x08001a9e   0x08001a9e   0x00000002   PAD
    0x08001aa0   0x08001aa0   0x0000002e   Code   RO          200    .text.HAL_Init      stm32f4xx_hal.o
    0x08001ace   0x08001ace   0x00000002   PAD
    0x08001ad0   0x08001ad0   0x00000050   Code   RO          202    .text.HAL_InitTick  stm32f4xx_hal.o
    0x08001b20   0x08001b20   0x00000002   Code   RO          204    .text.HAL_MspInit   stm32f4xx_hal.o
    0x08001b22   0x08001b22   0x00000002   PAD
    0x08001b24   0x08001b24   0x0000002a   Code   RO           92    .text.HAL_NVIC_DisableIRQ  stm32f4xx_hal_cortex.o
    0x08001b4e   0x08001b4e   0x00000002   PAD
    0x08001b50   0x08001b50   0x00000022   Code   RO           90    .text.HAL_NVIC_EnableIRQ  stm32f4xx_hal_cortex.o
    0x08001b72   0x08001b72   0x00000002   PAD
    0x08001b74   0x08001b74   0x00000056   Code   RO           88    .text.HAL_NVIC_SetPriority  stm32f4xx_hal_cortex.o
    0x08001bca   0x08001bca   0x00000002   PAD
    0x08001bcc   0x08001bcc   0x00000020   Code   RO           86    .text.HAL_NVIC_SetPriorityGrouping  stm32f4xx_hal_cortex.o
    0x08001bec   0x08001bec   0x0000007a   Code   RO          192    .text.HAL_PWREx_EnableOverDrive  stm32f4xx_hal_pwr_ex.o
    0x08001c66   0x08001c66   0x00000002   PAD
    0x08001c68   0x08001c68   0x00000160   Code   RO          267    .text.HAL_RCC_ClockConfig  stm32f4xx_hal_rcc.o
    0x08001dc8   0x08001dc8   0x0000000c   Code   RO          277    .text.HAL_RCC_GetHCLKFreq  stm32f4xx_hal_rcc.o
    0x08001dd4   0x08001dd4   0x00000026   Code   RO          279    .text.HAL_RCC_GetPCLK1Freq  stm32f4xx_hal_rcc.o
    0x08001dfa   0x08001dfa   0x00000002   PAD
    0x08001dfc   0x08001dfc   0x0000006a   Code   RO          269    .text.HAL_RCC_GetSysClockFreq  stm32f4xx_hal_rcc.o
    0x08001e66   0x08001e66   0x00000002   PAD
    0x08001e68   0x08001e68   0x00000360   Code   RO          265    .text.HAL_RCC_OscConfig  stm32f4xx_hal_rcc.o
    0x080021c8   0x080021c8   0x0000002c   Code   RO           98    .text.HAL_SYSTICK_Config  stm32f4xx_hal_cortex.o
    0x080021f4   0x080021f4   0x000000b6   Code   RO          715    .text.HAL_TIMEx_MasterConfigSynchronization  stm32f4xx_hal_tim_ex.o
    0x080022aa   0x080022aa   0x00000002   PAD
    0x080022ac   0x080022ac   0x0000021a   Code   RO          447    .text.HAL_TIM_PWM_ConfigChannel  stm32f4xx_hal_tim.o
    0x080024c6   0x080024c6   0x00000002   PAD
    0x080024c8   0x080024c8   0x00000036   Code   RO          347    .text.HAL_TIM_PWM_Init  stm32f4xx_hal_tim.o
    0x080024fe   0x080024fe   0x00000002   PAD
    0x08002500   0x08002500   0x00000034   Code   RO          954    .text.HAL_TIM_PWM_MspInit  LCD_TIM.o
    0x08002534   0x08002534   0x0000004c   Code   RO          355    .text.HAL_TIM_PWM_Start  stm32f4xx_hal_tim.o
    0x08002580   0x08002580   0x00000002   Code   RO           65    .text.HardFault_Handler  stm32f4xx_it.o
    0x08002582   0x08002582   0x00000002   PAD
    0x08002584   0x08002584   0x00000068   Code   RO         1766    .text.HeartbeatTask  main.o
    0x080025ec   0x080025ec   0x00000004   Code   RO         1770    .text.InputTask     main.o
    0x080025f0   0x080025f0   0x0000007a   Code   RO          968    .text.LCDErrHandler  LCD_Tools.o
    0x0800266a   0x0800266a   0x00000002   PAD
    0x0800266c   0x0800266c   0x00000010   Code   RO          883    .text.LCD_clear     LCD_Driver.o
    0x0800267c   0x0800267c   0x00000134   Code   RO          881    .text.LCD_fillRectangleBW  LCD_Driver.o
    0x080027b0   0x080027b0   0x000000d0   Code   RO          877    .text.LCD_fillRectangleMC  LCD_Driver.o
    0x08002880   0x08002880   0x00000242   Code   RO          875    .text.LCD_init      LCD_Driver.o
    0x08002ac2   0x08002ac2   0x00000002   PAD
    0x08002ac4   0x08002ac4   0x000001fc   Code   RO          879    .text.LCD_setWindow  LCD_Driver.o
    0x08002cc0   0x08002cc0   0x00000002   Code   RO           67    .text.MemManage_Handler  stm32f4xx_it.o
    0x08002cc2   0x08002cc2   0x00000002   PAD
    0x08002cc4   0x08002cc4   0x00000002   Code   RO           63    .text.NMI_Handler   stm32f4xx_it.o
    0x08002cc6   0x08002cc6   0x00000002   PAD
    0x08002cc8   0x08002cc8   0x0000002e   Code   RO          958    .text.PWM_SetValue  LCD_TIM.o
    0x08002cf6   0x08002cf6   0x00000002   PAD
    0x08002cf8   0x08002cf8   0x00000002   Code   RO           77    .text.PendSV_Handler  stm32f4xx_it.o
    0x08002cfa   0x08002cfa   0x00000002   PAD
    0x08002cfc   0x08002cfc   0x0000011e   Code   RO          940    .text.SPI4W_Write_Byte  LCD_SPI.o
    0x08002e1a   0x08002e1a   0x00000002   PAD
    0x08002e1c   0x08002e1c   0x000000c6   Code   RO          934    .text.SPIinit       LCD_SPI.o
    0x08002ee2   0x08002ee2   0x00000002   PAD
    0x08002ee4   0x08002ee4   0x00000002   Code   RO           73    .text.SVC_Handler   stm32f4xx_it.o
    0x08002ee6   0x08002ee6   0x00000002   PAD
    0x08002ee8   0x08002ee8   0x00000088   Code   RO         1774    .text.Scheduler     main.o
    0x08002f70   0x08002f70   0x00000004   Code   RO           79    .text.SysTick_Handler  stm32f4xx_it.o
    0x08002f74   0x08002f74   0x00000056   Code   RO           54    .text.SystemInit    system_stm32f4xx.o
    0x08002fca   0x08002fca   0x00000002   PAD
    0x08002fcc   0x08002fcc   0x000000b8   Code   RO          952    .text.TIM4_Init     LCD_TIM.o
    0x08003084   0x08003084   0x00000124   Code   RO          297    .text.TIM_Base_SetConfig  stm32f4xx_hal_tim.o
    0x080031a8   0x080031a8   0x0000004a   Code   RO          923    .text.TP_InitBasic  LCD_Touch.o
    0x080031f2   0x080031f2   0x00000002   PAD
    0x080031f4   0x080031f4   0x00000854   Code   RO         1097    .text.USART3_Control  USART_STM32F4xx.o
    0x08003a48   0x08003a48   0x00000006   Code   RO         1079    .text.USART3_GetCapabilities  USART_STM32F4xx.o
    0x08003a4e   0x08003a4e   0x00000002   PAD
    0x08003a50   0x08003a50   0x00000004   Code   RO         1103    .text.USART3_GetModemStatus  USART_STM32F4xx.o
    0x08003a54   0x08003a54   0x0000000c   Code   RO         1095    .text.USART3_GetRxCount  USART_STM32F4xx.o
    0x08003a60   0x08003a60   0x00000074   Code   RO         1099    .text.USART3_GetStatus  USART_STM32F4xx.o
    0x08003ad4   0x08003ad4   0x0000000c   Code   RO         1093    .text.USART3_GetTxCount  USART_STM32F4xx.o
    0x08003ae0   0x08003ae0   0x0000000c   Code   RO         1075    .text.USART3_IRQHandler  USART_STM32F4xx.o
    0x08003aec   0x08003aec   0x00000066   Code   RO         1081    .text.USART3_Initialize  USART_STM32F4xx.o
    0x08003b52   0x08003b52   0x00000002   PAD
    0x08003b54   0x08003b54   0x00000004   Code   RO         1085    .text.USART3_PowerControl  USART_STM32F4xx.o
    0x08003b58   0x08003b58   0x000000b8   Code   RO         1089    .text.USART3_Receive  USART_STM32F4xx.o
    0x08003c10   0x08003c10   0x00000078   Code   RO         1087    .text.USART3_Send   USART_STM32F4xx.o
    0x08003c88   0x08003c88   0x0000002e   Code   RO         1101    .text.USART3_SetModemControl  USART_STM32F4xx.o
    0x08003cb6   0x08003cb6   0x00000002   PAD
    0x08003cb8   0x08003cb8   0x000000c6   Code   RO         1091    .text.USART3_Transfer  USART_STM32F4xx.o
    0x08003d7e   0x08003d7e   0x00000002   PAD
    0x08003d80   0x08003d80   0x0000006c   Code   RO         1083    .text.USART3_Uninitialize  USART_STM32F4xx.o
    0x08003dec   0x08003dec   0x00000224   Code   RO         1073    .text.USART_IRQHandler  USART_STM32F4xx.o
    0x08004010   0x08004010   0x000000e6   Code   RO         1105    .text.USART_PowerControl  USART_STM32F4xx.o
    0x080040f6   0x080040f6   0x00000002   PAD
    0x080040f8   0x080040f8   0x0000000a   Code   RO         1077    .text.USARTx_GetVersion  USART_STM32F4xx.o
    0x08004102   0x08004102   0x00000002   PAD
    0x08004104   0x08004104   0x00000002   Code   RO           71    .text.UsageFault_Handler  stm32f4xx_it.o
    0x08004106   0x08004106   0x00000002   PAD
    0x08004108   0x08004108   0x0000007c   Code   RO         1181    .text.acd_add       acd.o
    0x08004184   0x08004184   0x000000d6   Code   RO         1193    .text.acd_arp_reply  acd.o
    0x0800425a   0x0800425a   0x00000002   PAD
    0x0800425c   0x0800425c   0x0000007e   Code   RO         1195    .text.acd_netif_ip_addr_changed  acd.o
    0x080042da   0x080042da   0x00000002   PAD
    0x080042dc   0x080042dc   0x00000088   Code   RO         1183    .text.acd_remove    acd.o
    0x08004364   0x08004364   0x00000042   Code   RO         1185    .text.acd_start     acd.o
    0x080043a6   0x080043a6   0x00000002   PAD
    0x080043a8   0x080043a8   0x00000142   Code   RO         1191    .text.acd_tmr       acd.o
    0x080044ea   0x080044ea   0x00000002   PAD
    0x080044ec   0x080044ec   0x000000a2   Code   RO         1853    .text.buildMessage  message.o
    0x0800458e   0x0800458e   0x00000002   PAD
    0x08004590   0x08004590   0x0000002a   Code   RO         1793    .text.check_input   lwip_interface.o
    0x080045ba   0x080045ba   0x00000002   PAD
    0x080045bc   0x080045bc   0x00000090   Code   RO         1826    .text.connectionLost  udp_client.o
    0x0800464c   0x0800464c   0x0000000c   Code   RO         1065    .text.delay         delay.o
    0x08004658   0x08004658   0x000000ea   Code   RO         1236    .text.dhcp_bind     dhcp.o
    0x08004742   0x08004742   0x00000002   PAD
    0x08004744   0x08004744   0x0000001c   Code   RO         1242    .text.dhcp_check    dhcp.o
    0x08004760   0x08004760   0x000001d0   Code   RO         1200    .text.dhcp_coarse_tmr  dhcp.o
    0x08004930   0x08004930   0x0000016c   Code   RO         1212    .text.dhcp_conflict_callback  dhcp.o
    0x08004a9c   0x08004a9c   0x00000154   Code   RO         1220    .text.dhcp_create_msg  dhcp.o
    0x08004bf0   0x08004bf0   0x00000132   Code   RO         1216    .text.dhcp_discover  dhcp.o
    0x08004d22   0x08004d22   0x00000002   PAD
    0x08004d24   0x08004d24   0x00000082   Code   RO         1206    .text.dhcp_fine_tmr  dhcp.o
    0x08004da6   0x08004da6   0x00000002   PAD
    0x08004da8   0x08004da8   0x00000076   Code   RO         1240    .text.dhcp_handle_ack  dhcp.o
    0x08004e1e   0x08004e1e   0x00000002   PAD
    0x08004e20   0x08004e20   0x00000032   Code   RO         1244    .text.dhcp_handle_nak  dhcp.o
    0x08004e52   0x08004e52   0x00000002   PAD
    0x08004e54   0x08004e54   0x0000003c   Code   RO         1246    .text.dhcp_handle_offer  dhcp.o
    0x08004e90   0x08004e90   0x000000b4   Code   RO         1214    .text.dhcp_inc_pcb_refcount  dhcp.o
    0x08004f44   0x08004f44   0x00000156   Code   RO         1224    .text.dhcp_reboot   dhcp.o
    0x0800509a   0x0800509a   0x00000002   PAD
    0x0800509c   0x0800509c   0x00000424   Code   RO         1238    .text.dhcp_recv     dhcp.o
    0x080054c0   0x080054c0   0x00000178   Code   RO         1202    .text.dhcp_release_and_stop  dhcp.o
    0x08005638   0x08005638   0x00000120   Code   RO         1226    .text.dhcp_renew    dhcp.o
    0x08005758   0x08005758   0x000001b6   Code   RO         1234    .text.dhcp_select   dhcp.o
    0x0800590e   0x0800590e   0x00000002   PAD
    0x08005910   0x08005910   0x000000ea   Code   RO         1204    .text.dhcp_start    dhcp.o
    0x080059fa   0x080059fa   0x00000002   PAD
    0x080059fc   0x080059fc   0x00000064   Code   RO         1822    .text.disconnectServer  udp_client.o
    0x08005a60   0x08005a60   0x00000030   Code   RO         1280    .text.etharp_acd_announce  etharp.o
    0x08005a90   0x08005a90   0x00000038   Code   RO         1278    .text.etharp_acd_probe  etharp.o
    0x08005ac8   0x08005ac8   0x00000044   Code   RO         1260    .text.etharp_cleanup_netif  etharp.o
    0x08005b0c   0x08005b0c   0x000001d4   Code   RO         1264    .text.etharp_find_entry  etharp.o
    0x08005ce0   0x08005ce0   0x000001a8   Code   RO         1268    .text.etharp_input  etharp.o
    0x08005e88   0x08005e88   0x00000280   Code   RO         1272    .text.etharp_output  etharp.o
    0x08006108   0x08006108   0x000000f4   Code   RO         1274    .text.etharp_output_to_arp_index  etharp.o
    0x080061fc   0x080061fc   0x000001d4   Code   RO         1276    .text.etharp_query  etharp.o
    0x080063d0   0x080063d0   0x00000144   Code   RO         1270    .text.etharp_raw    etharp.o
    0x08006514   0x08006514   0x000000b0   Code   RO         1256    .text.etharp_tmr    etharp.o
    0x080065c4   0x080065c4   0x000000d8   Code   RO         1123    .text.ethernet_input  ethernet.o
    0x0800669c   0x0800669c   0x000000f8   Code   RO         1125    .text.ethernet_output  ethernet.o
    0x08006794   0x08006794   0x00000134   Code   RO         1872    .text.ethernetif_init  ethernetif.o
    0x080068c8   0x080068c8   0x00000278   Code   RO         1870    .text.ethernetif_input  ethernetif.o
    0x08006b40   0x08006b40   0x00000008   Code   RO         1289    .text.icmp_dest_unreach  icmp.o
    0x08006b48   0x08006b48   0x00000238   Code   RO         1287    .text.icmp_input    icmp.o
    0x08006d80   0x08006d80   0x000000e8   Code   RO         1291    .text.icmp_send_response  icmp.o
    0x08006e68   0x08006e68   0x00000008   Code   RO         1293    .text.icmp_time_exceeded  icmp.o
    0x08006e70   0x08006e70   0x000000fc   Code   RO         1743    .text.inet_chksum_pbuf  inet_chksum.o
    0x08006f6c   0x08006f6c   0x00000160   Code   RO         1030    .text.initITSboard  init.o
    0x080070cc   0x080070cc   0x0000004e   Code   RO         1789    .text.init_lwip_stack  lwip_interface.o
    0x0800711a   0x0800711a   0x00000002   PAD
    0x0800711c   0x0800711c   0x00000030   Code   RO         1148    .text.ip4_addr_isbroadcast_u32  ip4_addr.o
    0x0800714c   0x0800714c   0x0000025c   Code   RO         1172    .text.ip4_frag      ip4_frag.o
    0x080073a8   0x080073a8   0x00000234   Code   RO         1134    .text.ip4_input     ip4.o
    0x080075dc   0x080075dc   0x00000026   Code   RO         1136    .text.ip4_output_if  ip4.o
    0x08007602   0x08007602   0x00000002   PAD
    0x08007604   0x08007604   0x0000014c   Code   RO         1138    .text.ip4_output_if_src  ip4.o
    0x08007750   0x08007750   0x00000608   Code   RO         1170    .text.ip4_reass     ip4_frag.o
    0x08007d58   0x08007d58   0x0000007c   Code   RO         1132    .text.ip4_route     ip4.o
    0x08007dd4   0x08007dd4   0x0000019c   Code   RO         1154    .text.ip4addr_aton  ip4_addr.o
    0x08007f70   0x08007f70   0x0000036c   Code   RO         1158    .text.ip4addr_ntoa_r  ip4_addr.o
    0x080082dc   0x080082dc   0x00000194   Code   RO         1168    .text.ip_reass_free_complete_datagram  ip4_frag.o
    0x08008470   0x08008470   0x0000003a   Code   RO         1166    .text.ip_reass_tmr  ip4_frag.o
    0x080084aa   0x080084aa   0x00000002   PAD
    0x080084ac   0x080084ac   0x0000004c   Code   RO         1174    .text.ipfrag_free_pbuf_custom  ip4_frag.o
    0x080084f8   0x080084f8   0x00000068   Code   RO         1838    .text.isButtonPressed  input.o
    0x08008560   0x08008560   0x000001de   Code   RO          970    .text.itoa          LCD_Tools.o
    0x0800873e   0x0800873e   0x00000002   PAD
    0x08008740   0x08008740   0x00000028   Code   RO         1019    .text.lcdGotoXY     lcd.o
    0x08008768   0x08008768   0x0000014c   Code   RO         1007    .text.lcdPrintS     lcd.o
    0x080088b4   0x080088b4   0x0000003a   Code   RO         1013    .text.lcdPrintlnS   lcd.o
    0x080088ee   0x080088ee   0x00000002   PAD
    0x080088f0   0x080088f0   0x000001e2   Code   RO         1874    .text.low_level_output  ethernetif.o
    0x08008ad2   0x08008ad2   0x00000002   PAD
    0x08008ad4   0x08008ad4   0x00000160   Code   RO         1678    .text.lwip_cyclic_timer  timeouts.o
    0x08008c34   0x08008c34   0x00000004   Code   RO         1300    .text.lwip_htonl    def.o
    0x08008c38   0x08008c38   0x00000004   Code   RO         1298    .text.lwip_htons    def.o
    0x08008c3c   0x08008c3c   0x00000022   Code   RO         1747    .text.lwip_init     init.o
    0x08008c5e   0x08008c5e   0x00000002   PAD
    0x08008c60   0x08008c60   0x0000005c   Code   RO         1772    .text.main          main.o
    0x08008cbc   0x08008cbc   0x00000078   Code   RO         1322    .text.mem_free      mem.o
    0x08008d34   0x08008d34   0x00000002   Code   RO         1316    .text.mem_init      mem.o
    0x08008d36   0x08008d36   0x00000002   PAD
    0x08008d38   0x08008d38   0x00000060   Code   RO         1320    .text.mem_malloc    mem.o
    0x08008d98   0x08008d98   0x00000002   Code   RO         1318    .text.mem_trim      mem.o
    0x08008d9a   0x08008d9a   0x00000002   PAD
    0x08008d9c   0x08008d9c   0x0000005c   Code   RO         1339    .text.memp_free     memp.o
    0x08008df8   0x08008df8   0x00000154   Code   RO         1331    .text.memp_init     memp.o
    0x08008f4c   0x08008f4c   0x0000006e   Code   RO         1335    .text.memp_malloc   memp.o
    0x08008fba   0x08008fba   0x00000002   PAD
    0x08008fbc   0x08008fbc   0x00000150   Code   RO         1387    .text.netif_add     netif.o
    0x0800910c   0x0800910c   0x0000004a   Code   RO         1791    .text.netif_config  lwip_interface.o
    0x08009156   0x08009156   0x00000002   PAD
    0x08009158   0x08009158   0x00000054   Code   RO         1421    .text.netif_get_by_index  netif.o
    0x080091ac   0x080091ac   0x00000002   Code   RO         1381    .text.netif_init    netif.o
    0x080091ae   0x080091ae   0x00000002   PAD
    0x080091b0   0x080091b0   0x00000006   Code   RO         1389    .text.netif_null_output_ip4  netif.o
    0x080091b6   0x080091b6   0x00000002   PAD
    0x080091b8   0x080091b8   0x000000d4   Code   RO         1391    .text.netif_set_addr  netif.o
    0x0800928c   0x0800928c   0x0000000c   Code   RO         1403    .text.netif_set_default  netif.o
    0x08009298   0x08009298   0x00000034   Code   RO         1401    .text.netif_set_down  netif.o
    0x080092cc   0x080092cc   0x0000001c   Code   RO         1405    .text.netif_set_up  netif.o
    0x080092e8   0x080092e8   0x0000006e   Code   RO         1439    .text.pbuf_add_header  pbuf.o
    0x08009356   0x08009356   0x00000002   PAD
    0x08009358   0x08009358   0x0000017c   Code   RO         1429    .text.pbuf_alloc    pbuf.o
    0x080094d4   0x080094d4   0x0000003e   Code   RO         1435    .text.pbuf_alloced_custom  pbuf.o
    0x08009512   0x08009512   0x00000002   PAD
    0x08009514   0x08009514   0x000000f8   Code   RO         1457    .text.pbuf_cat      pbuf.o
    0x0800960c   0x0800960c   0x00000046   Code   RO         1459    .text.pbuf_chain    pbuf.o
    0x08009652   0x08009652   0x00000002   PAD
    0x08009654   0x08009654   0x00000034   Code   RO         1453    .text.pbuf_clen     pbuf.o
    0x08009688   0x08009688   0x00000050   Code   RO         1479    .text.pbuf_clone    pbuf.o
    0x080096d8   0x080096d8   0x00000012   Code   RO         1463    .text.pbuf_copy     pbuf.o
    0x080096ea   0x080096ea   0x00000002   PAD
    0x080096ec   0x080096ec   0x00000064   Code   RO         1467    .text.pbuf_copy_partial  pbuf.o
    0x08009750   0x08009750   0x00000144   Code   RO         1465    .text.pbuf_copy_partial_pbuf  pbuf.o
    0x08009894   0x08009894   0x0000011c   Code   RO         1433    .text.pbuf_free     pbuf.o
    0x080099b0   0x080099b0   0x00000006   Code   RO         1449    .text.pbuf_header_force  pbuf.o
    0x080099b6   0x080099b6   0x00000002   PAD
    0x080099b8   0x080099b8   0x000000be   Code   RO         1447    .text.pbuf_header_impl  pbuf.o
    0x08009a76   0x08009a76   0x00000002   PAD
    0x08009a78   0x08009a78   0x00000178   Code   RO         1437    .text.pbuf_realloc  pbuf.o
    0x08009bf0   0x08009bf0   0x00000040   Code   RO         1455    .text.pbuf_ref      pbuf.o
    0x08009c30   0x08009c30   0x00000056   Code   RO         1443    .text.pbuf_remove_header  pbuf.o
    0x08009c86   0x08009c86   0x00000002   PAD
    0x08009c88   0x08009c88   0x000000a0   Code   RO          989    .text.printDebugMsg  LCD_Debug.o
    0x08009d28   0x08009d28   0x000000b0   Code   RO         1840    .text.processButtonInput  input.o
    0x08009dd8   0x08009dd8   0x000000f0   Code   RO         1842    .text.processKeypadInput  input.o
    0x08009ec8   0x08009ec8   0x000001b8   Code   RO         1820    .text.selectServer  udp_client.o
    0x0800a080   0x0800a080   0x000000d4   Code   RO         1824    .text.sendMsg       udp_client.o
    0x0800a154   0x0800a154   0x0000006c   Code   RO         1834    .text.setLed        output.o
    0x0800a1c0   0x0800a1c0   0x00000002   Code   RO         1751    .text.stats_init    stats.o
    0x0800a1c2   0x0800a1c2   0x00000002   PAD
    0x0800a1c4   0x0800a1c4   0x00000044   Code   RO         1115    .text.stdinout_init  stdinout_USART.o
    0x0800a208   0x0800a208   0x0000004e   Code   RO         1682    .text.sys_check_timeouts  timeouts.o
    0x0800a256   0x0800a256   0x00000002   PAD
    0x0800a258   0x0800a258   0x00000004   Code   RO         1798    .text.sys_now       sys_arch.o
    0x0800a25c   0x0800a25c   0x0000010c   Code   RO         1672    .text.sys_timeout   timeouts.o
    0x0800a368   0x0800a368   0x0000005a   Code   RO         1676    .text.sys_timeouts_init  timeouts.o
    0x0800a3c2   0x0800a3c2   0x00000002   PAD
    0x0800a3c4   0x0800a3c4   0x000001c0   Code   RO         1512    .text.tcp_abandon   tcp.o
    0x0800a584   0x0800a584   0x00000006   Code   RO         1518    .text.tcp_abort     tcp.o
    0x0800a58a   0x0800a58a   0x00000002   PAD
    0x0800a58c   0x0800a58c   0x000002be   Code   RO         1552    .text.tcp_alloc     tcp.o
    0x0800a84a   0x0800a84a   0x00000002   PAD
    0x0800a84c   0x0800a84c   0x00000314   Code   RO         1508    .text.tcp_close_shutdown  tcp.o
    0x0800ab60   0x0800ab60   0x00000128   Code   RO         1631    .text.tcp_create_segment  tcp_out.o
    0x0800ac88   0x0800ac88   0x00000070   Code   RO         1538    .text.tcp_eff_send_mss_netif  tcp.o
    0x0800acf8   0x0800acf8   0x0000021c   Code   RO         1637    .text.tcp_enqueue_flags  tcp_out.o
    0x0800af14   0x0800af14   0x000000cc   Code   RO         1502    .text.tcp_fasttmr   tcp.o
    0x0800afe0   0x0800afe0   0x00000038   Code   RO         1498    .text.tcp_free      tcp.o
    0x0800b018   0x0800b018   0x00000118   Code   RO         1609    .text.tcp_free_acked_segments  tcp_in.o
    0x0800b130   0x0800b130   0x00000002   Code   RO         1496    .text.tcp_init      tcp.o
    0x0800b132   0x0800b132   0x00000002   PAD
    0x0800b134   0x0800b134   0x0000073c   Code   RO         1593    .text.tcp_input     tcp_in.o
    0x0800b870   0x0800b870   0x00000042   Code   RO         1601    .text.tcp_input_delayed_close  tcp_in.o
    0x0800b8b2   0x0800b8b2   0x00000002   PAD
    0x0800b8b4   0x0800b8b4   0x000000dc   Code   RO         1661    .text.tcp_keepalive  tcp_out.o
    0x0800b990   0x0800b990   0x00000066   Code   RO         1554    .text.tcp_kill_prio  tcp.o
    0x0800b9f6   0x0800b9f6   0x00000002   PAD
    0x0800b9f8   0x0800b9f8   0x00000172   Code   RO         1597    .text.tcp_listen_input  tcp_in.o
    0x0800bb6a   0x0800bb6a   0x00000002   PAD
    0x0800bb6c   0x0800bb6c   0x000000ac   Code   RO         1572    .text.tcp_netif_ip_addr_changed  tcp.o
    0x0800bc18   0x0800bc18   0x00000060   Code   RO         1536    .text.tcp_next_iss  tcp.o
    0x0800bc78   0x0800bc78   0x0000043c   Code   RO         1639    .text.tcp_output    tcp_out.o
    0x0800c0b4   0x0800c0b4   0x000000c0   Code   RO         1665    .text.tcp_output_alloc_header_common  tcp_out.o
    0x0800c174   0x0800c174   0x0000006a   Code   RO         1657    .text.tcp_output_control_segment  tcp_out.o
    0x0800c1de   0x0800c1de   0x00000002   PAD
    0x0800c1e0   0x0800c1e0   0x00000220   Code   RO         1605    .text.tcp_parseopt  tcp_in.o
    0x0800c400   0x0800c400   0x00000086   Code   RO         1540    .text.tcp_pcb_purge  tcp.o
    0x0800c486   0x0800c486   0x00000002   PAD
    0x0800c488   0x0800c488   0x0000015c   Code   RO         1514    .text.tcp_pcb_remove  tcp.o
    0x0800c5e4   0x0800c5e4   0x000005e8   Code   RO         1599    .text.tcp_process   tcp_in.o
    0x0800cbcc   0x0800cbcc   0x00000082   Code   RO         1542    .text.tcp_process_refused_data  tcp.o
    0x0800cc4e   0x0800cc4e   0x00000002   PAD
    0x0800cc50   0x0800cc50   0x000005bc   Code   RO         1607    .text.tcp_receive   tcp_in.o
    0x0800d20c   0x0800d20c   0x00000048   Code   RO         1546    .text.tcp_recv_null  tcp.o
    0x0800d254   0x0800d254   0x000000c4   Code   RO         1532    .text.tcp_recved    tcp.o
    0x0800d318   0x0800d318   0x000000b4   Code   RO         1649    .text.tcp_rexmit    tcp_out.o
    0x0800d3cc   0x0800d3cc   0x000000ec   Code   RO         1651    .text.tcp_rexmit_fast  tcp_out.o
    0x0800d4b8   0x0800d4b8   0x000000f4   Code   RO         1647    .text.tcp_rexmit_rto  tcp_out.o
    0x0800d5ac   0x0800d5ac   0x00000060   Code   RO         1645    .text.tcp_rexmit_rto_commit  tcp_out.o
    0x0800d60c   0x0800d60c   0x000000e8   Code   RO         1643    .text.tcp_rexmit_rto_prepare  tcp_out.o
    0x0800d6f4   0x0800d6f4   0x00000038   Code   RO         1653    .text.tcp_rst       tcp_out.o
    0x0800d72c   0x0800d72c   0x000000a4   Code   RO         1655    .text.tcp_rst_common  tcp_out.o
    0x0800d7d0   0x0800d7d0   0x0000005e   Code   RO         1659    .text.tcp_rst_netif  tcp_out.o
    0x0800d82e   0x0800d82e   0x00000002   PAD
    0x0800d830   0x0800d830   0x00000020   Code   RO         1548    .text.tcp_seg_free  tcp.o
    0x0800d850   0x0800d850   0x000000f8   Code   RO         1641    .text.tcp_send_empty_ack  tcp_out.o
    0x0800d948   0x0800d948   0x0000009c   Code   RO         1635    .text.tcp_send_fin  tcp_out.o
    0x0800d9e4   0x0800d9e4   0x0000058c   Code   RO         1504    .text.tcp_slowtmr   tcp.o
    0x0800df70   0x0800df70   0x00000210   Code   RO         1633    .text.tcp_split_unsent_seg  tcp_out.o
    0x0800e180   0x0800e180   0x00000042   Code   RO         1670    .text.tcp_timer_needed  timeouts.o
    0x0800e1c2   0x0800e1c2   0x00000002   PAD
    0x0800e1c4   0x0800e1c4   0x000000a2   Code   RO         1595    .text.tcp_timewait_input  tcp_in.o
    0x0800e266   0x0800e266   0x00000002   PAD
    0x0800e268   0x0800e268   0x00000022   Code   RO         1500    .text.tcp_tmr       tcp.o
    0x0800e28a   0x0800e28a   0x00000002   PAD
    0x0800e28c   0x0800e28c   0x00000012   Code   RO         1603    .text.tcp_trigger_input_pcb_close  tcp_in.o
    0x0800e29e   0x0800e29e   0x00000002   PAD
    0x0800e2a0   0x0800e2a0   0x00000084   Code   RO         1530    .text.tcp_update_rcv_ann_wnd  tcp.o
    0x0800e324   0x0800e324   0x00000160   Code   RO         1663    .text.tcp_zero_window_probe  tcp_out.o
    0x0800e484   0x0800e484   0x00000040   Code   RO         1674    .text.tcpip_tcp_timer  timeouts.o
    0x0800e4c4   0x0800e4c4   0x0000000a   Code   RO         1785    .text.toggleGPIO    led.o
    0x0800e4ce   0x0800e4ce   0x00000002   PAD
    0x0800e4d0   0x0800e4d0   0x00000144   Code   RO         1708    .text.udp_bind      udp.o
    0x0800e614   0x0800e614   0x000000f4   Code   RO         1816    .text.udp_client_init  udp_client.o
    0x0800e708   0x0800e708   0x00000150   Code   RO         1818    .text.udp_client_recv_callback  udp_client.o
    0x0800e858   0x0800e858   0x0000015e   Code   RO         1712    .text.udp_connect   udp.o
    0x0800e9b6   0x0800e9b6   0x00000002   PAD
    0x0800e9b8   0x0800e9b8   0x00000018   Code   RO         1714    .text.udp_disconnect  udp.o
    0x0800e9d0   0x0800e9d0   0x00000002   Code   RO         1696    .text.udp_init      udp.o
    0x0800e9d2   0x0800e9d2   0x00000002   PAD
    0x0800e9d4   0x0800e9d4   0x0000028c   Code   RO         1698    .text.udp_input     udp.o
    0x0800ec60   0x0800ec60   0x00000076   Code   RO         1724    .text.udp_netif_ip_addr_changed  udp.o
    0x0800ecd6   0x0800ecd6   0x00000002   PAD
    0x0800ecd8   0x0800ecd8   0x00000026   Code   RO         1720    .text.udp_new       udp.o
    0x0800ecfe   0x0800ecfe   0x00000002   PAD
    0x0800ed00   0x0800ed00   0x0000000a   Code   RO         1716    .text.udp_recv      udp.o
    0x0800ed0a   0x0800ed0a   0x00000002   PAD
    0x0800ed0c   0x0800ed0c   0x0000004c   Code   RO         1718    .text.udp_remove    udp.o
    0x0800ed58   0x0800ed58   0x0000007c   Code   RO         1702    .text.udp_sendto    udp.o
    0x0800edd4   0x0800edd4   0x00000052   Code   RO         1704    .text.udp_sendto_if  udp.o
    0x0800ee26   0x0800ee26   0x00000002   PAD
    0x0800ee28   0x0800ee28   0x00000224   Code   RO         1706    .text.udp_sendto_if_src  udp.o
    0x0800f04c   0x0800f04c   0x00000020   Code   RO         2044    i.__0printf$3       mc_w.l(printf3.o)
    0x0800f06c   0x0800f06c   0x00000034   Code   RO         2045    i.__0snprintf$3     mc_w.l(printf3.o)
    0x0800f0a0   0x0800f0a0   0x0000000e   Code   RO         2324    i.__scatterload_copy  mc_w.l(handlers.o)
    0x0800f0ae   0x0800f0ae   0x00000002   Code   RO         2325    i.__scatterload_null  mc_w.l(handlers.o)
    0x0800f0b0   0x0800f0b0   0x0000000e   Code   RO         2326    i.__scatterload_zeroinit  mc_w.l(handlers.o)
    0x0800f0be   0x0800f0be   0x00000002   PAD
    0x0800f0c0   0x0800f0c0   0x000001b8   Code   RO         2051    i._printf_core      mc_w.l(printf3.o)
    0x0800f278   0x0800f278   0x00000016   Code   RO         2052    i._snputc           mc_w.l(printf3.o)
    0x0800f28e   0x0800f28e   0x00000012   Code   RO         2266    i.fputc             mc_w.l(fputc.o)
    0x0800f2a0   0x0800f2a0   0x00000050   Code   RO         2216    i.free              mc_w.l(malloc.o)
    0x0800f2f0   0x0800f2f0   0x0000006c   Code   RO         2217    i.malloc            mc_w.l(malloc.o)
    0x0800f35c   0x0800f35c   0x00000081   Data   RO         1910    .constdata          mc_w.l(ctype_o.o)
    0x0800f3dd   0x0800f3dd   0x00000003   PAD
    0x0800f3e0   0x0800f3e0   0x00000004   Data   RO         1911    .constdata          mc_w.l(ctype_o.o)
    0x0800f3e4   0x0800f3e4   0x00000010   Data   RO           59    .rodata.AHBPrescTable  system_stm32f4xx.o
    0x0800f3f4   0x0800f3f4   0x00000008   Data   RO           60    .rodata.APBPrescTable  system_stm32f4xx.o
    0x0800f3fc   0x0800f3fc   0x00000038   Data   RO         1107    .rodata.Driver_USART3  USART_STM32F4xx.o
    0x0800f434   0x0800f434   0x00000034   Data   RO         1112    .rodata.USART3_Resources  USART_STM32F4xx.o
    0x0800f468   0x0800f468   0x0000000c   Data   RO         1109    .rodata.USART3_rx   USART_STM32F4xx.o
    0x0800f474   0x0800f474   0x0000000c   Data   RO         1108    .rodata.USART3_tx   USART_STM32F4xx.o
    0x0800f480   0x0800f480   0x00000006   Data   RO         1127    .rodata.ethbroadcast  ethernet.o
    0x0800f486   0x0800f486   0x00000006   Data   RO         1128    .rodata.ethzero     ethernet.o
    0x0800f48c   0x0800f48c   0x00000067   Data   RO          889    .rodata.initCmds    LCD_Driver.o
    0x0800f4f3   0x0800f4f3   0x00000001   PAD
    0x0800f4f4   0x0800f4f4   0x00000004   Data   RO         1160    .rodata.ip_addr_any  ip4_addr.o
    0x0800f4f8   0x0800f4f8   0x00000004   Data   RO         1161    .rodata.ip_addr_broadcast  ip4_addr.o
    0x0800f4fc   0x0800f4fc   0x00000040   Data   RO         1831    .rodata.led_pins    udp_client.o
    0x0800f53c   0x0800f53c   0x00000040   Data   RO         1847    .rodata.led_pins    input.o
    0x0800f57c   0x0800f57c   0x00000030   Data   RO         1688    .rodata.lwip_cyclic_timers  timeouts.o
    0x0800f5ac   0x0800f5ac   0x00000014   Data   RO         1365    .rodata.memp_FRAG_PBUF  memp.o
    0x0800f5c0   0x0800f5c0   0x00000014   Data   RO         1373    .rodata.memp_PBUF   memp.o
    0x0800f5d4   0x0800f5d4   0x00000014   Data   RO         1377    .rodata.memp_PBUF_POOL  memp.o
    0x0800f5e8   0x0800f5e8   0x00000014   Data   RO         1361    .rodata.memp_REASSDATA  memp.o
    0x0800f5fc   0x0800f5fc   0x00000014   Data   RO         1369    .rodata.memp_SYS_TIMEOUT  memp.o
    0x0800f610   0x0800f610   0x00000014   Data   RO         1349    .rodata.memp_TCP_PCB  memp.o
    0x0800f624   0x0800f624   0x00000014   Data   RO         1353    .rodata.memp_TCP_PCB_LISTEN  memp.o
    0x0800f638   0x0800f638   0x00000014   Data   RO         1357    .rodata.memp_TCP_SEG  memp.o
    0x0800f64c   0x0800f64c   0x00000014   Data   RO         1345    .rodata.memp_UDP_PCB  memp.o
    0x0800f660   0x0800f660   0x00000024   Data   RO         1378    .rodata.memp_pools  memp.o
    0x0800f684   0x0800f684   0x00000043   Data   RO          914    .rodata.str1.1      LCD_GUI.o
    0x0800f6c7   0x0800f6c7   0x00000043   Data   RO          944    .rodata.str1.1      LCD_SPI.o
    0x0800f70a   0x0800f70a   0x00000043   Data   RO          961    .rodata.str1.1      LCD_TIM.o
    0x0800f74d   0x0800f74d   0x00000028   Data   RO         1129    .rodata.str1.1      ethernet.o
    0x0800f775   0x0800f775   0x00000049   Data   RO         1142    .rodata.str1.1      ip4.o
    0x0800f7be   0x0800f7be   0x00000042   Data   RO         1162    .rodata.str1.1      ip4_addr.o
    0x0800f800   0x0800f800   0x0000005b   Data   RO         1178    .rodata.str1.1      ip4_frag.o
    0x0800f85b   0x0800f85b   0x0000003d   Data   RO         1197    .rodata.str1.1      acd.o
    0x0800f898   0x0800f898   0x000000a4   Data   RO         1248    .rodata.str1.1      dhcp.o
    0x0800f93c   0x0800f93c   0x0000009e   Data   RO         1283    .rodata.str1.1      etharp.o
    0x0800f9da   0x0800f9da   0x0000003e   Data   RO         1295    .rodata.str1.1      icmp.o
    0x0800fa18   0x0800fa18   0x00000038   Data   RO         1326    .rodata.str1.1      mem.o
    0x0800fa50   0x0800fa50   0x000000da   Data   RO         1341    .rodata.str1.1      memp.o
    0x0800fb2a   0x0800fb2a   0x0000003a   Data   RO         1423    .rodata.str1.1      netif.o
    0x0800fb64   0x0800fb64   0x0000006e   Data   RO         1493    .rodata.str1.1      pbuf.o
    0x0800fbd2   0x0800fbd2   0x00000181   Data   RO         1583    .rodata.str1.1      tcp.o
    0x0800fd53   0x0800fd53   0x00000160   Data   RO         1611    .rodata.str1.1      tcp_in.o
    0x0800feb3   0x0800feb3   0x000000ca   Data   RO         1667    .rodata.str1.1      tcp_out.o
    0x0800ff7d   0x0800ff7d   0x0000007a   Data   RO         1691    .rodata.str1.1      timeouts.o
    0x0800fff7   0x0800fff7   0x00000038   Data   RO         1726    .rodata.str1.1      udp.o
    0x0801002f   0x0801002f   0x0000008c   Data   RO         1829    .rodata.str1.1      udp_client.o
    0x080100bb   0x080100bb   0x00000018   Data   RO         1848    .rodata.str1.1      input.o
    0x080100d3   0x080100d3   0x00000048   Data   RO         1885    .rodata.str1.1      ethernetif.o
    0x0801011b   0x0801011b   0x0000000d   Data   RO         1588    .rodata.tcp_backoff  tcp.o
    0x08010128   0x08010128   0x00000020   Data   RO         2323    Region$$Table       anon$$obj.o


    Execution Region RW_IRAM1 (Exec base: 0x20000000, Load base: 0x08010148, Size: 0x000077b0, Max: 0x00030000, ABSOLUTE)

    Exec Addr    Load Addr    Size         Type   Attr      Idx    E Section Name        Object

    0x20000000   0x08010148   0x00000004   Data   RW         2270    .data               mc_w.l(stdout.o)
    0x20000004   0x0801014c   0x00000004   Data   RW         2286    .data               mc_w.l(mvars.o)
    0x20000008   0x08010150   0x00000004   Data   RW         2287    .data               mc_w.l(mvars.o)
    0x2000000c   0x08010154   0x00000008   Data   RW          851    .data.Font16FLASH   fontsFLASH.o
    0x20000014   0x0801015c   0x00000004   Data   RW           58    .data.SystemCoreClock  system_stm32f4xx.o
    0x20000018   0x08010160   0x00000004   Data   RW         1023    .data.crd           lcd.o
    0x2000001c   0x08010164   0x00000004   Data   RW         1253    .data.dhcp_create_msg.xid  dhcp.o
    0x20000020   0x08010168   0x00000004   Data   RW         1024    .data.fontHeight    lcd.o
    0x20000024   0x0801016c   0x00000004   Data   RW         1022    .data.fontWidth     lcd.o
    0x20000028   0x08010170   0x00000004   Data   RW         1025    .data.lcdFont       lcd.o
    0x2000002c   0x08010174   0x00000004   Data   RW         1021    .data.lcdmaxx       lcd.o
    0x20000030   0x08010178   0x00000004   Data   RW         1026    .data.lcdmaxy       lcd.o
    0x20000034   0x0801017c   0x00000004   Data   RW         1884    .data.packageAvailableBinSem  ethernetif.o
    0x20000038   0x08010180   0x00000004   Data   RW          945    .data.save_restore_AltFn_SPI1_MOSI_Pin.saved_AF  LCD_SPI.o
    0x2000003c   0x08010184   0x00000040   Data   RW         1779    .data.taskList      main.o
    0x2000007c   0x080101c4   0x00000004   Data   RW         1589    .data.tcp_next_iss.iss  tcp.o
    0x20000080   0x080101c8   0x00000002   Data   RW         1728    .data.udp_port      udp.o
    0x20000082   0x080101ca   0x00000001   Data   RW          259    .data.uwTickFreq    stm32f4xx_hal.o
    0x20000083   0x080101cb   0x00000001   PAD
    0x20000084   0x080101cc   0x00000004   Data   RW          258    .data.uwTickPrio    stm32f4xx_hal.o
    0x20000088        -       0x000000a0   Zero   RW         1887    .bss.DMARxDscrTab   ethernetif.o
    0x20000128        -       0x000000a0   Zero   RW         1888    .bss.DMATxDscrTab   ethernetif.o
    0x200001c8        -       0x00000048   Zero   RW         1886    .bss.EthHandle      ethernetif.o
    0x20000210        -       0x00001dc4   Zero   RW         1889    .bss.Rx_Buff        ethernetif.o
    0x20001fd4        -       0x00001dc4   Zero   RW         1890    .bss.Tx_Buff        ethernetif.o
    0x20003d98        -       0x00000014   Zero   RW         1110    .bss.USART3_Info    USART_STM32F4xx.o
    0x20003dac        -       0x00000024   Zero   RW         1111    .bss.USART3_TransferInfo  USART_STM32F4xx.o
    0x20003dd0        -       0x00000004   Zero   RW         1617    .bss.ackno          tcp_in.o
    0x20003dd4        -       0x000000f0   Zero   RW         1282    .bss.arp_table      etharp.o
    0x20003ec4   0x080101d0   0x00000004   PAD
    0x20003ec8        -       0x00000008   Zero   RW         1781    .bss.currentTime    main.o
    0x20003ed0        -       0x00000004   Zero   RW         1693    .bss.current_timeout_due_time  timeouts.o
    0x20003ed4        -       0x00000004   Zero   RW         1249    .bss.dhcp_pcb       dhcp.o
    0x20003ed8        -       0x00000001   Zero   RW         1250    .bss.dhcp_pcb_refcount  dhcp.o
    0x20003ed9   0x080101d0   0x00000007   PAD
    0x20003ee0        -       0x00000008   Zero   RW         1251    .bss.dhcp_rx_options_given  dhcp.o
    0x20003ee8        -       0x00000020   Zero   RW         1252    .bss.dhcp_rx_options_val  dhcp.o
    0x20003f08        -       0x00000001   Zero   RW         1284    .bss.etharp_cached_entry  etharp.o
    0x20003f09        -       0x00000001   Zero   RW         1618    .bss.flags          tcp_in.o
    0x20003f0a        -       0x00000001   Zero   RW         1777    .bss.heartbeatStatus  main.o
    0x20003f0b   0x080101d0   0x00000001   PAD
    0x20003f0c        -       0x00000040   Zero   RW          960    .bss.htim4          LCD_TIM.o
    0x20003f4c        -       0x00000004   Zero   RW         1620    .bss.inseg.1        tcp_in.o
    0x20003f50        -       0x00000002   Zero   RW         1621    .bss.inseg.2        tcp_in.o
    0x20003f52   0x080101d0   0x00000002   PAD
    0x20003f54        -       0x00000004   Zero   RW         1622    .bss.inseg.3        tcp_in.o
    0x20003f58        -       0x00000018   Zero   RW         1146    .bss.ip_data        ip.o
    0x20003f70        -       0x00000002   Zero   RW         1143    .bss.ip_id          ip4.o
    0x20003f72        -       0x00000002   Zero   RW         1177    .bss.ip_reass_pbufcount  ip4_frag.o
    0x20003f74        -       0x00000044   Zero   RW         1795    .bss.its_brd_netif  lwip_interface.o
    0x20003fb8        -       0x00000001   Zero   RW         1778    .bss.keepAliveCounter  main.o
    0x20003fb9   0x080101d0   0x00000003   PAD
    0x20003fbc        -       0x00000004   Zero   RW         1865    .bss.last_irq_time.0  interrupt.o
    0x20003fc0        -       0x000000cc   Zero   RW         1762    .bss.lwip_stats     stats.o
    0x2000408c        -       0x0000016b   Zero   RW         1363    .bss.memp_memory_FRAG_PBUF_base  memp.o
    0x200041f7        -       0x00002103   Zero   RW         1375    .bss.memp_memory_PBUF_POOL_base  memp.o
    0x200062fa        -       0x000000a3   Zero   RW         1371    .bss.memp_memory_PBUF_base  memp.o
    0x2000639d        -       0x000000a3   Zero   RW         1359    .bss.memp_memory_REASSDATA_base  memp.o
    0x20006440        -       0x000000a3   Zero   RW         1367    .bss.memp_memory_SYS_TIMEOUT_base  memp.o
    0x200064e3        -       0x0000008f   Zero   RW         1351    .bss.memp_memory_TCP_PCB_LISTEN_base  memp.o
    0x20006572        -       0x0000035f   Zero   RW         1347    .bss.memp_memory_TCP_PCB_base  memp.o
    0x200068d1        -       0x000000c3   Zero   RW         1355    .bss.memp_memory_TCP_SEG_base  memp.o
    0x20006994        -       0x00000083   Zero   RW         1343    .bss.memp_memory_UDP_PCB_base  memp.o
    0x20006a17   0x080101d0   0x00000001   PAD
    0x20006a18        -       0x00000018   Zero   RW         1362    .bss.memp_stats_FRAG_PBUF  memp.o
    0x20006a30        -       0x00000018   Zero   RW         1370    .bss.memp_stats_PBUF  memp.o
    0x20006a48        -       0x00000018   Zero   RW         1374    .bss.memp_stats_PBUF_POOL  memp.o
    0x20006a60        -       0x00000018   Zero   RW         1358    .bss.memp_stats_REASSDATA  memp.o
    0x20006a78        -       0x00000018   Zero   RW         1366    .bss.memp_stats_SYS_TIMEOUT  memp.o
    0x20006a90        -       0x00000018   Zero   RW         1346    .bss.memp_stats_TCP_PCB  memp.o
    0x20006aa8        -       0x00000018   Zero   RW         1350    .bss.memp_stats_TCP_PCB_LISTEN  memp.o
    0x20006ac0        -       0x00000018   Zero   RW         1354    .bss.memp_stats_TCP_SEG  memp.o
    0x20006ad8        -       0x00000018   Zero   RW         1342    .bss.memp_stats_UDP_PCB  memp.o
    0x20006af0        -       0x00000004   Zero   RW         1364    .bss.memp_tab_FRAG_PBUF  memp.o
    0x20006af4        -       0x00000004   Zero   RW         1372    .bss.memp_tab_PBUF  memp.o
    0x20006af8        -       0x00000004   Zero   RW         1376    .bss.memp_tab_PBUF_POOL  memp.o
    0x20006afc        -       0x00000004   Zero   RW         1360    .bss.memp_tab_REASSDATA  memp.o
    0x20006b00        -       0x00000004   Zero   RW         1368    .bss.memp_tab_SYS_TIMEOUT  memp.o
    0x20006b04        -       0x00000004   Zero   RW         1348    .bss.memp_tab_TCP_PCB  memp.o
    0x20006b08        -       0x00000004   Zero   RW         1352    .bss.memp_tab_TCP_PCB_LISTEN  memp.o
    0x20006b0c        -       0x00000004   Zero   RW         1356    .bss.memp_tab_TCP_SEG  memp.o
    0x20006b10        -       0x00000004   Zero   RW         1344    .bss.memp_tab_UDP_PCB  memp.o
    0x20006b14        -       0x00000004   Zero   RW         1426    .bss.netif_default  netif.o
    0x20006b18        -       0x00000004   Zero   RW         1425    .bss.netif_list     netif.o
    0x20006b1c        -       0x00000001   Zero   RW         1424    .bss.netif_num      netif.o
    0x20006b1d   0x080101d0   0x00000003   PAD
    0x20006b20        -       0x00000004   Zero   RW         1692    .bss.next_timeout   timeouts.o
    0x20006b24   0x080101d0   0x00000004   PAD
    0x20006b28        -       0x00000008   Zero   RW         1780    .bss.oldTime        main.o
    0x20006b30        -       0x00000004   Zero   RW         1176    .bss.reassdatagrams  ip4_frag.o
    0x20006b34        -       0x00000004   Zero   RW         1625    .bss.recv_acked     tcp_in.o
    0x20006b38        -       0x00000004   Zero   RW         1623    .bss.recv_data      tcp_in.o
    0x20006b3c        -       0x00000001   Zero   RW         1624    .bss.recv_flags     tcp_in.o
    0x20006b3d   0x080101d0   0x00000003   PAD
    0x20006b40        -       0x00000018   Zero   RW          930    .bss.sTP_DEV        LCD_Touch.o
    0x20006b58        -       0x00000004   Zero   RW         1776    .bss.scheduleTimer  main.o
    0x20006b5c        -       0x00000004   Zero   RW         1857    .bss.seqNumber      message.o
    0x20006b60        -       0x00000004   Zero   RW         1616    .bss.seqno          tcp_in.o
    0x20006b64        -       0x00000004   Zero   RW         1830    .bss.server_ip      udp_client.o
    0x20006b68        -       0x00000001   Zero   RW         1846    .bss.shiftButtonPressed  input.o
    0x20006b69   0x080101d0   0x00000003   PAD
    0x20006b6c        -       0x00000004   Zero   RW         1580    .bss.tcp_active_pcbs  tcp.o
    0x20006b70        -       0x00000001   Zero   RW         1585    .bss.tcp_active_pcbs_changed  tcp.o
    0x20006b71   0x080101d0   0x00000003   PAD
    0x20006b74        -       0x00000004   Zero   RW         1579    .bss.tcp_bound_pcbs  tcp.o
    0x20006b78        -       0x00000004   Zero   RW         1626    .bss.tcp_input_pcb  tcp_in.o
    0x20006b7c        -       0x00000004   Zero   RW         1578    .bss.tcp_listen_pcbs  tcp.o
    0x20006b80        -       0x00000004   Zero   RW         1586    .bss.tcp_ticks      tcp.o
    0x20006b84        -       0x00000001   Zero   RW         1584    .bss.tcp_timer      tcp.o
    0x20006b85        -       0x00000001   Zero   RW         1587    .bss.tcp_timer_ctr  tcp.o
    0x20006b86   0x080101d0   0x00000002   PAD
    0x20006b88        -       0x00000004   Zero   RW         1581    .bss.tcp_tw_pcbs    tcp.o
    0x20006b8c        -       0x00000004   Zero   RW         1612    .bss.tcphdr         tcp_in.o
    0x20006b90        -       0x00000002   Zero   RW         1615    .bss.tcphdr_opt1len  tcp_in.o
    0x20006b92   0x080101d0   0x00000002   PAD
    0x20006b94        -       0x00000004   Zero   RW         1614    .bss.tcphdr_opt2    tcp_in.o
    0x20006b98        -       0x00000002   Zero   RW         1613    .bss.tcphdr_optlen  tcp_in.o
    0x20006b9a   0x080101d0   0x00000002   PAD
    0x20006b9c        -       0x00000001   Zero   RW         1690    .bss.tcpip_tcp_timer_active  timeouts.o
    0x20006b9d   0x080101d0   0x00000001   PAD
    0x20006b9e        -       0x00000002   Zero   RW         1619    .bss.tcplen         tcp_in.o
    0x20006ba0        -       0x00000004   Zero   RW         1828    .bss.udp_client_pcb  udp_client.o
    0x20006ba4        -       0x00000004   Zero   RW         1727    .bss.udp_pcbs       udp.o
    0x20006ba8        -       0x00000004   Zero   RW          260    .bss.uwTick         stm32f4xx_hal.o
    0x20006bac   0x080101d0   0x00000004   PAD
    0x20006bb0        -       0x00000800   Zero   RW           49    HEAP                startup_stm32f429xx.o
    0x200073b0        -       0x00000400   Zero   RW           48    STACK               startup_stm32f429xx.o


==============================================================================

Image component sizes


      Code (inc. data)   RO Data    RW Data    ZI Data      Debug   Object Name

       160         32          0          0          0         56   LCD_Debug.o
      1618          0        103          0          0        228   LCD_Driver.o
       316          0          0          0          0         60   LCD_GPIO.o
       580          0         67          0          0        372   LCD_GUI.o
       484          0         67          4          0        124   LCD_SPI.o
       282          0         67          0         64        116   LCD_TIM.o
       604          0          0          0          0        112   LCD_Tools.o
        74          0          0          0         24        220   LCD_Touch.o
      3844         54        132          0         56        400   USART_STM32F4xx.o
       988         64         61          0          0        236   acd.o
         8          0          0          0          0        252   def.o
        12          0          0          0          0         36   delay.o
      5012        232        164          4         45        736   dhcp.o
       232          0          0          0          0         40   error.o
      2916        260        158          0        241        452   etharp.o
       464        116         52          0          0         80   ethernet.o
      1690         56         72          4      15632        248   ethernetif.o
         0          0          0          8          0          0   fontsFLASH.o
       816        148         62          0          0        132   icmp.o
       252          0          0          0          0        232   inet_chksum.o
       352          0          0          0          0         80   init.o
        34          0          0          0          0         44   init.o
       520         32         88          0          1        124   input.o
        70          0          0          0          4         60   interrupt.o
         0          0          0          0         24          0   ip.o
      1058         48         73          0          2        176   ip4.o
      1336         56         74          0          0        176   ip4_addr.o
      2686        236         91          0          6        184   ip4_frag.o
       430          0          0         24          0        236   lcd.o
        10          0          0          0          0         36   led.o
       194          0          0          0         68         96   lwip_interface.o
       350         12          0         64         22        132   main.o
       220         76         56          0          0        116   mem.o
       542          0        434          0      10887        180   memp.o
       162          0          0          0          4         84   message.o
       732         68         58          0          9        496   netif.o
       108          0          0          0          0         36   output.o
      2450        340        110          0          0        872   pbuf.o
        36          8        428          0       3072        276   startup_stm32f429xx.o
         2          0          0          0        204        148   stats.o
        68          0          0          0          0        104   stdinout_USART.o
       206          0          0          5          4        536   stm32f4xx_hal.o
       238          0          0          0          0        356   stm32f4xx_hal_cortex.o
      3378          0          0          0          0        572   stm32f4xx_hal_eth.o
       938          0          0          0          0        200   stm32f4xx_hal_gpio.o
       122          0          0          0          0        252   stm32f4xx_hal_pwr_ex.o
      1372          4          0          0          0        312   stm32f4xx_hal_rcc.o
       960          4          0          0          0       2196   stm32f4xx_hal_tim.o
       182          0          0          0          0        800   stm32f4xx_hal_tim_ex.o
        32          0          0          0          0        180   stm32f4xx_it.o
         4          0          0          0          0         36   sys_arch.o
        86          0         24          4          0         60   system_stm32f4xx.o
      5186        512        398          4         23       1032   tcp.o
      6272        484        352          0         46        316   tcp_in.o
      5024        780        202          0          0        668   tcp_out.o
       918         56        170          0          9        252   timeouts.o
      2348        128         56          2          4        424   udp.o
      1476        400        204          0          8        204   udp_client.o

    ----------------------------------------------------------------------
     60664       4206       3856        124      30504      16184   Object Totals
         0          0         32          0          0          0   (incl. Generated)
       210          0          1          1         45          0   (incl. Padding)

    ----------------------------------------------------------------------

      Code (inc. data)   RO Data    RW Data    ZI Data      Debug   Library Member Name

         8          4        133          0          0         68   ctype_o.o
         0          0          0          0          0          0   entry.o
         0          0          0          0          0          0   entry10a.o
         0          0          0          0          0          0   entry11a.o
         8          4          0          0          0          0   entry2.o
         4          0          0          0          0          0   entry5.o
         0          0          0          0          0          0   entry7b.o
         0          0          0          0          0          0   entry8b.o
         8          4          0          0          0          0   entry9a.o
        18          0          0          0          0         80   fputc.o
        30          0          0          0          0          0   handlers.o
        48         10          0          0          0         68   init.o
         0          0          0          0          0          0   iusesemip.o
        30          0          0          0          0         68   llshl.o
        32          0          0          0          0         68   llushr.o
       188         20          0          0          0        160   malloc.o
        26          0          0          0          0         80   memcmp.o
        64          0          0          0          0         76   memmovea.o
        36          0          0          0          0        108   memseta.o
         0          0          0          8          0          0   mvars.o
       546         18          0          0          0        340   printf3.o
         0          0          0          0          0          0   semi.o
         0          0          0          4          0          0   stdout.o
        14          0          0          0          0         68   strlen.o
        44          0          0          0          0         80   uidiv.o
        98          0          0          0          0         92   uldiv.o

    ----------------------------------------------------------------------
      1208         60        136         12          0       1356   Library Totals
         6          0          3          0          0          0   (incl. Padding)

    ----------------------------------------------------------------------

      Code (inc. data)   RO Data    RW Data    ZI Data      Debug   Library Name

      1202         60        133         12          0       1356   mc_w.l

    ----------------------------------------------------------------------
      1208         60        136         12          0       1356   Library Totals

    ----------------------------------------------------------------------

==============================================================================


      Code (inc. data)   RO Data    RW Data    ZI Data      Debug   

     61872       4266       3992        136      30504      16040   Grand Totals
     61872       4266       3992        136      30504      16040   ELF Image Totals
     61872       4266       3992        136          0          0   ROM Totals

==============================================================================

    Total RO  Size (Code + RO Data)                65864 (  64.32kB)
    Total RW  Size (RW Data + ZI Data)             30640 (  29.92kB)
    Total ROM Size (Code + RO Data + RW Data)      66000 (  64.45kB)

==============================================================================

